Archive member included to satisfy reference by file (symbol)

c:/program files (x86)/atmel/studio/7.0/toolchain/avr8/avr8-gnu-toolchain/bin/../lib/gcc/avr/5.4.0/avr5\libgcc.a(_udivmodsi4.o)
                              aze/base/Helpers/String/src/StringHelper.o (__udivmodsi4)
c:/program files (x86)/atmel/studio/7.0/toolchain/avr8/avr8-gnu-toolchain/bin/../lib/gcc/avr/5.4.0/avr5\libgcc.a(_exit.o)
                              C:/Program Files (x86)/Atmel/Studio/7.0/Packs/atmel/ATmega_DFP/1.7.374/gcc/dev/atmega32a/avr5/crtatmega32a.o (exit)
c:/program files (x86)/atmel/studio/7.0/toolchain/avr8/avr8-gnu-toolchain/bin/../lib/gcc/avr/5.4.0/avr5\libgcc.a(_tablejump2.o)
                              aze/base/SIMCOM/src/SIMCOM_State.o (__tablejump2__)
c:/program files (x86)/atmel/studio/7.0/toolchain/avr8/avr8-gnu-toolchain/bin/../lib/gcc/avr/5.4.0/avr5\libgcc.a(_copy_data.o)
                              aze/base/LCD_16X2/lcd.o (__do_copy_data)
c:/program files (x86)/atmel/studio/7.0/toolchain/avr8/avr8-gnu-toolchain/bin/../lib/gcc/avr/5.4.0/avr5\libgcc.a(_clear_bss.o)
                              aze/base/Helpers/Buffer/src/Buffer.o (__do_clear_bss)
c:/program files (x86)/atmel/studio/7.0/toolchain/avr8/avr8-gnu-toolchain/bin/../lib/gcc/avr/5.4.0/avr5\libgcc.a(_umulhisi3.o)
                              aze/base/LCD_16X2/lcd.o (__umulhisi3)
c:/program files (x86)/atmel/studio/7.0/toolchain/avr8/avr8-gnu-toolchain/bin/../lib/gcc/avr/5.4.0/../../../../avr/lib/avr5\libc.a(atoi.o)
                              aze/base/Helpers/String/src/StringHelper.o (atoi)
c:/program files (x86)/atmel/studio/7.0/toolchain/avr8/avr8-gnu-toolchain/bin/../lib/gcc/avr/5.4.0/../../../../avr/lib/avr5\libc.a(memcmp.o)
                              aze/base/Helpers/String/src/StringHelper.o (memcmp)
c:/program files (x86)/atmel/studio/7.0/toolchain/avr8/avr8-gnu-toolchain/bin/../lib/gcc/avr/5.4.0/../../../../avr/lib/avr5\libc.a(memcpy.o)
                              aze/Cosmic_App/MQTT_Application.o (memcpy)
c:/program files (x86)/atmel/studio/7.0/toolchain/avr8/avr8-gnu-toolchain/bin/../lib/gcc/avr/5.4.0/../../../../avr/lib/avr5\libc.a(strcmp.o)
                              aze/base/SIMCOM/src/SIMCOM_State.o (strcmp)
c:/program files (x86)/atmel/studio/7.0/toolchain/avr8/avr8-gnu-toolchain/bin/../lib/gcc/avr/5.4.0/../../../../avr/lib/avr5\libc.a(strcpy.o)
                              aze/base/SIMCOM/src/SIMCOM.o (strcpy)
c:/program files (x86)/atmel/studio/7.0/toolchain/avr8/avr8-gnu-toolchain/bin/../lib/gcc/avr/5.4.0/../../../../avr/lib/avr5\libc.a(strstr.o)
                              aze/base/Helpers/String/src/StringHelper.o (strstr)
c:/program files (x86)/atmel/studio/7.0/toolchain/avr8/avr8-gnu-toolchain/bin/../lib/gcc/avr/5.4.0/../../../../avr/lib/avr5\libc.a(mul10.o)
                              c:/program files (x86)/atmel/studio/7.0/toolchain/avr8/avr8-gnu-toolchain/bin/../lib/gcc/avr/5.4.0/../../../../avr/lib/avr5\libc.a(atoi.o) (__mulhi_const_10)
c:/program files (x86)/atmel/studio/7.0/toolchain/avr8/avr8-gnu-toolchain/bin/../lib/gcc/avr/5.4.0/../../../../avr/lib/avr5\libc.a(sprintf.o)
                              aze/base/SIMCOM/src/SIMCOM_State.o (sprintf)
c:/program files (x86)/atmel/studio/7.0/toolchain/avr8/avr8-gnu-toolchain/bin/../lib/gcc/avr/5.4.0/../../../../avr/lib/avr5\libc.a(vfprintf_std.o)
                              c:/program files (x86)/atmel/studio/7.0/toolchain/avr8/avr8-gnu-toolchain/bin/../lib/gcc/avr/5.4.0/../../../../avr/lib/avr5\libc.a(sprintf.o) (vfprintf)
c:/program files (x86)/atmel/studio/7.0/toolchain/avr8/avr8-gnu-toolchain/bin/../lib/gcc/avr/5.4.0/../../../../avr/lib/avr5\libc.a(strnlen_P.o)
                              c:/program files (x86)/atmel/studio/7.0/toolchain/avr8/avr8-gnu-toolchain/bin/../lib/gcc/avr/5.4.0/../../../../avr/lib/avr5\libc.a(vfprintf_std.o) (strnlen_P)
c:/program files (x86)/atmel/studio/7.0/toolchain/avr8/avr8-gnu-toolchain/bin/../lib/gcc/avr/5.4.0/../../../../avr/lib/avr5\libc.a(strnlen.o)
                              c:/program files (x86)/atmel/studio/7.0/toolchain/avr8/avr8-gnu-toolchain/bin/../lib/gcc/avr/5.4.0/../../../../avr/lib/avr5\libc.a(vfprintf_std.o) (strnlen)
c:/program files (x86)/atmel/studio/7.0/toolchain/avr8/avr8-gnu-toolchain/bin/../lib/gcc/avr/5.4.0/../../../../avr/lib/avr5\libc.a(fputc.o)
                              c:/program files (x86)/atmel/studio/7.0/toolchain/avr8/avr8-gnu-toolchain/bin/../lib/gcc/avr/5.4.0/../../../../avr/lib/avr5\libc.a(vfprintf_std.o) (fputc)
c:/program files (x86)/atmel/studio/7.0/toolchain/avr8/avr8-gnu-toolchain/bin/../lib/gcc/avr/5.4.0/../../../../avr/lib/avr5\libc.a(ultoa_invert.o)
                              c:/program files (x86)/atmel/studio/7.0/toolchain/avr8/avr8-gnu-toolchain/bin/../lib/gcc/avr/5.4.0/../../../../avr/lib/avr5\libc.a(vfprintf_std.o) (__ultoa_invert)
c:/program files (x86)/atmel/studio/7.0/toolchain/avr8/avr8-gnu-toolchain/bin/../lib/gcc/avr/5.4.0/avr5\libgcc.a(_prologue.o)
                              c:/program files (x86)/atmel/studio/7.0/toolchain/avr8/avr8-gnu-toolchain/bin/../lib/gcc/avr/5.4.0/../../../../avr/lib/avr5\libc.a(sprintf.o) (__prologue_saves__)
c:/program files (x86)/atmel/studio/7.0/toolchain/avr8/avr8-gnu-toolchain/bin/../lib/gcc/avr/5.4.0/avr5\libgcc.a(_epilogue.o)
                              c:/program files (x86)/atmel/studio/7.0/toolchain/avr8/avr8-gnu-toolchain/bin/../lib/gcc/avr/5.4.0/../../../../avr/lib/avr5\libc.a(sprintf.o) (__epilogue_restores__)

Allocating common symbols
Common symbol       size              file

ComIf_ShadowBuffer_Cloud_CommandDataStatus
                    0x8               aze/Gen/ComIf_Config.o
PublishPayload      0x40              aze/Cosmic_App/MQTT/src/MQTT_Publish.o
StringHelper_Buffer
                    0xff              aze/base/Helpers/String/src/StringHelper.o
CommandData         0x8               aze/Cosmic_App/MQTT_Application.o
ComIf_RxMessageBuffer_Cloud_RxCommandData
                    0x9               aze/Gen/ComIf_Config.o
APN_name            0x28              aze/base/SIMCOM/src/SIMCOM_State.o
BufferArray_SIMCOM  0xc8              aze/Gen/Buffer_Config.o
ComIfChannelTxBuffer_Cloud
                    0x40              aze/Gen/ComIf_Config.o
SIMCOM_DateTime     0x7               aze/base/SIMCOM/src/SIMCOM_Clock.o
SIMCOM_ResponseBuffer
                    0xc8              aze/base/SIMCOM/src/SIMCOM.o
StringHelper_NumberString_Buffer
                    0xc               aze/base/Helpers/String/src/StringHelper.o
SubscribeDataBuff   0x1e              aze/Cosmic_App/MQTT_Application.o
Buffers             0x6               aze/base/Helpers/Buffer/src/Buffer.o
SysOS_Ctrl          0x1               aze/Gen/SysOs_Processes.o
SIMCOM_CurrentJob   0x9               aze/base/SIMCOM/src/SIMCOM.o

Discarded input sections

 .data          0x00000000        0x0 C:/Program Files (x86)/Atmel/Studio/7.0/Packs/atmel/ATmega_DFP/1.7.374/gcc/dev/atmega32a/avr5/crtatmega32a.o
 .bss           0x00000000        0x0 C:/Program Files (x86)/Atmel/Studio/7.0/Packs/atmel/ATmega_DFP/1.7.374/gcc/dev/atmega32a/avr5/crtatmega32a.o
 .text          0x00000000        0x0 aze/base/Atmega_Drivers/TIM1_Interupt.o
 .data          0x00000000        0x0 aze/base/Atmega_Drivers/TIM1_Interupt.o
 .bss           0x00000000        0x0 aze/base/Atmega_Drivers/TIM1_Interupt.o
 .text          0x00000000        0x0 aze/base/Atmega_Drivers/uart.o
 .data          0x00000000        0x0 aze/base/Atmega_Drivers/uart.o
 .bss           0x00000000        0x0 aze/base/Atmega_Drivers/uart.o
 .text.UART_Tx  0x00000000        0x8 aze/base/Atmega_Drivers/uart.o
 .text.UART_String
                0x00000000       0x1a aze/base/Atmega_Drivers/uart.o
 .text.uart_rx  0x00000000        0x8 aze/base/Atmega_Drivers/uart.o
 .text          0x00000000        0x0 aze/base/ComIf/src/ComIf.o
 .data          0x00000000        0x0 aze/base/ComIf/src/ComIf.o
 .bss           0x00000000        0x0 aze/base/ComIf/src/ComIf.o
 .text.ComIf_GetTxMsgHandle
                0x00000000       0x38 aze/base/ComIf/src/ComIf.o
 .text.ComIf_GetRxMsgHandle
                0x00000000       0x48 aze/base/ComIf/src/ComIf.o
 .text          0x00000000        0x0 aze/base/ComIf/src/ComIf_CalcChecksum.o
 .data          0x00000000        0x0 aze/base/ComIf/src/ComIf_CalcChecksum.o
 .bss           0x00000000        0x0 aze/base/ComIf/src/ComIf_CalcChecksum.o
 .text.ComIf_CalcChecksum
                0x00000000       0x40 aze/base/ComIf/src/ComIf_CalcChecksum.o
 .text          0x00000000        0x0 aze/base/ComIf/src/ComIf_RxIndication.o
 .data          0x00000000        0x0 aze/base/ComIf/src/ComIf_RxIndication.o
 .bss           0x00000000        0x0 aze/base/ComIf/src/ComIf_RxIndication.o
 .text.ComIf_GetHandle
                0x00000000       0x32 aze/base/ComIf/src/ComIf_RxIndication.o
 .text.ComIf_ResetRxInfo
                0x00000000       0x66 aze/base/ComIf/src/ComIf_RxIndication.o
 .text.ComIf_StoreDataByte
                0x00000000       0x84 aze/base/ComIf/src/ComIf_RxIndication.o
 .text.ComIf_RxIndication
                0x00000000      0x452 aze/base/ComIf/src/ComIf_RxIndication.o
 .text.ComIf_RxIndication_ASCIIString
                0x00000000       0x64 aze/base/ComIf/src/ComIf_RxIndication.o
 .debug_info    0x00000000      0xa5d aze/base/ComIf/src/ComIf_RxIndication.o
 .debug_abbrev  0x00000000      0x24d aze/base/ComIf/src/ComIf_RxIndication.o
 .debug_loc     0x00000000      0x7de aze/base/ComIf/src/ComIf_RxIndication.o
 .debug_aranges
                0x00000000       0x40 aze/base/ComIf/src/ComIf_RxIndication.o
 .debug_ranges  0x00000000       0x60 aze/base/ComIf/src/ComIf_RxIndication.o
 .debug_line    0x00000000      0x382 aze/base/ComIf/src/ComIf_RxIndication.o
 .debug_str     0x00000000      0x685 aze/base/ComIf/src/ComIf_RxIndication.o
 .comment       0x00000000       0x31 aze/base/ComIf/src/ComIf_RxIndication.o
 .debug_frame   0x00000000       0xe8 aze/base/ComIf/src/ComIf_RxIndication.o
 .text          0x00000000        0x0 aze/base/ComIf/src/ComIf_RxRequest.o
 .data          0x00000000        0x0 aze/base/ComIf/src/ComIf_RxRequest.o
 .bss           0x00000000        0x0 aze/base/ComIf/src/ComIf_RxRequest.o
 .text.ComIf_Rx_Request
                0x00000000       0x76 aze/base/ComIf/src/ComIf_RxRequest.o
 .text.ComIf_Rx_CancelRequest
                0x00000000       0x76 aze/base/ComIf/src/ComIf_RxRequest.o
 .text.ComIf_RxMainFunction
                0x00000000        0x2 aze/base/ComIf/src/ComIf_RxRequest.o
 .debug_info    0x00000000      0x5ae aze/base/ComIf/src/ComIf_RxRequest.o
 .debug_abbrev  0x00000000      0x14e aze/base/ComIf/src/ComIf_RxRequest.o
 .debug_loc     0x00000000      0x1ce aze/base/ComIf/src/ComIf_RxRequest.o
 .debug_aranges
                0x00000000       0x30 aze/base/ComIf/src/ComIf_RxRequest.o
 .debug_ranges  0x00000000       0x20 aze/base/ComIf/src/ComIf_RxRequest.o
 .debug_line    0x00000000      0x135 aze/base/ComIf/src/ComIf_RxRequest.o
 .debug_str     0x00000000      0x5c0 aze/base/ComIf/src/ComIf_RxRequest.o
 .comment       0x00000000       0x31 aze/base/ComIf/src/ComIf_RxRequest.o
 .debug_frame   0x00000000       0x44 aze/base/ComIf/src/ComIf_RxRequest.o
 .text          0x00000000        0x0 aze/base/ComIf/src/ComIf_Transmit.o
 .data          0x00000000        0x0 aze/base/ComIf/src/ComIf_Transmit.o
 .bss           0x00000000        0x0 aze/base/ComIf/src/ComIf_Transmit.o
 .text.ComIf_TxConfirmation
                0x00000000       0x7e aze/base/ComIf/src/ComIf_Transmit.o
 .text.ComIf_TransmissionAborted
                0x00000000       0x66 aze/base/ComIf/src/ComIf_Transmit.o
 .text.ComIf_TxMainFunction
                0x00000000        0x2 aze/base/ComIf/src/ComIf_Transmit.o
 .text          0x00000000        0x0 aze/base/ComIf/src/ComIf_TxShadowBuffer.o
 .data          0x00000000        0x0 aze/base/ComIf/src/ComIf_TxShadowBuffer.o
 .bss           0x00000000        0x0 aze/base/ComIf/src/ComIf_TxShadowBuffer.o
 .text.ComIf_GetTxShadowBuffer
                0x00000000       0x4e aze/base/ComIf/src/ComIf_TxShadowBuffer.o
 .text.ComIf_Transmit_ShadowBuffer
                0x00000000       0x2c aze/base/ComIf/src/ComIf_TxShadowBuffer.o
 .text          0x00000000        0x0 aze/base/Helpers/Buffer/src/Buffer.o
 .data          0x00000000        0x0 aze/base/Helpers/Buffer/src/Buffer.o
 .bss           0x00000000        0x0 aze/base/Helpers/Buffer/src/Buffer.o
 .text.Buffer_Clear
                0x00000000       0x54 aze/base/Helpers/Buffer/src/Buffer.o
 .text          0x00000000        0x0 aze/base/Helpers/String/src/StringHelper.o
 .data          0x00000000        0x0 aze/base/Helpers/String/src/StringHelper.o
 .bss           0x00000000        0x0 aze/base/Helpers/String/src/StringHelper.o
 .text.StringHelper_removeChar
                0x00000000       0x56 aze/base/Helpers/String/src/StringHelper.o
 .text.StringHelper_NumberToString
                0x00000000       0x7a aze/base/Helpers/String/src/StringHelper.o
 .text.StringHelper_SplitAndGet_Number
                0x00000000       0x30 aze/base/Helpers/String/src/StringHelper.o
 .text.StringSearch
                0x00000000        0x6 aze/base/Helpers/String/src/StringHelper.o
 .text          0x00000000        0x0 aze/base/LCD_16X2/lcd.o
 .data          0x00000000        0x0 aze/base/LCD_16X2/lcd.o
 .bss           0x00000000        0x0 aze/base/LCD_16X2/lcd.o
 .text.lcd_num_2dig
                0x00000000       0x60 aze/base/LCD_16X2/lcd.o
 .text.lcd_num_3dig
                0x00000000       0xba aze/base/LCD_16X2/lcd.o
 .text.lcd_num_point
                0x00000000       0xc2 aze/base/LCD_16X2/lcd.o
 .text          0x00000000        0x0 aze/base/SIMCOM/src/SIMCOM.o
 .data          0x00000000        0x0 aze/base/SIMCOM/src/SIMCOM.o
 .bss           0x00000000        0x0 aze/base/SIMCOM/src/SIMCOM.o
 .text.SIMCOM_IgnoreCRLFs
                0x00000000       0x2e aze/base/SIMCOM/src/SIMCOM.o
 .text.SIMCOM_Number_fromBuffer
                0x00000000       0x22 aze/base/SIMCOM/src/SIMCOM.o
 .text          0x00000000        0x0 aze/base/SIMCOM/src/SIMCOM_Clock.o
 .data          0x00000000        0x0 aze/base/SIMCOM/src/SIMCOM_Clock.o
 .bss           0x00000000        0x0 aze/base/SIMCOM/src/SIMCOM_Clock.o
 .text.SIMCOM_Clock_Job_Callback
                0x00000000        0x6 aze/base/SIMCOM/src/SIMCOM_Clock.o
 .rodata.str1.1
                0x00000000       0x11 aze/base/SIMCOM/src/SIMCOM_Clock.o
 .text.SIMCOM_Clock_ParseDateTime_InResponse
                0x00000000      0x14c aze/base/SIMCOM/src/SIMCOM_Clock.o
 .text.SIMCOM_Clock_MainFunction
                0x00000000      0x168 aze/base/SIMCOM/src/SIMCOM_Clock.o
 .bss.RunClock  0x00000000        0x1 aze/base/SIMCOM/src/SIMCOM_Clock.o
 .bss.SIMCOM_ClockSecondCounter
                0x00000000        0x2 aze/base/SIMCOM/src/SIMCOM_Clock.o
 .data.SIMCOM_ClockSyncCount
                0x00000000        0x1 aze/base/SIMCOM/src/SIMCOM_Clock.o
 .bss.SIMCOM_Job_Result
                0x00000000        0x1 aze/base/SIMCOM/src/SIMCOM_Clock.o
 .bss.SIMCOM_Clock_State
                0x00000000        0x1 aze/base/SIMCOM/src/SIMCOM_Clock.o
 .debug_info    0x00000000      0x73d aze/base/SIMCOM/src/SIMCOM_Clock.o
 .debug_abbrev  0x00000000      0x1e7 aze/base/SIMCOM/src/SIMCOM_Clock.o
 .debug_loc     0x00000000      0x121 aze/base/SIMCOM/src/SIMCOM_Clock.o
 .debug_aranges
                0x00000000       0x30 aze/base/SIMCOM/src/SIMCOM_Clock.o
 .debug_ranges  0x00000000       0x20 aze/base/SIMCOM/src/SIMCOM_Clock.o
 .debug_line    0x00000000      0x336 aze/base/SIMCOM/src/SIMCOM_Clock.o
 .debug_str     0x00000000      0x64e aze/base/SIMCOM/src/SIMCOM_Clock.o
 .comment       0x00000000       0x31 aze/base/SIMCOM/src/SIMCOM_Clock.o
 .debug_frame   0x00000000       0x78 aze/base/SIMCOM/src/SIMCOM_Clock.o
 COMMON         0x00000000        0x7 aze/base/SIMCOM/src/SIMCOM_Clock.o
 .text          0x00000000        0x0 aze/base/SIMCOM/src/SIMCOM_State.o
 .data          0x00000000        0x0 aze/base/SIMCOM/src/SIMCOM_State.o
 .bss           0x00000000        0x0 aze/base/SIMCOM/src/SIMCOM_State.o
 .text          0x00000000        0x0 aze/base/SysOS/src/SysOS.o
 .data          0x00000000        0x0 aze/base/SysOS/src/SysOS.o
 .bss           0x00000000        0x0 aze/base/SysOS/src/SysOS.o
 .text          0x00000000        0x0 aze/Cosmic_App/MQTT/src/CS_Iot.o
 .data          0x00000000        0x0 aze/Cosmic_App/MQTT/src/CS_Iot.o
 .bss           0x00000000        0x0 aze/Cosmic_App/MQTT/src/CS_Iot.o
 .text          0x00000000        0x0 aze/Cosmic_App/MQTT/src/MQTT.o
 .data          0x00000000        0x0 aze/Cosmic_App/MQTT/src/MQTT.o
 .bss           0x00000000        0x0 aze/Cosmic_App/MQTT/src/MQTT.o
 .text          0x00000000        0x0 aze/Cosmic_App/MQTT/src/MQTT_Publish.o
 .data          0x00000000        0x0 aze/Cosmic_App/MQTT/src/MQTT_Publish.o
 .bss           0x00000000        0x0 aze/Cosmic_App/MQTT/src/MQTT_Publish.o
 .text          0x00000000        0x0 aze/Cosmic_App/MQTT/src/MQTT_SSL.o
 .data          0x00000000        0x0 aze/Cosmic_App/MQTT/src/MQTT_SSL.o
 .bss           0x00000000        0x0 aze/Cosmic_App/MQTT/src/MQTT_SSL.o
 .text          0x00000000        0x0 aze/Cosmic_App/MQTT_Application.o
 .data          0x00000000        0x0 aze/Cosmic_App/MQTT_Application.o
 .bss           0x00000000        0x0 aze/Cosmic_App/MQTT_Application.o
 .text          0x00000000        0x0 aze/Gen/Buffer_Config.o
 .data          0x00000000        0x0 aze/Gen/Buffer_Config.o
 .bss           0x00000000        0x0 aze/Gen/Buffer_Config.o
 .text.Buffer_Init
                0x00000000       0x12 aze/Gen/Buffer_Config.o
 .text          0x00000000        0x0 aze/Gen/ComIf_Config.o
 .data          0x00000000        0x0 aze/Gen/ComIf_Config.o
 .bss           0x00000000        0x0 aze/Gen/ComIf_Config.o
 .text.ComIf_RxIndication_Cloud
                0x00000000        0xc aze/Gen/ComIf_Config.o
 .text          0x00000000        0x0 aze/Gen/SysOs_Processes.o
 .data          0x00000000        0x0 aze/Gen/SysOs_Processes.o
 .bss           0x00000000        0x0 aze/Gen/SysOs_Processes.o
 .text          0x00000000        0x0 main.o
 .data          0x00000000        0x0 main.o
 .bss           0x00000000        0x0 main.o
 .text          0x00000000        0x0 c:/program files (x86)/atmel/studio/7.0/toolchain/avr8/avr8-gnu-toolchain/bin/../lib/gcc/avr/5.4.0/avr5\libgcc.a(_udivmodsi4.o)
 .data          0x00000000        0x0 c:/program files (x86)/atmel/studio/7.0/toolchain/avr8/avr8-gnu-toolchain/bin/../lib/gcc/avr/5.4.0/avr5\libgcc.a(_udivmodsi4.o)
 .bss           0x00000000        0x0 c:/program files (x86)/atmel/studio/7.0/toolchain/avr8/avr8-gnu-toolchain/bin/../lib/gcc/avr/5.4.0/avr5\libgcc.a(_udivmodsi4.o)
 .text.libgcc.mul
                0x00000000        0x0 c:/program files (x86)/atmel/studio/7.0/toolchain/avr8/avr8-gnu-toolchain/bin/../lib/gcc/avr/5.4.0/avr5\libgcc.a(_udivmodsi4.o)
 .text.libgcc.div
                0x00000000       0x44 c:/program files (x86)/atmel/studio/7.0/toolchain/avr8/avr8-gnu-toolchain/bin/../lib/gcc/avr/5.4.0/avr5\libgcc.a(_udivmodsi4.o)
 .text.libgcc   0x00000000        0x0 c:/program files (x86)/atmel/studio/7.0/toolchain/avr8/avr8-gnu-toolchain/bin/../lib/gcc/avr/5.4.0/avr5\libgcc.a(_udivmodsi4.o)
 .text.libgcc.prologue
                0x00000000        0x0 c:/program files (x86)/atmel/studio/7.0/toolchain/avr8/avr8-gnu-toolchain/bin/../lib/gcc/avr/5.4.0/avr5\libgcc.a(_udivmodsi4.o)
 .text.libgcc.builtins
                0x00000000        0x0 c:/program files (x86)/atmel/studio/7.0/toolchain/avr8/avr8-gnu-toolchain/bin/../lib/gcc/avr/5.4.0/avr5\libgcc.a(_udivmodsi4.o)
 .text.libgcc.fmul
                0x00000000        0x0 c:/program files (x86)/atmel/studio/7.0/toolchain/avr8/avr8-gnu-toolchain/bin/../lib/gcc/avr/5.4.0/avr5\libgcc.a(_udivmodsi4.o)
 .text.libgcc.fixed
                0x00000000        0x0 c:/program files (x86)/atmel/studio/7.0/toolchain/avr8/avr8-gnu-toolchain/bin/../lib/gcc/avr/5.4.0/avr5\libgcc.a(_udivmodsi4.o)
 .text          0x00000000        0x0 c:/program files (x86)/atmel/studio/7.0/toolchain/avr8/avr8-gnu-toolchain/bin/../lib/gcc/avr/5.4.0/avr5\libgcc.a(_exit.o)
 .data          0x00000000        0x0 c:/program files (x86)/atmel/studio/7.0/toolchain/avr8/avr8-gnu-toolchain/bin/../lib/gcc/avr/5.4.0/avr5\libgcc.a(_exit.o)
 .bss           0x00000000        0x0 c:/program files (x86)/atmel/studio/7.0/toolchain/avr8/avr8-gnu-toolchain/bin/../lib/gcc/avr/5.4.0/avr5\libgcc.a(_exit.o)
 .text.libgcc.mul
                0x00000000        0x0 c:/program files (x86)/atmel/studio/7.0/toolchain/avr8/avr8-gnu-toolchain/bin/../lib/gcc/avr/5.4.0/avr5\libgcc.a(_exit.o)
 .text.libgcc.div
                0x00000000        0x0 c:/program files (x86)/atmel/studio/7.0/toolchain/avr8/avr8-gnu-toolchain/bin/../lib/gcc/avr/5.4.0/avr5\libgcc.a(_exit.o)
 .text.libgcc   0x00000000        0x0 c:/program files (x86)/atmel/studio/7.0/toolchain/avr8/avr8-gnu-toolchain/bin/../lib/gcc/avr/5.4.0/avr5\libgcc.a(_exit.o)
 .text.libgcc.prologue
                0x00000000        0x0 c:/program files (x86)/atmel/studio/7.0/toolchain/avr8/avr8-gnu-toolchain/bin/../lib/gcc/avr/5.4.0/avr5\libgcc.a(_exit.o)
 .text.libgcc.builtins
                0x00000000        0x0 c:/program files (x86)/atmel/studio/7.0/toolchain/avr8/avr8-gnu-toolchain/bin/../lib/gcc/avr/5.4.0/avr5\libgcc.a(_exit.o)
 .text.libgcc.fmul
                0x00000000        0x0 c:/program files (x86)/atmel/studio/7.0/toolchain/avr8/avr8-gnu-toolchain/bin/../lib/gcc/avr/5.4.0/avr5\libgcc.a(_exit.o)
 .text.libgcc.fixed
                0x00000000        0x0 c:/program files (x86)/atmel/studio/7.0/toolchain/avr8/avr8-gnu-toolchain/bin/../lib/gcc/avr/5.4.0/avr5\libgcc.a(_exit.o)
 .text          0x00000000        0x0 c:/program files (x86)/atmel/studio/7.0/toolchain/avr8/avr8-gnu-toolchain/bin/../lib/gcc/avr/5.4.0/avr5\libgcc.a(_tablejump2.o)
 .data          0x00000000        0x0 c:/program files (x86)/atmel/studio/7.0/toolchain/avr8/avr8-gnu-toolchain/bin/../lib/gcc/avr/5.4.0/avr5\libgcc.a(_tablejump2.o)
 .bss           0x00000000        0x0 c:/program files (x86)/atmel/studio/7.0/toolchain/avr8/avr8-gnu-toolchain/bin/../lib/gcc/avr/5.4.0/avr5\libgcc.a(_tablejump2.o)
 .text.libgcc.mul
                0x00000000        0x0 c:/program files (x86)/atmel/studio/7.0/toolchain/avr8/avr8-gnu-toolchain/bin/../lib/gcc/avr/5.4.0/avr5\libgcc.a(_tablejump2.o)
 .text.libgcc.div
                0x00000000        0x0 c:/program files (x86)/atmel/studio/7.0/toolchain/avr8/avr8-gnu-toolchain/bin/../lib/gcc/avr/5.4.0/avr5\libgcc.a(_tablejump2.o)
 .text.libgcc.prologue
                0x00000000        0x0 c:/program files (x86)/atmel/studio/7.0/toolchain/avr8/avr8-gnu-toolchain/bin/../lib/gcc/avr/5.4.0/avr5\libgcc.a(_tablejump2.o)
 .text.libgcc.builtins
                0x00000000        0x0 c:/program files (x86)/atmel/studio/7.0/toolchain/avr8/avr8-gnu-toolchain/bin/../lib/gcc/avr/5.4.0/avr5\libgcc.a(_tablejump2.o)
 .text.libgcc.fmul
                0x00000000        0x0 c:/program files (x86)/atmel/studio/7.0/toolchain/avr8/avr8-gnu-toolchain/bin/../lib/gcc/avr/5.4.0/avr5\libgcc.a(_tablejump2.o)
 .text.libgcc.fixed
                0x00000000        0x0 c:/program files (x86)/atmel/studio/7.0/toolchain/avr8/avr8-gnu-toolchain/bin/../lib/gcc/avr/5.4.0/avr5\libgcc.a(_tablejump2.o)
 .text          0x00000000        0x0 c:/program files (x86)/atmel/studio/7.0/toolchain/avr8/avr8-gnu-toolchain/bin/../lib/gcc/avr/5.4.0/avr5\libgcc.a(_copy_data.o)
 .data          0x00000000        0x0 c:/program files (x86)/atmel/studio/7.0/toolchain/avr8/avr8-gnu-toolchain/bin/../lib/gcc/avr/5.4.0/avr5\libgcc.a(_copy_data.o)
 .bss           0x00000000        0x0 c:/program files (x86)/atmel/studio/7.0/toolchain/avr8/avr8-gnu-toolchain/bin/../lib/gcc/avr/5.4.0/avr5\libgcc.a(_copy_data.o)
 .text.libgcc.mul
                0x00000000        0x0 c:/program files (x86)/atmel/studio/7.0/toolchain/avr8/avr8-gnu-toolchain/bin/../lib/gcc/avr/5.4.0/avr5\libgcc.a(_copy_data.o)
 .text.libgcc.div
                0x00000000        0x0 c:/program files (x86)/atmel/studio/7.0/toolchain/avr8/avr8-gnu-toolchain/bin/../lib/gcc/avr/5.4.0/avr5\libgcc.a(_copy_data.o)
 .text.libgcc   0x00000000        0x0 c:/program files (x86)/atmel/studio/7.0/toolchain/avr8/avr8-gnu-toolchain/bin/../lib/gcc/avr/5.4.0/avr5\libgcc.a(_copy_data.o)
 .text.libgcc.prologue
                0x00000000        0x0 c:/program files (x86)/atmel/studio/7.0/toolchain/avr8/avr8-gnu-toolchain/bin/../lib/gcc/avr/5.4.0/avr5\libgcc.a(_copy_data.o)
 .text.libgcc.builtins
                0x00000000        0x0 c:/program files (x86)/atmel/studio/7.0/toolchain/avr8/avr8-gnu-toolchain/bin/../lib/gcc/avr/5.4.0/avr5\libgcc.a(_copy_data.o)
 .text.libgcc.fmul
                0x00000000        0x0 c:/program files (x86)/atmel/studio/7.0/toolchain/avr8/avr8-gnu-toolchain/bin/../lib/gcc/avr/5.4.0/avr5\libgcc.a(_copy_data.o)
 .text.libgcc.fixed
                0x00000000        0x0 c:/program files (x86)/atmel/studio/7.0/toolchain/avr8/avr8-gnu-toolchain/bin/../lib/gcc/avr/5.4.0/avr5\libgcc.a(_copy_data.o)
 .text          0x00000000        0x0 c:/program files (x86)/atmel/studio/7.0/toolchain/avr8/avr8-gnu-toolchain/bin/../lib/gcc/avr/5.4.0/avr5\libgcc.a(_clear_bss.o)
 .data          0x00000000        0x0 c:/program files (x86)/atmel/studio/7.0/toolchain/avr8/avr8-gnu-toolchain/bin/../lib/gcc/avr/5.4.0/avr5\libgcc.a(_clear_bss.o)
 .bss           0x00000000        0x0 c:/program files (x86)/atmel/studio/7.0/toolchain/avr8/avr8-gnu-toolchain/bin/../lib/gcc/avr/5.4.0/avr5\libgcc.a(_clear_bss.o)
 .text.libgcc.mul
                0x00000000        0x0 c:/program files (x86)/atmel/studio/7.0/toolchain/avr8/avr8-gnu-toolchain/bin/../lib/gcc/avr/5.4.0/avr5\libgcc.a(_clear_bss.o)
 .text.libgcc.div
                0x00000000        0x0 c:/program files (x86)/atmel/studio/7.0/toolchain/avr8/avr8-gnu-toolchain/bin/../lib/gcc/avr/5.4.0/avr5\libgcc.a(_clear_bss.o)
 .text.libgcc   0x00000000        0x0 c:/program files (x86)/atmel/studio/7.0/toolchain/avr8/avr8-gnu-toolchain/bin/../lib/gcc/avr/5.4.0/avr5\libgcc.a(_clear_bss.o)
 .text.libgcc.prologue
                0x00000000        0x0 c:/program files (x86)/atmel/studio/7.0/toolchain/avr8/avr8-gnu-toolchain/bin/../lib/gcc/avr/5.4.0/avr5\libgcc.a(_clear_bss.o)
 .text.libgcc.builtins
                0x00000000        0x0 c:/program files (x86)/atmel/studio/7.0/toolchain/avr8/avr8-gnu-toolchain/bin/../lib/gcc/avr/5.4.0/avr5\libgcc.a(_clear_bss.o)
 .text.libgcc.fmul
                0x00000000        0x0 c:/program files (x86)/atmel/studio/7.0/toolchain/avr8/avr8-gnu-toolchain/bin/../lib/gcc/avr/5.4.0/avr5\libgcc.a(_clear_bss.o)
 .text.libgcc.fixed
                0x00000000        0x0 c:/program files (x86)/atmel/studio/7.0/toolchain/avr8/avr8-gnu-toolchain/bin/../lib/gcc/avr/5.4.0/avr5\libgcc.a(_clear_bss.o)
 .text          0x00000000        0x0 c:/program files (x86)/atmel/studio/7.0/toolchain/avr8/avr8-gnu-toolchain/bin/../lib/gcc/avr/5.4.0/avr5\libgcc.a(_umulhisi3.o)
 .data          0x00000000        0x0 c:/program files (x86)/atmel/studio/7.0/toolchain/avr8/avr8-gnu-toolchain/bin/../lib/gcc/avr/5.4.0/avr5\libgcc.a(_umulhisi3.o)
 .bss           0x00000000        0x0 c:/program files (x86)/atmel/studio/7.0/toolchain/avr8/avr8-gnu-toolchain/bin/../lib/gcc/avr/5.4.0/avr5\libgcc.a(_umulhisi3.o)
 .text.libgcc.mul
                0x00000000       0x1e c:/program files (x86)/atmel/studio/7.0/toolchain/avr8/avr8-gnu-toolchain/bin/../lib/gcc/avr/5.4.0/avr5\libgcc.a(_umulhisi3.o)
 .text.libgcc.div
                0x00000000        0x0 c:/program files (x86)/atmel/studio/7.0/toolchain/avr8/avr8-gnu-toolchain/bin/../lib/gcc/avr/5.4.0/avr5\libgcc.a(_umulhisi3.o)
 .text.libgcc   0x00000000        0x0 c:/program files (x86)/atmel/studio/7.0/toolchain/avr8/avr8-gnu-toolchain/bin/../lib/gcc/avr/5.4.0/avr5\libgcc.a(_umulhisi3.o)
 .text.libgcc.prologue
                0x00000000        0x0 c:/program files (x86)/atmel/studio/7.0/toolchain/avr8/avr8-gnu-toolchain/bin/../lib/gcc/avr/5.4.0/avr5\libgcc.a(_umulhisi3.o)
 .text.libgcc.builtins
                0x00000000        0x0 c:/program files (x86)/atmel/studio/7.0/toolchain/avr8/avr8-gnu-toolchain/bin/../lib/gcc/avr/5.4.0/avr5\libgcc.a(_umulhisi3.o)
 .text.libgcc.fmul
                0x00000000        0x0 c:/program files (x86)/atmel/studio/7.0/toolchain/avr8/avr8-gnu-toolchain/bin/../lib/gcc/avr/5.4.0/avr5\libgcc.a(_umulhisi3.o)
 .text.libgcc.fixed
                0x00000000        0x0 c:/program files (x86)/atmel/studio/7.0/toolchain/avr8/avr8-gnu-toolchain/bin/../lib/gcc/avr/5.4.0/avr5\libgcc.a(_umulhisi3.o)
 .text          0x00000000        0x0 c:/program files (x86)/atmel/studio/7.0/toolchain/avr8/avr8-gnu-toolchain/bin/../lib/gcc/avr/5.4.0/../../../../avr/lib/avr5\libc.a(atoi.o)
 .data          0x00000000        0x0 c:/program files (x86)/atmel/studio/7.0/toolchain/avr8/avr8-gnu-toolchain/bin/../lib/gcc/avr/5.4.0/../../../../avr/lib/avr5\libc.a(atoi.o)
 .bss           0x00000000        0x0 c:/program files (x86)/atmel/studio/7.0/toolchain/avr8/avr8-gnu-toolchain/bin/../lib/gcc/avr/5.4.0/../../../../avr/lib/avr5\libc.a(atoi.o)
 .text          0x00000000        0x0 c:/program files (x86)/atmel/studio/7.0/toolchain/avr8/avr8-gnu-toolchain/bin/../lib/gcc/avr/5.4.0/../../../../avr/lib/avr5\libc.a(memcmp.o)
 .data          0x00000000        0x0 c:/program files (x86)/atmel/studio/7.0/toolchain/avr8/avr8-gnu-toolchain/bin/../lib/gcc/avr/5.4.0/../../../../avr/lib/avr5\libc.a(memcmp.o)
 .bss           0x00000000        0x0 c:/program files (x86)/atmel/studio/7.0/toolchain/avr8/avr8-gnu-toolchain/bin/../lib/gcc/avr/5.4.0/../../../../avr/lib/avr5\libc.a(memcmp.o)
 .text          0x00000000        0x0 c:/program files (x86)/atmel/studio/7.0/toolchain/avr8/avr8-gnu-toolchain/bin/../lib/gcc/avr/5.4.0/../../../../avr/lib/avr5\libc.a(memcpy.o)
 .data          0x00000000        0x0 c:/program files (x86)/atmel/studio/7.0/toolchain/avr8/avr8-gnu-toolchain/bin/../lib/gcc/avr/5.4.0/../../../../avr/lib/avr5\libc.a(memcpy.o)
 .bss           0x00000000        0x0 c:/program files (x86)/atmel/studio/7.0/toolchain/avr8/avr8-gnu-toolchain/bin/../lib/gcc/avr/5.4.0/../../../../avr/lib/avr5\libc.a(memcpy.o)
 .text          0x00000000        0x0 c:/program files (x86)/atmel/studio/7.0/toolchain/avr8/avr8-gnu-toolchain/bin/../lib/gcc/avr/5.4.0/../../../../avr/lib/avr5\libc.a(strcmp.o)
 .data          0x00000000        0x0 c:/program files (x86)/atmel/studio/7.0/toolchain/avr8/avr8-gnu-toolchain/bin/../lib/gcc/avr/5.4.0/../../../../avr/lib/avr5\libc.a(strcmp.o)
 .bss           0x00000000        0x0 c:/program files (x86)/atmel/studio/7.0/toolchain/avr8/avr8-gnu-toolchain/bin/../lib/gcc/avr/5.4.0/../../../../avr/lib/avr5\libc.a(strcmp.o)
 .text          0x00000000        0x0 c:/program files (x86)/atmel/studio/7.0/toolchain/avr8/avr8-gnu-toolchain/bin/../lib/gcc/avr/5.4.0/../../../../avr/lib/avr5\libc.a(strcpy.o)
 .data          0x00000000        0x0 c:/program files (x86)/atmel/studio/7.0/toolchain/avr8/avr8-gnu-toolchain/bin/../lib/gcc/avr/5.4.0/../../../../avr/lib/avr5\libc.a(strcpy.o)
 .bss           0x00000000        0x0 c:/program files (x86)/atmel/studio/7.0/toolchain/avr8/avr8-gnu-toolchain/bin/../lib/gcc/avr/5.4.0/../../../../avr/lib/avr5\libc.a(strcpy.o)
 .text          0x00000000        0x0 c:/program files (x86)/atmel/studio/7.0/toolchain/avr8/avr8-gnu-toolchain/bin/../lib/gcc/avr/5.4.0/../../../../avr/lib/avr5\libc.a(strstr.o)
 .data          0x00000000        0x0 c:/program files (x86)/atmel/studio/7.0/toolchain/avr8/avr8-gnu-toolchain/bin/../lib/gcc/avr/5.4.0/../../../../avr/lib/avr5\libc.a(strstr.o)
 .bss           0x00000000        0x0 c:/program files (x86)/atmel/studio/7.0/toolchain/avr8/avr8-gnu-toolchain/bin/../lib/gcc/avr/5.4.0/../../../../avr/lib/avr5\libc.a(strstr.o)
 .text          0x00000000        0x0 c:/program files (x86)/atmel/studio/7.0/toolchain/avr8/avr8-gnu-toolchain/bin/../lib/gcc/avr/5.4.0/../../../../avr/lib/avr5\libc.a(mul10.o)
 .data          0x00000000        0x0 c:/program files (x86)/atmel/studio/7.0/toolchain/avr8/avr8-gnu-toolchain/bin/../lib/gcc/avr/5.4.0/../../../../avr/lib/avr5\libc.a(mul10.o)
 .bss           0x00000000        0x0 c:/program files (x86)/atmel/studio/7.0/toolchain/avr8/avr8-gnu-toolchain/bin/../lib/gcc/avr/5.4.0/../../../../avr/lib/avr5\libc.a(mul10.o)
 .text          0x00000000        0x0 c:/program files (x86)/atmel/studio/7.0/toolchain/avr8/avr8-gnu-toolchain/bin/../lib/gcc/avr/5.4.0/../../../../avr/lib/avr5\libc.a(sprintf.o)
 .data          0x00000000        0x0 c:/program files (x86)/atmel/studio/7.0/toolchain/avr8/avr8-gnu-toolchain/bin/../lib/gcc/avr/5.4.0/../../../../avr/lib/avr5\libc.a(sprintf.o)
 .bss           0x00000000        0x0 c:/program files (x86)/atmel/studio/7.0/toolchain/avr8/avr8-gnu-toolchain/bin/../lib/gcc/avr/5.4.0/../../../../avr/lib/avr5\libc.a(sprintf.o)
 .text          0x00000000        0x0 c:/program files (x86)/atmel/studio/7.0/toolchain/avr8/avr8-gnu-toolchain/bin/../lib/gcc/avr/5.4.0/../../../../avr/lib/avr5\libc.a(vfprintf_std.o)
 .data          0x00000000        0x0 c:/program files (x86)/atmel/studio/7.0/toolchain/avr8/avr8-gnu-toolchain/bin/../lib/gcc/avr/5.4.0/../../../../avr/lib/avr5\libc.a(vfprintf_std.o)
 .bss           0x00000000        0x0 c:/program files (x86)/atmel/studio/7.0/toolchain/avr8/avr8-gnu-toolchain/bin/../lib/gcc/avr/5.4.0/../../../../avr/lib/avr5\libc.a(vfprintf_std.o)
 .text          0x00000000        0x0 c:/program files (x86)/atmel/studio/7.0/toolchain/avr8/avr8-gnu-toolchain/bin/../lib/gcc/avr/5.4.0/../../../../avr/lib/avr5\libc.a(strnlen_P.o)
 .data          0x00000000        0x0 c:/program files (x86)/atmel/studio/7.0/toolchain/avr8/avr8-gnu-toolchain/bin/../lib/gcc/avr/5.4.0/../../../../avr/lib/avr5\libc.a(strnlen_P.o)
 .bss           0x00000000        0x0 c:/program files (x86)/atmel/studio/7.0/toolchain/avr8/avr8-gnu-toolchain/bin/../lib/gcc/avr/5.4.0/../../../../avr/lib/avr5\libc.a(strnlen_P.o)
 .text          0x00000000        0x0 c:/program files (x86)/atmel/studio/7.0/toolchain/avr8/avr8-gnu-toolchain/bin/../lib/gcc/avr/5.4.0/../../../../avr/lib/avr5\libc.a(strnlen.o)
 .data          0x00000000        0x0 c:/program files (x86)/atmel/studio/7.0/toolchain/avr8/avr8-gnu-toolchain/bin/../lib/gcc/avr/5.4.0/../../../../avr/lib/avr5\libc.a(strnlen.o)
 .bss           0x00000000        0x0 c:/program files (x86)/atmel/studio/7.0/toolchain/avr8/avr8-gnu-toolchain/bin/../lib/gcc/avr/5.4.0/../../../../avr/lib/avr5\libc.a(strnlen.o)
 .text          0x00000000        0x0 c:/program files (x86)/atmel/studio/7.0/toolchain/avr8/avr8-gnu-toolchain/bin/../lib/gcc/avr/5.4.0/../../../../avr/lib/avr5\libc.a(fputc.o)
 .data          0x00000000        0x0 c:/program files (x86)/atmel/studio/7.0/toolchain/avr8/avr8-gnu-toolchain/bin/../lib/gcc/avr/5.4.0/../../../../avr/lib/avr5\libc.a(fputc.o)
 .bss           0x00000000        0x0 c:/program files (x86)/atmel/studio/7.0/toolchain/avr8/avr8-gnu-toolchain/bin/../lib/gcc/avr/5.4.0/../../../../avr/lib/avr5\libc.a(fputc.o)
 .text          0x00000000        0x0 c:/program files (x86)/atmel/studio/7.0/toolchain/avr8/avr8-gnu-toolchain/bin/../lib/gcc/avr/5.4.0/../../../../avr/lib/avr5\libc.a(ultoa_invert.o)
 .data          0x00000000        0x0 c:/program files (x86)/atmel/studio/7.0/toolchain/avr8/avr8-gnu-toolchain/bin/../lib/gcc/avr/5.4.0/../../../../avr/lib/avr5\libc.a(ultoa_invert.o)
 .bss           0x00000000        0x0 c:/program files (x86)/atmel/studio/7.0/toolchain/avr8/avr8-gnu-toolchain/bin/../lib/gcc/avr/5.4.0/../../../../avr/lib/avr5\libc.a(ultoa_invert.o)
 .text          0x00000000        0x0 c:/program files (x86)/atmel/studio/7.0/toolchain/avr8/avr8-gnu-toolchain/bin/../lib/gcc/avr/5.4.0/avr5\libgcc.a(_prologue.o)
 .data          0x00000000        0x0 c:/program files (x86)/atmel/studio/7.0/toolchain/avr8/avr8-gnu-toolchain/bin/../lib/gcc/avr/5.4.0/avr5\libgcc.a(_prologue.o)
 .bss           0x00000000        0x0 c:/program files (x86)/atmel/studio/7.0/toolchain/avr8/avr8-gnu-toolchain/bin/../lib/gcc/avr/5.4.0/avr5\libgcc.a(_prologue.o)
 .text.libgcc.mul
                0x00000000        0x0 c:/program files (x86)/atmel/studio/7.0/toolchain/avr8/avr8-gnu-toolchain/bin/../lib/gcc/avr/5.4.0/avr5\libgcc.a(_prologue.o)
 .text.libgcc.div
                0x00000000        0x0 c:/program files (x86)/atmel/studio/7.0/toolchain/avr8/avr8-gnu-toolchain/bin/../lib/gcc/avr/5.4.0/avr5\libgcc.a(_prologue.o)
 .text.libgcc   0x00000000        0x0 c:/program files (x86)/atmel/studio/7.0/toolchain/avr8/avr8-gnu-toolchain/bin/../lib/gcc/avr/5.4.0/avr5\libgcc.a(_prologue.o)
 .text.libgcc.builtins
                0x00000000        0x0 c:/program files (x86)/atmel/studio/7.0/toolchain/avr8/avr8-gnu-toolchain/bin/../lib/gcc/avr/5.4.0/avr5\libgcc.a(_prologue.o)
 .text.libgcc.fmul
                0x00000000        0x0 c:/program files (x86)/atmel/studio/7.0/toolchain/avr8/avr8-gnu-toolchain/bin/../lib/gcc/avr/5.4.0/avr5\libgcc.a(_prologue.o)
 .text.libgcc.fixed
                0x00000000        0x0 c:/program files (x86)/atmel/studio/7.0/toolchain/avr8/avr8-gnu-toolchain/bin/../lib/gcc/avr/5.4.0/avr5\libgcc.a(_prologue.o)
 .text          0x00000000        0x0 c:/program files (x86)/atmel/studio/7.0/toolchain/avr8/avr8-gnu-toolchain/bin/../lib/gcc/avr/5.4.0/avr5\libgcc.a(_epilogue.o)
 .data          0x00000000        0x0 c:/program files (x86)/atmel/studio/7.0/toolchain/avr8/avr8-gnu-toolchain/bin/../lib/gcc/avr/5.4.0/avr5\libgcc.a(_epilogue.o)
 .bss           0x00000000        0x0 c:/program files (x86)/atmel/studio/7.0/toolchain/avr8/avr8-gnu-toolchain/bin/../lib/gcc/avr/5.4.0/avr5\libgcc.a(_epilogue.o)
 .text.libgcc.mul
                0x00000000        0x0 c:/program files (x86)/atmel/studio/7.0/toolchain/avr8/avr8-gnu-toolchain/bin/../lib/gcc/avr/5.4.0/avr5\libgcc.a(_epilogue.o)
 .text.libgcc.div
                0x00000000        0x0 c:/program files (x86)/atmel/studio/7.0/toolchain/avr8/avr8-gnu-toolchain/bin/../lib/gcc/avr/5.4.0/avr5\libgcc.a(_epilogue.o)
 .text.libgcc   0x00000000        0x0 c:/program files (x86)/atmel/studio/7.0/toolchain/avr8/avr8-gnu-toolchain/bin/../lib/gcc/avr/5.4.0/avr5\libgcc.a(_epilogue.o)
 .text.libgcc.builtins
                0x00000000        0x0 c:/program files (x86)/atmel/studio/7.0/toolchain/avr8/avr8-gnu-toolchain/bin/../lib/gcc/avr/5.4.0/avr5\libgcc.a(_epilogue.o)
 .text.libgcc.fmul
                0x00000000        0x0 c:/program files (x86)/atmel/studio/7.0/toolchain/avr8/avr8-gnu-toolchain/bin/../lib/gcc/avr/5.4.0/avr5\libgcc.a(_epilogue.o)
 .text.libgcc.fixed
                0x00000000        0x0 c:/program files (x86)/atmel/studio/7.0/toolchain/avr8/avr8-gnu-toolchain/bin/../lib/gcc/avr/5.4.0/avr5\libgcc.a(_epilogue.o)

Memory Configuration

Name             Origin             Length             Attributes
text             0x00000000         0x00008000         xr
data             0x00800060         0x00000800         rw !x
eeprom           0x00810000         0x00000400         rw !x
fuse             0x00820000         0x00000002         rw !x
lock             0x00830000         0x00000400         rw !x
signature        0x00840000         0x00000400         rw !x
user_signatures  0x00850000         0x00000400         rw !x
*default*        0x00000000         0xffffffff

Linker script and memory map

LOAD C:/Program Files (x86)/Atmel/Studio/7.0/Packs/atmel/ATmega_DFP/1.7.374/gcc/dev/atmega32a/avr5/crtatmega32a.o
LOAD aze/base/Atmega_Drivers/TIM1_Interupt.o
LOAD aze/base/Atmega_Drivers/uart.o
LOAD aze/base/ComIf/src/ComIf.o
LOAD aze/base/ComIf/src/ComIf_CalcChecksum.o
LOAD aze/base/ComIf/src/ComIf_RxIndication.o
LOAD aze/base/ComIf/src/ComIf_RxRequest.o
LOAD aze/base/ComIf/src/ComIf_Transmit.o
LOAD aze/base/ComIf/src/ComIf_TxShadowBuffer.o
LOAD aze/base/Helpers/Buffer/src/Buffer.o
LOAD aze/base/Helpers/String/src/StringHelper.o
LOAD aze/base/LCD_16X2/lcd.o
LOAD aze/base/SIMCOM/src/SIMCOM.o
LOAD aze/base/SIMCOM/src/SIMCOM_Clock.o
LOAD aze/base/SIMCOM/src/SIMCOM_State.o
LOAD aze/base/SysOS/src/SysOS.o
LOAD aze/Cosmic_App/MQTT/src/CS_Iot.o
LOAD aze/Cosmic_App/MQTT/src/MQTT.o
LOAD aze/Cosmic_App/MQTT/src/MQTT_Publish.o
LOAD aze/Cosmic_App/MQTT/src/MQTT_SSL.o
LOAD aze/Cosmic_App/MQTT_Application.o
LOAD aze/Gen/Buffer_Config.o
LOAD aze/Gen/ComIf_Config.o
LOAD aze/Gen/SysOs_Processes.o
LOAD main.o
START GROUP
LOAD c:/program files (x86)/atmel/studio/7.0/toolchain/avr8/avr8-gnu-toolchain/bin/../lib/gcc/avr/5.4.0/../../../../avr/lib/avr5\libm.a
END GROUP
START GROUP
LOAD c:/program files (x86)/atmel/studio/7.0/toolchain/avr8/avr8-gnu-toolchain/bin/../lib/gcc/avr/5.4.0/avr5\libgcc.a
LOAD c:/program files (x86)/atmel/studio/7.0/toolchain/avr8/avr8-gnu-toolchain/bin/../lib/gcc/avr/5.4.0/../../../../avr/lib/avr5\libm.a
LOAD c:/program files (x86)/atmel/studio/7.0/toolchain/avr8/avr8-gnu-toolchain/bin/../lib/gcc/avr/5.4.0/../../../../avr/lib/avr5\libc.a
LOAD C:/Program Files (x86)/Atmel/Studio/7.0/Packs/atmel/ATmega_DFP/1.7.374/gcc/dev/atmega32a/avr5\libatmega32a.a
END GROUP
                [0x00000000]                __TEXT_REGION_ORIGIN__ = DEFINED (__TEXT_REGION_ORIGIN__)?__TEXT_REGION_ORIGIN__:0x0
                [0x00800060]                __DATA_REGION_ORIGIN__ = DEFINED (__DATA_REGION_ORIGIN__)?__DATA_REGION_ORIGIN__:0x800060
                [0x00008000]                __TEXT_REGION_LENGTH__ = DEFINED (__TEXT_REGION_LENGTH__)?__TEXT_REGION_LENGTH__:0x20000
                [0x00000800]                __DATA_REGION_LENGTH__ = DEFINED (__DATA_REGION_LENGTH__)?__DATA_REGION_LENGTH__:0xffa0
                [0x00000400]                __EEPROM_REGION_LENGTH__ = DEFINED (__EEPROM_REGION_LENGTH__)?__EEPROM_REGION_LENGTH__:0x10000
                [0x00000002]                __FUSE_REGION_LENGTH__ = DEFINED (__FUSE_REGION_LENGTH__)?__FUSE_REGION_LENGTH__:0x400
                0x00000400                __LOCK_REGION_LENGTH__ = DEFINED (__LOCK_REGION_LENGTH__)?__LOCK_REGION_LENGTH__:0x400
                0x00000400                __SIGNATURE_REGION_LENGTH__ = DEFINED (__SIGNATURE_REGION_LENGTH__)?__SIGNATURE_REGION_LENGTH__:0x400
                0x00000400                __USER_SIGNATURE_REGION_LENGTH__ = DEFINED (__USER_SIGNATURE_REGION_LENGTH__)?__USER_SIGNATURE_REGION_LENGTH__:0x400

.hash
 *(.hash)

.dynsym
 *(.dynsym)

.dynstr
 *(.dynstr)

.gnu.version
 *(.gnu.version)

.gnu.version_d
 *(.gnu.version_d)

.gnu.version_r
 *(.gnu.version_r)

.rel.init
 *(.rel.init)

.rela.init
 *(.rela.init)

.rel.text
 *(.rel.text)
 *(.rel.text.*)
 *(.rel.gnu.linkonce.t*)

.rela.text
 *(.rela.text)
 *(.rela.text.*)
 *(.rela.gnu.linkonce.t*)

.rel.fini
 *(.rel.fini)

.rela.fini
 *(.rela.fini)

.rel.rodata
 *(.rel.rodata)
 *(.rel.rodata.*)
 *(.rel.gnu.linkonce.r*)

.rela.rodata
 *(.rela.rodata)
 *(.rela.rodata.*)
 *(.rela.gnu.linkonce.r*)

.rel.data
 *(.rel.data)
 *(.rel.data.*)
 *(.rel.gnu.linkonce.d*)

.rela.data
 *(.rela.data)
 *(.rela.data.*)
 *(.rela.gnu.linkonce.d*)

.rel.ctors
 *(.rel.ctors)

.rela.ctors
 *(.rela.ctors)

.rel.dtors
 *(.rel.dtors)

.rela.dtors
 *(.rela.dtors)

.rel.got
 *(.rel.got)

.rela.got
 *(.rela.got)

.rel.bss
 *(.rel.bss)

.rela.bss
 *(.rela.bss)

.rel.plt
 *(.rel.plt)

.rela.plt
 *(.rela.plt)

.text           0x00000000     0x2e5e
 *(.vectors)
 .vectors       0x00000000       0x54 C:/Program Files (x86)/Atmel/Studio/7.0/Packs/atmel/ATmega_DFP/1.7.374/gcc/dev/atmega32a/avr5/crtatmega32a.o
                0x00000000                __vector_default
                0x00000000                __vectors
 *(.vectors)
 *(.progmem.gcc*)
 .progmem.gcc_sw_table.SIMCOM_StateMachine
                0x00000054       0x18 aze/base/SIMCOM/src/SIMCOM_State.o
 .progmem.gcc_sw_table.MQTT_StateMachine
                0x0000006c       0x18 aze/Cosmic_App/MQTT/src/MQTT.o
                0x00000084                . = ALIGN (0x2)
                0x00000084                __trampolines_start = .
 *(.trampolines)
 .trampolines   0x00000084        0x0 linker stubs
 *(.trampolines*)
                0x00000084                __trampolines_end = .
 *libprintf_flt.a:*(.progmem.data)
 *libc.a:*(.progmem.data)
 *(.progmem*)
                0x00000084                . = ALIGN (0x2)
 *(.jumptables)
 *(.jumptables*)
 *(.lowtext)
 *(.lowtext*)
                0x00000084                __ctors_start = .
 *(.ctors)
                0x00000084                __ctors_end = .
                0x00000084                __dtors_start = .
 *(.dtors)
                0x00000084                __dtors_end = .
 SORT(*)(.ctors)
 SORT(*)(.dtors)
 *(.init0)
 .init0         0x00000084        0x0 C:/Program Files (x86)/Atmel/Studio/7.0/Packs/atmel/ATmega_DFP/1.7.374/gcc/dev/atmega32a/avr5/crtatmega32a.o
                0x00000084                __init
 *(.init0)
 *(.init1)
 *(.init1)
 *(.init2)
 .init2         0x00000084        0xc C:/Program Files (x86)/Atmel/Studio/7.0/Packs/atmel/ATmega_DFP/1.7.374/gcc/dev/atmega32a/avr5/crtatmega32a.o
 *(.init2)
 *(.init3)
 *(.init3)
 *(.init4)
 .init4         0x00000090       0x16 c:/program files (x86)/atmel/studio/7.0/toolchain/avr8/avr8-gnu-toolchain/bin/../lib/gcc/avr/5.4.0/avr5\libgcc.a(_copy_data.o)
                0x00000090                __do_copy_data
 .init4         0x000000a6       0x10 c:/program files (x86)/atmel/studio/7.0/toolchain/avr8/avr8-gnu-toolchain/bin/../lib/gcc/avr/5.4.0/avr5\libgcc.a(_clear_bss.o)
                0x000000a6                __do_clear_bss
 *(.init4)
 *(.init5)
 *(.init5)
 *(.init6)
 *(.init6)
 *(.init7)
 *(.init7)
 *(.init8)
 *(.init8)
 *(.init9)
 .init9         0x000000b6        0x8 C:/Program Files (x86)/Atmel/Studio/7.0/Packs/atmel/ATmega_DFP/1.7.374/gcc/dev/atmega32a/avr5/crtatmega32a.o
 *(.init9)
 *(.text)
 .text          0x000000be        0x4 C:/Program Files (x86)/Atmel/Studio/7.0/Packs/atmel/ATmega_DFP/1.7.374/gcc/dev/atmega32a/avr5/crtatmega32a.o
                0x000000be                __vector_1
                0x000000be                __vector_12
                0x000000be                __bad_interrupt
                0x000000be                __vector_6
                0x000000be                __vector_3
                0x000000be                __vector_11
                0x000000be                __vector_17
                0x000000be                __vector_19
                0x000000be                __vector_7
                0x000000be                __vector_5
                0x000000be                __vector_4
                0x000000be                __vector_2
                0x000000be                __vector_15
                0x000000be                __vector_8
                0x000000be                __vector_14
                0x000000be                __vector_10
                0x000000be                __vector_16
                0x000000be                __vector_18
                0x000000be                __vector_20
                0x000000c2                . = ALIGN (0x2)
 *(.text.*)
 .text.TIM1_Init
                0x000000c2       0x16 aze/base/Atmega_Drivers/TIM1_Interupt.o
                0x000000c2                TIM1_Init
 .text.__vector_9
                0x000000d8       0x50 aze/base/Atmega_Drivers/TIM1_Interupt.o
                0x000000d8                __vector_9
 .text.UART_init
                0x00000128       0x1e aze/base/Atmega_Drivers/uart.o
                0x00000128                UART_init
 .text.SIM_Send_Data
                0x00000146        0x8 aze/base/Atmega_Drivers/uart.o
                0x00000146                SIM_Send_Data
 .text.__vector_13
                0x0000014e       0x4a aze/base/Atmega_Drivers/uart.o
                0x0000014e                __vector_13
 .text.ComIf_ErrorNotify
                0x00000198       0x22 aze/base/ComIf/src/ComIf.o
                0x00000198                ComIf_ErrorNotify
 .text.ComIf_GetChecksumMaskValue
                0x000001ba       0x26 aze/base/ComIf/src/ComIf_CalcChecksum.o
                0x000001ba                ComIf_GetChecksumMaskValue
 .text.ComIf_EncodeFromShadowToChannelBuffer
                0x000001e0      0x46a aze/base/ComIf/src/ComIf_Transmit.o
                0x000001e0                ComIf_EncodeFromShadowToChannelBuffer
 .text.ComIf_Transmit
                0x0000064a      0x168 aze/base/ComIf/src/ComIf_Transmit.o
                0x0000064a                ComIf_Transmit
 .text.ComIf_UpdateTxShadowBuffer
                0x000007b2       0xee aze/base/ComIf/src/ComIf_TxShadowBuffer.o
                0x000007b2                ComIf_UpdateTxShadowBuffer
 .text.Buffer_GetBuffer
                0x000008a0       0x20 aze/base/Helpers/Buffer/src/Buffer.o
                0x000008a0                Buffer_GetBuffer
 .text.Buffer_Create
                0x000008c0       0x3a aze/base/Helpers/Buffer/src/Buffer.o
                0x000008c0                Buffer_Create
 .text.Buffer_EnQueue
                0x000008fa       0x5a aze/base/Helpers/Buffer/src/Buffer.o
                0x000008fa                Buffer_EnQueue
 .text.Buffer_DeQueue
                0x00000954       0x6c aze/base/Helpers/Buffer/src/Buffer.o
                0x00000954                Buffer_DeQueue
 .text.Buffer_Length
                0x000009c0       0x1e aze/base/Helpers/Buffer/src/Buffer.o
                0x000009c0                Buffer_Length
 .text.StringHelper_GetPointerAfter
                0x000009de       0x56 aze/base/Helpers/String/src/StringHelper.o
                0x000009de                StringHelper_GetPointerAfter
 .text.StringHelper_SplitAndGet
                0x00000a34       0xb4 aze/base/Helpers/String/src/StringHelper.o
                0x00000a34                StringHelper_SplitAndGet
 .text.StringHelper_startsWith
                0x00000ae8       0x60 aze/base/Helpers/String/src/StringHelper.o
                0x00000ae8                StringHelper_startsWith
 .text.lcd_data
                0x00000b48       0x4a aze/base/LCD_16X2/lcd.o
                0x00000b48                lcd_data
 .text.lcd_cursor
                0x00000b92       0x4a aze/base/LCD_16X2/lcd.o
                0x00000b92                lcd_cursor
 .text.lcd_clrscr
                0x00000bdc       0x4a aze/base/LCD_16X2/lcd.o
                0x00000bdc                lcd_clrscr
 .text.lcd_cmd  0x00000c26       0x4c aze/base/LCD_16X2/lcd.o
                0x00000c26                lcd_cmd
 .text.lcd_dat  0x00000c72       0x4c aze/base/LCD_16X2/lcd.o
                0x00000c72                lcd_dat
 .text.lcd_cur_pos
                0x00000cbe       0x3e aze/base/LCD_16X2/lcd.o
                0x00000cbe                lcd_cur_pos
 .text.lcd_string
                0x00000cfc       0x1a aze/base/LCD_16X2/lcd.o
                0x00000cfc                lcd_string
 .text.LCD_Init
                0x00000d16       0x42 aze/base/LCD_16X2/lcd.o
                0x00000d16                LCD_Init
 .text.DebugStringRow1
                0x00000d58       0x18 aze/base/LCD_16X2/lcd.o
                0x00000d58                DebugStringRow1
 .text.DebugStringRow2
                0x00000d70       0x18 aze/base/LCD_16X2/lcd.o
                0x00000d70                DebugStringRow2
 .text.SIMCOM_ResetJob
                0x00000d88       0x24 aze/base/SIMCOM/src/SIMCOM.o
 .text.SIMCOM_UpdateCurrentJobResponse
                0x00000dac       0xa2 aze/base/SIMCOM/src/SIMCOM.o
 .text.SIMCOM_Send_Command
                0x00000e4e       0x2a aze/base/SIMCOM/src/SIMCOM.o
 .text.SIMCOM_GetResponseWithoutHead_fromBuffer
                0x00000e78        0xc aze/base/SIMCOM/src/SIMCOM.o
 .text.SIMCOM_GetSeparated_String_fromBuffer
                0x00000e84       0x1c aze/base/SIMCOM/src/SIMCOM.o
 .text.SIMCOM_Init
                0x00000ea0       0x24 aze/base/SIMCOM/src/SIMCOM.o
                0x00000ea0                SIMCOM_Init
 .text.SIMCOM_Schedule_Job
                0x00000ec4       0x7c aze/base/SIMCOM/src/SIMCOM.o
                0x00000ec4                SIMCOM_Schedule_Job
 .text.SIMCOM_Data_Read
                0x00000f40       0xa0 aze/base/SIMCOM/src/SIMCOM.o
                0x00000f40                SIMCOM_Data_Read
 .text.SIMCOM_GetCSV_Number_fromBuffer
                0x00000fe0       0x64 aze/base/SIMCOM/src/SIMCOM.o
                0x00000fe0                SIMCOM_GetCSV_Number_fromBuffer
 .text.SIMCOM_Callback
                0x00001044      0x162 aze/base/SIMCOM/src/SIMCOM.o
 .text.SIMCOM_MainFunction
                0x000011a6      0x142 aze/base/SIMCOM/src/SIMCOM.o
                0x000011a6                SIMCOM_MainFunction
 .text.SIMCOM_StateMachine_Callback
                0x000012e8        0x6 aze/base/SIMCOM/src/SIMCOM_State.o
 .text.APN_Selection
                0x000012ee       0xc6 aze/base/SIMCOM/src/SIMCOM_State.o
                0x000012ee                APN_Selection
 .text.SIMCOM_StateMachine
                0x000013b4      0x570 aze/base/SIMCOM/src/SIMCOM_State.o
                0x000013b4                SIMCOM_StateMachine
 .text.PRC_SYS_INIT
                0x00001924        0x6 aze/base/SysOS/src/SysOS.o
                0x00001924                PRC_SYS_INIT
 .text.FUN_SYS_Evaluate_Tasks_x1
                0x0000192a       0x18 aze/base/SysOS/src/SysOS.o
                0x0000192a                FUN_SYS_Evaluate_Tasks_x1
 .text.FUN_SYS_Execute_Tasks
                0x00001942       0x18 aze/base/SysOS/src/SysOS.o
                0x00001942                FUN_SYS_Execute_Tasks
 .text.FUN_SYS_Timer_x1
                0x0000195a        0x6 aze/base/SysOS/src/SysOS.o
                0x0000195a                FUN_SYS_Timer_x1
 .text.SysOs_Main
                0x00001960       0x14 aze/base/SysOS/src/SysOS.o
                0x00001960                SysOs_Main
 .text.Avr_Init
                0x00001974        0xc aze/Cosmic_App/MQTT/src/CS_Iot.o
                0x00001974                Avr_Init
 .text.COSMIC_SIMCOM_Error_Callback
                0x00001980       0x14 aze/Cosmic_App/MQTT/src/CS_Iot.o
                0x00001980                COSMIC_SIMCOM_Error_Callback
 .text.MQTT_CALLBACK
                0x00001994        0x6 aze/Cosmic_App/MQTT/src/MQTT.o
 .text.MQTT_StateMachine
                0x0000199a      0x5aa aze/Cosmic_App/MQTT/src/MQTT.o
                0x0000199a                MQTT_StateMachine
 .text.MQTT_Publish_CallBack
                0x00001f44        0x6 aze/Cosmic_App/MQTT/src/MQTT_Publish.o
 .text.MQTT_Publish_StateMachine
                0x00001f4a      0x31c aze/Cosmic_App/MQTT/src/MQTT_Publish.o
                0x00001f4a                MQTT_Publish_StateMachine
 .text.SIMCOM_SSL_Configration_Callback
                0x00002266        0x6 aze/Cosmic_App/MQTT/src/MQTT_SSL.o
 .text.SIMCOM_SSL_CONFIG_MainFunction
                0x0000226c      0x2ca aze/Cosmic_App/MQTT/src/MQTT_SSL.o
                0x0000226c                SIMCOM_SSL_CONFIG_MainFunction
 .text.COSMIC_Generic_SIMCOM_Callback
                0x00002536       0x14 aze/Cosmic_App/MQTT_Application.o
                0x00002536                COSMIC_Generic_SIMCOM_Callback
 .text.CloudRxCommandDataRxCbk
                0x0000254a        0x2 aze/Cosmic_App/MQTT_Application.o
                0x0000254a                CloudRxCommandDataRxCbk
 .text.Cloud_ComIf_ErrorNotification
                0x0000254c        0x2 aze/Cosmic_App/MQTT_Application.o
                0x0000254c                Cloud_ComIf_ErrorNotification
 .text.Cloud_Transmit
                0x0000254e        0xe aze/Cosmic_App/MQTT_Application.o
                0x0000254e                Cloud_Transmit
 .text.UpdatePublishdata
                0x0000255c       0x36 aze/Cosmic_App/MQTT_Application.o
                0x0000255c                UpdatePublishdata
 .text.MQTT_StringSeperate
                0x00002592       0xd0 aze/Cosmic_App/MQTT_Application.o
                0x00002592                MQTT_StringSeperate
 .text.MQTT_AppMain
                0x00002662      0x10e aze/Cosmic_App/MQTT_Application.o
                0x00002662                MQTT_AppMain
 .text.PRC_SYSOS_TASK_INIT
                0x00002770       0x16 aze/Gen/SysOs_Processes.o
                0x00002770                PRC_SYSOS_TASK_INIT
 .text.PRC_SYSOS_TASK_X100
                0x00002786        0x6 aze/Gen/SysOs_Processes.o
                0x00002786                PRC_SYSOS_TASK_X100
 .text.FUN_SYS_Internal_Init
                0x0000278c       0x10 aze/Gen/SysOs_Processes.o
                0x0000278c                FUN_SYS_Internal_Init
 .text.FUN_SYS_Internal_Evaluate_Tasks_x1
                0x0000279c        0x2 aze/Gen/SysOs_Processes.o
                0x0000279c                FUN_SYS_Internal_Evaluate_Tasks_x1
 .text.FUN_SYS_Internal_Execute_Tasks
                0x0000279e        0x6 aze/Gen/SysOs_Processes.o
                0x0000279e                FUN_SYS_Internal_Execute_Tasks
 .text.main     0x000027a4        0xa main.o
                0x000027a4                main
 .text.libgcc   0x000027ae        0xc c:/program files (x86)/atmel/studio/7.0/toolchain/avr8/avr8-gnu-toolchain/bin/../lib/gcc/avr/5.4.0/avr5\libgcc.a(_tablejump2.o)
                0x000027ae                __tablejump2__
 .text.avr-libc
                0x000027ba       0x3c c:/program files (x86)/atmel/studio/7.0/toolchain/avr8/avr8-gnu-toolchain/bin/../lib/gcc/avr/5.4.0/../../../../avr/lib/avr5\libc.a(atoi.o)
                0x000027ba                atoi
 .text.avr-libc
                0x000027f6       0x1a c:/program files (x86)/atmel/studio/7.0/toolchain/avr8/avr8-gnu-toolchain/bin/../lib/gcc/avr/5.4.0/../../../../avr/lib/avr5\libc.a(memcmp.o)
                0x000027f6                memcmp
 .text.avr-libc
                0x00002810       0x12 c:/program files (x86)/atmel/studio/7.0/toolchain/avr8/avr8-gnu-toolchain/bin/../lib/gcc/avr/5.4.0/../../../../avr/lib/avr5\libc.a(memcpy.o)
                0x00002810                memcpy
 .text.avr-libc
                0x00002822       0x12 c:/program files (x86)/atmel/studio/7.0/toolchain/avr8/avr8-gnu-toolchain/bin/../lib/gcc/avr/5.4.0/../../../../avr/lib/avr5\libc.a(strcmp.o)
                0x00002822                strcmp
 .text.avr-libc
                0x00002834        0xe c:/program files (x86)/atmel/studio/7.0/toolchain/avr8/avr8-gnu-toolchain/bin/../lib/gcc/avr/5.4.0/../../../../avr/lib/avr5\libc.a(strcpy.o)
                0x00002834                strcpy
 .text.avr-libc
                0x00002842       0x34 c:/program files (x86)/atmel/studio/7.0/toolchain/avr8/avr8-gnu-toolchain/bin/../lib/gcc/avr/5.4.0/../../../../avr/lib/avr5\libc.a(strstr.o)
                0x00002842                strstr
 .text.avr-libc
                0x00002876       0x10 c:/program files (x86)/atmel/studio/7.0/toolchain/avr8/avr8-gnu-toolchain/bin/../lib/gcc/avr/5.4.0/../../../../avr/lib/avr5\libc.a(mul10.o)
                0x00002876                __mulhi_const_10
 .text.avr-libc
                0x00002886       0x44 c:/program files (x86)/atmel/studio/7.0/toolchain/avr8/avr8-gnu-toolchain/bin/../lib/gcc/avr/5.4.0/../../../../avr/lib/avr5\libc.a(sprintf.o)
                0x00002886                sprintf
 .text.avr-libc
                0x000028ca      0x3c2 c:/program files (x86)/atmel/studio/7.0/toolchain/avr8/avr8-gnu-toolchain/bin/../lib/gcc/avr/5.4.0/../../../../avr/lib/avr5\libc.a(vfprintf_std.o)
                0x000028ca                vfprintf
 .text.avr-libc
                0x00002c8c       0x16 c:/program files (x86)/atmel/studio/7.0/toolchain/avr8/avr8-gnu-toolchain/bin/../lib/gcc/avr/5.4.0/../../../../avr/lib/avr5\libc.a(strnlen_P.o)
                0x00002c8c                strnlen_P
 .text.avr-libc
                0x00002ca2       0x16 c:/program files (x86)/atmel/studio/7.0/toolchain/avr8/avr8-gnu-toolchain/bin/../lib/gcc/avr/5.4.0/../../../../avr/lib/avr5\libc.a(strnlen.o)
                0x00002ca2                strnlen
 .text.avr-libc
                0x00002cb8       0x78 c:/program files (x86)/atmel/studio/7.0/toolchain/avr8/avr8-gnu-toolchain/bin/../lib/gcc/avr/5.4.0/../../../../avr/lib/avr5\libc.a(fputc.o)
                0x00002cb8                fputc
 .text.avr-libc
                0x00002d30       0xbc c:/program files (x86)/atmel/studio/7.0/toolchain/avr8/avr8-gnu-toolchain/bin/../lib/gcc/avr/5.4.0/../../../../avr/lib/avr5\libc.a(ultoa_invert.o)
                0x00002d30                __ultoa_invert
 .text.libgcc.prologue
                0x00002dec       0x38 c:/program files (x86)/atmel/studio/7.0/toolchain/avr8/avr8-gnu-toolchain/bin/../lib/gcc/avr/5.4.0/avr5\libgcc.a(_prologue.o)
                0x00002dec                __prologue_saves__
 .text.libgcc.prologue
                0x00002e24       0x36 c:/program files (x86)/atmel/studio/7.0/toolchain/avr8/avr8-gnu-toolchain/bin/../lib/gcc/avr/5.4.0/avr5\libgcc.a(_epilogue.o)
                0x00002e24                __epilogue_restores__
                0x00002e5a                . = ALIGN (0x2)
 *(.fini9)
 .fini9         0x00002e5a        0x0 c:/program files (x86)/atmel/studio/7.0/toolchain/avr8/avr8-gnu-toolchain/bin/../lib/gcc/avr/5.4.0/avr5\libgcc.a(_exit.o)
                0x00002e5a                _exit
                0x00002e5a                exit
 *(.fini9)
 *(.fini8)
 *(.fini8)
 *(.fini7)
 *(.fini7)
 *(.fini6)
 *(.fini6)
 *(.fini5)
 *(.fini5)
 *(.fini4)
 *(.fini4)
 *(.fini3)
 *(.fini3)
 *(.fini2)
 *(.fini2)
 *(.fini1)
 *(.fini1)
 *(.fini0)
 .fini0         0x00002e5a        0x4 c:/program files (x86)/atmel/studio/7.0/toolchain/avr8/avr8-gnu-toolchain/bin/../lib/gcc/avr/5.4.0/avr5\libgcc.a(_exit.o)
 *(.fini0)
                0x00002e5e                _etext = .

.data           0x00800060      0x3a8 load address 0x00002e5e
                0x00800060                PROVIDE (__data_start, .)
 *(.data)
 *(.data*)
 .data.SIMCOM_Aliveness_Counter
                0x00800060        0x4 aze/base/SIMCOM/src/SIMCOM.o
 .data.SIMCOM_IncompleteCounter
                0x00800064        0x4 aze/base/SIMCOM/src/SIMCOM.o
 .data.SIMCOM_SM_Retry_Count
                0x00800068        0x1 aze/base/SIMCOM/src/SIMCOM_State.o
 .data.MQTTReconnectCount
                0x00800069        0x1 aze/Cosmic_App/MQTT/src/MQTT.o
                0x00800069                MQTTReconnectCount
 .data.MQTT_Retry_Count
                0x0080006a        0x1 aze/Cosmic_App/MQTT/src/MQTT.o
 .data.MQTT_State
                0x0080006b        0x1 aze/Cosmic_App/MQTT/src/MQTT.o
                0x0080006b                MQTT_State
 .data.MQTT_Publish_Retry_Count
                0x0080006c        0x1 aze/Cosmic_App/MQTT/src/MQTT_Publish.o
 .data.SIMCOM_SSL_Config_Retry_Count
                0x0080006d        0x1 aze/Cosmic_App/MQTT/src/MQTT_SSL.o
 .data.C_MQTT_SSL_Config_State
                0x0080006e        0x1 aze/Cosmic_App/MQTT/src/MQTT_SSL.o
                0x0080006e                C_MQTT_SSL_Config_State
 .data.ComIf_ChannelConfig
                0x0080006f       0x13 aze/Gen/ComIf_Config.o
                0x0080006f                ComIf_ChannelConfig
 .data.ComIfRxMsgCfg_Cloud
                0x00800082        0x9 aze/Gen/ComIf_Config.o
                0x00800082                ComIfRxMsgCfg_Cloud
 .data.ComIfTxMsgCfg_Cloud
                0x0080008b        0xb aze/Gen/ComIf_Config.o
                0x0080008b                ComIfTxMsgCfg_Cloud
 *(.gnu.linkonce.d*)
 *(.rodata)
 *(.rodata*)
 .rodata.str1.1
                0x00800096        0xa aze/base/LCD_16X2/lcd.o
 .rodata.str1.1
                0x008000a0       0x57 aze/base/SIMCOM/src/SIMCOM.o
                                 0x58 (size before relaxing)
 .rodata.str1.1
                0x008000f7       0xe3 aze/base/SIMCOM/src/SIMCOM_State.o
                                 0xe9 (size before relaxing)
 .rodata.str1.1
                0x008001da      0x127 aze/Cosmic_App/MQTT/src/MQTT.o
                                0x12a (size before relaxing)
 .rodata.str1.1
                0x00800301       0x4c aze/Cosmic_App/MQTT/src/MQTT_Publish.o
                                 0x51 (size before relaxing)
 .rodata.str1.1
                0x0080034d       0xad aze/Cosmic_App/MQTT/src/MQTT_SSL.o
                                 0xb0 (size before relaxing)
 .rodata.str1.1
                0x008003fa        0xd aze/Cosmic_App/MQTT_Application.o
                                 0x10 (size before relaxing)
 *(.gnu.linkonce.r*)
                0x00800408                . = ALIGN (0x2)
 *fill*         0x00800407        0x1 
                0x00800408                _edata = .
                0x00800408                PROVIDE (__data_end, .)

.bss            0x00800408      0x39d
                0x00800408                PROVIDE (__bss_start, .)
 *(.bss)
 *(.bss*)
 .bss.prevData.2597
                0x00800408        0x1 aze/base/SIMCOM/src/SIMCOM.o
 .bss.PublishStatus
                0x00800409        0x1 aze/base/SIMCOM/src/SIMCOM.o
                0x00800409                PublishStatus
 .bss.SIMCOM_ReceptionIgnoreCommandCount
                0x0080040a        0x1 aze/base/SIMCOM/src/SIMCOM.o
                0x0080040a                SIMCOM_ReceptionIgnoreCommandCount
 .bss.SIMCOM_ResponseLength
                0x0080040b        0x1 aze/base/SIMCOM/src/SIMCOM.o
                0x0080040b                SIMCOM_ResponseLength
 .bss.SIMCOM_ComState
                0x0080040c        0x1 aze/base/SIMCOM/src/SIMCOM.o
                0x0080040c                SIMCOM_ComState
 .bss.SIMCOM_Job_Result
                0x0080040d        0x1 aze/base/SIMCOM/src/SIMCOM_State.o
 .bss.SIMCOM_State
                0x0080040e        0x1 aze/base/SIMCOM/src/SIMCOM_State.o
                0x0080040e                SIMCOM_State
 .bss.g_Fatal_Error_B
                0x0080040f        0x1 aze/base/SysOS/src/SysOS.o
                0x0080040f                g_Fatal_Error_B
 .bss.SIMCOM_Job_Result
                0x00800410        0x1 aze/Cosmic_App/MQTT/src/MQTT.o
 .bss.SIMCOM_Job_Result
                0x00800411        0x1 aze/Cosmic_App/MQTT/src/MQTT_Publish.o
 .bss.Publish_State
                0x00800412        0x1 aze/Cosmic_App/MQTT/src/MQTT_Publish.o
                0x00800412                Publish_State
 .bss.SIMCOM_Job_Result
                0x00800413        0x1 aze/Cosmic_App/MQTT/src/MQTT_SSL.o
 .bss.arr.2506  0x00800414        0x5 aze/Cosmic_App/MQTT_Application.o
 .bss.IsSubscribeMsgRecieved
                0x00800419        0x1 aze/Cosmic_App/MQTT_Application.o
                0x00800419                IsSubscribeMsgRecieved
 .bss.MQTTApp_State
                0x0080041a        0x1 aze/Cosmic_App/MQTT_Application.o
                0x0080041a                MQTTApp_State
 *(COMMON)
 COMMON         0x0080041b        0x6 aze/base/Helpers/Buffer/src/Buffer.o
                0x0080041b                Buffers
 COMMON         0x00800421      0x10b aze/base/Helpers/String/src/StringHelper.o
                0x00800421                StringHelper_Buffer
                0x00800520                StringHelper_NumberString_Buffer
 COMMON         0x0080052c       0xd1 aze/base/SIMCOM/src/SIMCOM.o
                0x0080052c                SIMCOM_ResponseBuffer
                0x008005f4                SIMCOM_CurrentJob
 COMMON         0x008005fd       0x28 aze/base/SIMCOM/src/SIMCOM_State.o
                0x008005fd                APN_name
 COMMON         0x00800625       0x40 aze/Cosmic_App/MQTT/src/MQTT_Publish.o
                0x00800625                PublishPayload
 COMMON         0x00800665       0x26 aze/Cosmic_App/MQTT_Application.o
                0x00800665                CommandData
                0x0080066d                SubscribeDataBuff
 COMMON         0x0080068b       0xc8 aze/Gen/Buffer_Config.o
                0x0080068b                BufferArray_SIMCOM
 COMMON         0x00800753       0x51 aze/Gen/ComIf_Config.o
                0x00800753                ComIf_ShadowBuffer_Cloud_CommandDataStatus
                0x0080075b                ComIf_RxMessageBuffer_Cloud_RxCommandData
                0x00800764                ComIfChannelTxBuffer_Cloud
 COMMON         0x008007a4        0x1 aze/Gen/SysOs_Processes.o
                0x008007a4                SysOS_Ctrl
                0x008007a5                PROVIDE (__bss_end, .)
                0x00002e5e                __data_load_start = LOADADDR (.data)
                0x00003206                __data_load_end = (__data_load_start + SIZEOF (.data))

.noinit         0x008007a5        0x0
                [!provide]                PROVIDE (__noinit_start, .)
 *(.noinit*)
                [!provide]                PROVIDE (__noinit_end, .)
                0x008007a5                _end = .
                [!provide]                PROVIDE (__heap_start, .)

.eeprom         0x00810000        0x0
 *(.eeprom*)
                0x00810000                __eeprom_end = .

.fuse
 *(.fuse)
 *(.lfuse)
 *(.hfuse)
 *(.efuse)

.lock
 *(.lock*)

.signature
 *(.signature*)

.user_signatures
 *(.user_signatures*)

.stab
 *(.stab)

.stabstr
 *(.stabstr)

.stab.excl
 *(.stab.excl)

.stab.exclstr
 *(.stab.exclstr)

.stab.index
 *(.stab.index)

.stab.indexstr
 *(.stab.indexstr)

.comment        0x00000000       0x5c
 *(.comment)
 .comment       0x00000000       0x30 aze/base/Atmega_Drivers/TIM1_Interupt.o
                                 0x31 (size before relaxing)
 .comment       0x00000030       0x31 aze/base/Atmega_Drivers/uart.o
 .comment       0x00000030       0x31 aze/base/ComIf/src/ComIf.o
 .comment       0x00000030       0x31 aze/base/ComIf/src/ComIf_CalcChecksum.o
 .comment       0x00000030       0x31 aze/base/ComIf/src/ComIf_Transmit.o
 .comment       0x00000030       0x31 aze/base/ComIf/src/ComIf_TxShadowBuffer.o
 .comment       0x00000030       0x31 aze/base/Helpers/Buffer/src/Buffer.o
 .comment       0x00000030       0x31 aze/base/Helpers/String/src/StringHelper.o
 .comment       0x00000030       0x31 aze/base/LCD_16X2/lcd.o
 .comment       0x00000030       0x31 aze/base/SIMCOM/src/SIMCOM.o
 .comment       0x00000030       0x31 aze/base/SIMCOM/src/SIMCOM_State.o
 .comment       0x00000030       0x31 aze/base/SysOS/src/SysOS.o
 .comment       0x00000030       0x31 aze/Cosmic_App/MQTT/src/CS_Iot.o
 .comment       0x00000030       0x31 aze/Cosmic_App/MQTT/src/MQTT.o
 .comment       0x00000030       0x31 aze/Cosmic_App/MQTT/src/MQTT_Publish.o
 .comment       0x00000030       0x31 aze/Cosmic_App/MQTT/src/MQTT_SSL.o
 .comment       0x00000030       0x31 aze/Cosmic_App/MQTT_Application.o
 .comment       0x00000030       0x31 aze/Gen/Buffer_Config.o
 .comment       0x00000030       0x31 aze/Gen/ComIf_Config.o
 .comment       0x00000030       0x31 aze/Gen/SysOs_Processes.o
 .comment       0x00000030       0x31 main.o
 .comment       0x00000030       0x31 c:/program files (x86)/atmel/studio/7.0/toolchain/avr8/avr8-gnu-toolchain/bin/../lib/gcc/avr/5.4.0/../../../../avr/lib/avr5\libc.a(sprintf.o)
 .comment       0x00000030       0x2c c:/program files (x86)/atmel/studio/7.0/toolchain/avr8/avr8-gnu-toolchain/bin/../lib/gcc/avr/5.4.0/../../../../avr/lib/avr5\libc.a(vfprintf_std.o)
                                 0x2d (size before relaxing)
 .comment       0x0000005c       0x31 c:/program files (x86)/atmel/studio/7.0/toolchain/avr8/avr8-gnu-toolchain/bin/../lib/gcc/avr/5.4.0/../../../../avr/lib/avr5\libc.a(fputc.o)

.note.gnu.avr.deviceinfo
                0x00000000       0x3c
 .note.gnu.avr.deviceinfo
                0x00000000       0x3c C:/Program Files (x86)/Atmel/Studio/7.0/Packs/atmel/ATmega_DFP/1.7.374/gcc/dev/atmega32a/avr5/crtatmega32a.o

.note.gnu.build-id
 *(.note.gnu.build-id)

.debug
 *(.debug)

.line
 *(.line)

.debug_srcinfo
 *(.debug_srcinfo)

.debug_sfnames
 *(.debug_sfnames)

.debug_aranges  0x00000000      0x4d0
 *(.debug_aranges)
 .debug_aranges
                0x00000000       0x28 aze/base/Atmega_Drivers/TIM1_Interupt.o
 .debug_aranges
                0x00000028       0x48 aze/base/Atmega_Drivers/uart.o
 .debug_aranges
                0x00000070       0x30 aze/base/ComIf/src/ComIf.o
 .debug_aranges
                0x000000a0       0x28 aze/base/ComIf/src/ComIf_CalcChecksum.o
 .debug_aranges
                0x000000c8       0x40 aze/base/ComIf/src/ComIf_Transmit.o
 .debug_aranges
                0x00000108       0x30 aze/base/ComIf/src/ComIf_TxShadowBuffer.o
 .debug_aranges
                0x00000138       0x48 aze/base/Helpers/Buffer/src/Buffer.o
 .debug_aranges
                0x00000180       0x50 aze/base/Helpers/String/src/StringHelper.o
 .debug_aranges
                0x000001d0       0x80 aze/base/LCD_16X2/lcd.o
 .debug_aranges
                0x00000250       0x80 aze/base/SIMCOM/src/SIMCOM.o
 .debug_aranges
                0x000002d0       0x30 aze/base/SIMCOM/src/SIMCOM_State.o
 .debug_aranges
                0x00000300       0x40 aze/base/SysOS/src/SysOS.o
 .debug_aranges
                0x00000340       0x28 aze/Cosmic_App/MQTT/src/CS_Iot.o
 .debug_aranges
                0x00000368       0x28 aze/Cosmic_App/MQTT/src/MQTT.o
 .debug_aranges
                0x00000390       0x28 aze/Cosmic_App/MQTT/src/MQTT_Publish.o
 .debug_aranges
                0x000003b8       0x28 aze/Cosmic_App/MQTT/src/MQTT_SSL.o
 .debug_aranges
                0x000003e0       0x50 aze/Cosmic_App/MQTT_Application.o
 .debug_aranges
                0x00000430       0x20 aze/Gen/Buffer_Config.o
 .debug_aranges
                0x00000450       0x20 aze/Gen/ComIf_Config.o
 .debug_aranges
                0x00000470       0x40 aze/Gen/SysOs_Processes.o
 .debug_aranges
                0x000004b0       0x20 main.o

.debug_pubnames
 *(.debug_pubnames)

.debug_info     0x00000000     0x72db
 *(.debug_info .gnu.linkonce.wi.*)
 .debug_info    0x00000000      0x4e6 C:/Program Files (x86)/Atmel/Studio/7.0/Packs/atmel/ATmega_DFP/1.7.374/gcc/dev/atmega32a/avr5/crtatmega32a.o
 .debug_info    0x000004e6       0xcd aze/base/Atmega_Drivers/TIM1_Interupt.o
 .debug_info    0x000005b3      0x1cf aze/base/Atmega_Drivers/uart.o
 .debug_info    0x00000782      0x615 aze/base/ComIf/src/ComIf.o
 .debug_info    0x00000d97      0x121 aze/base/ComIf/src/ComIf_CalcChecksum.o
 .debug_info    0x00000eb8      0xd69 aze/base/ComIf/src/ComIf_Transmit.o
 .debug_info    0x00001c21      0x672 aze/base/ComIf/src/ComIf_TxShadowBuffer.o
 .debug_info    0x00002293      0x376 aze/base/Helpers/Buffer/src/Buffer.o
 .debug_info    0x00002609      0x4a0 aze/base/Helpers/String/src/StringHelper.o
 .debug_info    0x00002aa9      0x7ab aze/base/LCD_16X2/lcd.o
 .debug_info    0x00003254      0xe54 aze/base/SIMCOM/src/SIMCOM.o
 .debug_info    0x000040a8      0x9b4 aze/base/SIMCOM/src/SIMCOM_State.o
 .debug_info    0x00004a5c      0x1d4 aze/base/SysOS/src/SysOS.o
 .debug_info    0x00004c30      0x290 aze/Cosmic_App/MQTT/src/CS_Iot.o
 .debug_info    0x00004ec0      0x89d aze/Cosmic_App/MQTT/src/MQTT.o
 .debug_info    0x0000575d      0x575 aze/Cosmic_App/MQTT/src/MQTT_Publish.o
 .debug_info    0x00005cd2      0x594 aze/Cosmic_App/MQTT/src/MQTT_SSL.o
 .debug_info    0x00006266      0x708 aze/Cosmic_App/MQTT_Application.o
 .debug_info    0x0000696e      0x10c aze/Gen/Buffer_Config.o
 .debug_info    0x00006a7a      0x5cc aze/Gen/ComIf_Config.o
 .debug_info    0x00007046      0x1f0 aze/Gen/SysOs_Processes.o
 .debug_info    0x00007236       0xa5 main.o

.debug_abbrev   0x00000000     0x221f
 *(.debug_abbrev)
 .debug_abbrev  0x00000000      0x4a3 C:/Program Files (x86)/Atmel/Studio/7.0/Packs/atmel/ATmega_DFP/1.7.374/gcc/dev/atmega32a/avr5/crtatmega32a.o
 .debug_abbrev  0x000004a3       0x88 aze/base/Atmega_Drivers/TIM1_Interupt.o
 .debug_abbrev  0x0000052b      0x11e aze/base/Atmega_Drivers/uart.o
 .debug_abbrev  0x00000649      0x174 aze/base/ComIf/src/ComIf.o
 .debug_abbrev  0x000007bd       0xb4 aze/base/ComIf/src/ComIf_CalcChecksum.o
 .debug_abbrev  0x00000871      0x30b aze/base/ComIf/src/ComIf_Transmit.o
 .debug_abbrev  0x00000b7c      0x1b6 aze/base/ComIf/src/ComIf_TxShadowBuffer.o
 .debug_abbrev  0x00000d32      0x108 aze/base/Helpers/Buffer/src/Buffer.o
 .debug_abbrev  0x00000e3a      0x18e aze/base/Helpers/String/src/StringHelper.o
 .debug_abbrev  0x00000fc8      0x1a0 aze/base/LCD_16X2/lcd.o
 .debug_abbrev  0x00001168      0x354 aze/base/SIMCOM/src/SIMCOM.o
 .debug_abbrev  0x000014bc      0x1d8 aze/base/SIMCOM/src/SIMCOM_State.o
 .debug_abbrev  0x00001694       0xb6 aze/base/SysOS/src/SysOS.o
 .debug_abbrev  0x0000174a       0x86 aze/Cosmic_App/MQTT/src/CS_Iot.o
 .debug_abbrev  0x000017d0      0x18e aze/Cosmic_App/MQTT/src/MQTT.o
 .debug_abbrev  0x0000195e      0x188 aze/Cosmic_App/MQTT/src/MQTT_Publish.o
 .debug_abbrev  0x00001ae6      0x19f aze/Cosmic_App/MQTT/src/MQTT_SSL.o
 .debug_abbrev  0x00001c85      0x283 aze/Cosmic_App/MQTT_Application.o
 .debug_abbrev  0x00001f08       0xb7 aze/Gen/Buffer_Config.o
 .debug_abbrev  0x00001fbf      0x13e aze/Gen/ComIf_Config.o
 .debug_abbrev  0x000020fd       0xbd aze/Gen/SysOs_Processes.o
 .debug_abbrev  0x000021ba       0x65 main.o

.debug_line     0x00000000     0x3ef3
 *(.debug_line .debug_line.* .debug_line_end)
 .debug_line    0x00000000      0x116 C:/Program Files (x86)/Atmel/Studio/7.0/Packs/atmel/ATmega_DFP/1.7.374/gcc/dev/atmega32a/avr5/crtatmega32a.o
 .debug_line    0x00000116      0x113 aze/base/Atmega_Drivers/TIM1_Interupt.o
 .debug_line    0x00000229      0x22a aze/base/Atmega_Drivers/uart.o
 .debug_line    0x00000453      0x145 aze/base/ComIf/src/ComIf.o
 .debug_line    0x00000598       0xf4 aze/base/ComIf/src/ComIf_CalcChecksum.o
 .debug_line    0x0000068c      0x54a aze/base/ComIf/src/ComIf_Transmit.o
 .debug_line    0x00000bd6      0x1bb aze/base/ComIf/src/ComIf_TxShadowBuffer.o
 .debug_line    0x00000d91      0x2c2 aze/base/Helpers/Buffer/src/Buffer.o
 .debug_line    0x00001053      0x373 aze/base/Helpers/String/src/StringHelper.o
 .debug_line    0x000013c6      0x4d0 aze/base/LCD_16X2/lcd.o
 .debug_line    0x00001896      0x710 aze/base/SIMCOM/src/SIMCOM.o
 .debug_line    0x00001fa6      0x6e9 aze/base/SIMCOM/src/SIMCOM_State.o
 .debug_line    0x0000268f      0x125 aze/base/SysOS/src/SysOS.o
 .debug_line    0x000027b4      0x1d4 aze/Cosmic_App/MQTT/src/CS_Iot.o
 .debug_line    0x00002988      0x708 aze/Cosmic_App/MQTT/src/MQTT.o
 .debug_line    0x00003090      0x411 aze/Cosmic_App/MQTT/src/MQTT_Publish.o
 .debug_line    0x000034a1      0x42c aze/Cosmic_App/MQTT/src/MQTT_SSL.o
 .debug_line    0x000038cd      0x399 aze/Cosmic_App/MQTT_Application.o
 .debug_line    0x00003c66       0x78 aze/Gen/Buffer_Config.o
 .debug_line    0x00003cde       0xb1 aze/Gen/ComIf_Config.o
 .debug_line    0x00003d8f       0xfe aze/Gen/SysOs_Processes.o
 .debug_line    0x00003e8d       0x66 main.o

.debug_frame    0x00000000      0xb0c
 *(.debug_frame)
 .debug_frame   0x00000000       0x7c aze/base/Atmega_Drivers/TIM1_Interupt.o
 .debug_frame   0x0000007c       0xc8 aze/base/Atmega_Drivers/uart.o
 .debug_frame   0x00000144       0x50 aze/base/ComIf/src/ComIf.o
 .debug_frame   0x00000194       0x40 aze/base/ComIf/src/ComIf_CalcChecksum.o
 .debug_frame   0x000001d4      0x130 aze/base/ComIf/src/ComIf_Transmit.o
 .debug_frame   0x00000304       0x78 aze/base/ComIf/src/ComIf_TxShadowBuffer.o
 .debug_frame   0x0000037c       0x98 aze/base/Helpers/Buffer/src/Buffer.o
 .debug_frame   0x00000414       0xec aze/base/Helpers/String/src/StringHelper.o
 .debug_frame   0x00000500      0x158 aze/base/LCD_16X2/lcd.o
 .debug_frame   0x00000658      0x158 aze/base/SIMCOM/src/SIMCOM.o
 .debug_frame   0x000007b0       0x68 aze/base/SIMCOM/src/SIMCOM_State.o
 .debug_frame   0x00000818       0x64 aze/base/SysOS/src/SysOS.o
 .debug_frame   0x0000087c       0x34 aze/Cosmic_App/MQTT/src/CS_Iot.o
 .debug_frame   0x000008b0       0x40 aze/Cosmic_App/MQTT/src/MQTT.o
 .debug_frame   0x000008f0       0x54 aze/Cosmic_App/MQTT/src/MQTT_Publish.o
 .debug_frame   0x00000944       0x3c aze/Cosmic_App/MQTT/src/MQTT_SSL.o
 .debug_frame   0x00000980       0xbc aze/Cosmic_App/MQTT_Application.o
 .debug_frame   0x00000a3c       0x24 aze/Gen/Buffer_Config.o
 .debug_frame   0x00000a60       0x24 aze/Gen/ComIf_Config.o
 .debug_frame   0x00000a84       0x64 aze/Gen/SysOs_Processes.o
 .debug_frame   0x00000ae8       0x24 main.o

.debug_str      0x00000000     0x1f7e
 *(.debug_str)
 .debug_str     0x00000000      0x196 C:/Program Files (x86)/Atmel/Studio/7.0/Packs/atmel/ATmega_DFP/1.7.374/gcc/dev/atmega32a/avr5/crtatmega32a.o
 .debug_str     0x00000196      0x186 aze/base/Atmega_Drivers/TIM1_Interupt.o
                                0x1ba (size before relaxing)
 .debug_str     0x0000031c       0xca aze/base/Atmega_Drivers/uart.o
                                0x239 (size before relaxing)
 .debug_str     0x000003e6      0x38e aze/base/ComIf/src/ComIf.o
                                0x5bc (size before relaxing)
 .debug_str     0x00000774       0x59 aze/base/ComIf/src/ComIf_CalcChecksum.o
                                0x1e6 (size before relaxing)
 .debug_str     0x000007cd      0x1e8 aze/base/ComIf/src/ComIf_Transmit.o
                                0x769 (size before relaxing)
 .debug_str     0x000009b5       0x68 aze/base/ComIf/src/ComIf_TxShadowBuffer.o
                                0x5e3 (size before relaxing)
 .debug_str     0x00000a1d       0xcc aze/base/Helpers/Buffer/src/Buffer.o
                                0x268 (size before relaxing)
 .debug_str     0x00000ae9      0x1a3 aze/base/Helpers/String/src/StringHelper.o
                                0x336 (size before relaxing)
 .debug_str     0x00000c8c      0x10c aze/base/LCD_16X2/lcd.o
                                0x259 (size before relaxing)
 .debug_str     0x00000d98      0x818 aze/base/SIMCOM/src/SIMCOM.o
                                0xb6d (size before relaxing)
 .debug_str     0x000015b0      0x267 aze/base/SIMCOM/src/SIMCOM_State.o
                                0x6c6 (size before relaxing)
 .debug_str     0x00001817      0x103 aze/base/SysOS/src/SysOS.o
                                0x285 (size before relaxing)
 .debug_str     0x0000191a      0x143 aze/Cosmic_App/MQTT/src/CS_Iot.o
                                0x65b (size before relaxing)
 .debug_str     0x00001a5d       0xb1 aze/Cosmic_App/MQTT/src/MQTT.o
                                0x6f4 (size before relaxing)
 .debug_str     0x00001b0e       0xac aze/Cosmic_App/MQTT/src/MQTT_Publish.o
                                0x5ca (size before relaxing)
 .debug_str     0x00001bba       0x95 aze/Cosmic_App/MQTT/src/MQTT_SSL.o
                                0x71f (size before relaxing)
 .debug_str     0x00001c4f      0x1e8 aze/Cosmic_App/MQTT_Application.o
                                0x73e (size before relaxing)
 .debug_str     0x00001e37       0x27 aze/Gen/Buffer_Config.o
                                0x1af (size before relaxing)
 .debug_str     0x00001e5e       0xca aze/Gen/ComIf_Config.o
                                0x61e (size before relaxing)
 .debug_str     0x00001f28       0x45 aze/Gen/SysOs_Processes.o
                                0x284 (size before relaxing)
 .debug_str     0x00001f6d       0x11 main.o
                                0x174 (size before relaxing)

.debug_loc      0x00000000     0x3d7b
 *(.debug_loc)
 .debug_loc     0x00000000       0xcb aze/base/Atmega_Drivers/TIM1_Interupt.o
 .debug_loc     0x000000cb      0x135 aze/base/Atmega_Drivers/uart.o
 .debug_loc     0x00000200      0x1f5 aze/base/ComIf/src/ComIf.o
 .debug_loc     0x000003f5      0x121 aze/base/ComIf/src/ComIf_CalcChecksum.o
 .debug_loc     0x00000516      0xe7f aze/base/ComIf/src/ComIf_Transmit.o
 .debug_loc     0x00001395      0x497 aze/base/ComIf/src/ComIf_TxShadowBuffer.o
 .debug_loc     0x0000182c      0x4b2 aze/base/Helpers/Buffer/src/Buffer.o
 .debug_loc     0x00001cde      0x6d7 aze/base/Helpers/String/src/StringHelper.o
 .debug_loc     0x000023b5      0x753 aze/base/LCD_16X2/lcd.o
 .debug_loc     0x00002b08      0x6eb aze/base/SIMCOM/src/SIMCOM.o
 .debug_loc     0x000031f3      0x3e5 aze/base/SIMCOM/src/SIMCOM_State.o
 .debug_loc     0x000035d8      0x1bd aze/Cosmic_App/MQTT/src/MQTT.o
 .debug_loc     0x00003795      0x114 aze/Cosmic_App/MQTT/src/MQTT_Publish.o
 .debug_loc     0x000038a9       0xcc aze/Cosmic_App/MQTT/src/MQTT_SSL.o
 .debug_loc     0x00003975      0x39a aze/Cosmic_App/MQTT_Application.o
 .debug_loc     0x00003d0f       0x6c aze/Gen/ComIf_Config.o

.debug_macinfo
 *(.debug_macinfo)

.debug_weaknames
 *(.debug_weaknames)

.debug_funcnames
 *(.debug_funcnames)

.debug_typenames
 *(.debug_typenames)

.debug_varnames
 *(.debug_varnames)

.debug_pubtypes
 *(.debug_pubtypes)

.debug_ranges   0x00000000      0x588
 *(.debug_ranges)
 .debug_ranges  0x00000000       0x18 aze/base/Atmega_Drivers/TIM1_Interupt.o
 .debug_ranges  0x00000018       0x38 aze/base/Atmega_Drivers/uart.o
 .debug_ranges  0x00000050       0x80 aze/base/ComIf/src/ComIf.o
 .debug_ranges  0x000000d0       0x18 aze/base/ComIf/src/ComIf_CalcChecksum.o
 .debug_ranges  0x000000e8       0x90 aze/base/ComIf/src/ComIf_Transmit.o
 .debug_ranges  0x00000178       0x50 aze/base/ComIf/src/ComIf_TxShadowBuffer.o
 .debug_ranges  0x000001c8       0x50 aze/base/Helpers/Buffer/src/Buffer.o
 .debug_ranges  0x00000218       0x70 aze/base/Helpers/String/src/StringHelper.o
 .debug_ranges  0x00000288       0x70 aze/base/LCD_16X2/lcd.o
 .debug_ranges  0x000002f8       0x70 aze/base/SIMCOM/src/SIMCOM.o
 .debug_ranges  0x00000368       0xd8 aze/base/SIMCOM/src/SIMCOM_State.o
 .debug_ranges  0x00000440       0x30 aze/base/SysOS/src/SysOS.o
 .debug_ranges  0x00000470       0x18 aze/Cosmic_App/MQTT/src/CS_Iot.o
 .debug_ranges  0x00000488       0x30 aze/Cosmic_App/MQTT/src/MQTT.o
 .debug_ranges  0x000004b8       0x18 aze/Cosmic_App/MQTT/src/MQTT_Publish.o
 .debug_ranges  0x000004d0       0x18 aze/Cosmic_App/MQTT/src/MQTT_SSL.o
 .debug_ranges  0x000004e8       0x40 aze/Cosmic_App/MQTT_Application.o
 .debug_ranges  0x00000528       0x10 aze/Gen/Buffer_Config.o
 .debug_ranges  0x00000538       0x10 aze/Gen/ComIf_Config.o
 .debug_ranges  0x00000548       0x30 aze/Gen/SysOs_Processes.o
 .debug_ranges  0x00000578       0x10 main.o

.debug_macro
 *(.debug_macro)
OUTPUT(COSMIC-IoT.elf elf32-avr)
LOAD linker stubs
