Archive member included to satisfy reference by file (symbol)

c:/program files (x86)/atmel/studio/7.0/toolchain/avr8/avr8-gnu-toolchain/bin/../lib/gcc/avr/5.4.0/avr5\libgcc.a(_udivmodsi4.o)
                              aze/base/Helpers/String/src/StringHelper.o (__udivmodsi4)
c:/program files (x86)/atmel/studio/7.0/toolchain/avr8/avr8-gnu-toolchain/bin/../lib/gcc/avr/5.4.0/avr5\libgcc.a(_exit.o)
                              C:/Program Files (x86)/Atmel/Studio/7.0/Packs/atmel/ATmega_DFP/1.7.374/gcc/dev/atmega32a/avr5/crtatmega32a.o (exit)
c:/program files (x86)/atmel/studio/7.0/toolchain/avr8/avr8-gnu-toolchain/bin/../lib/gcc/avr/5.4.0/avr5\libgcc.a(_tablejump2.o)
                              aze/base/SIMCOM/src/SIMCOM_State.o (__tablejump2__)
c:/program files (x86)/atmel/studio/7.0/toolchain/avr8/avr8-gnu-toolchain/bin/../lib/gcc/avr/5.4.0/avr5\libgcc.a(_copy_data.o)
                              aze/base/LCD_16X2/LCD.o (__do_copy_data)
c:/program files (x86)/atmel/studio/7.0/toolchain/avr8/avr8-gnu-toolchain/bin/../lib/gcc/avr/5.4.0/avr5\libgcc.a(_clear_bss.o)
                              aze/base/Helpers/Buffer/src/Buffer.o (__do_clear_bss)
c:/program files (x86)/atmel/studio/7.0/toolchain/avr8/avr8-gnu-toolchain/bin/../lib/gcc/avr/5.4.0/avr5\libgcc.a(_umulhisi3.o)
                              aze/Gen/SysOs_Processes.o (__umulhisi3)
c:/program files (x86)/atmel/studio/7.0/toolchain/avr8/avr8-gnu-toolchain/bin/../lib/gcc/avr/5.4.0/../../../../avr/lib/avr5\libc.a(atoi.o)
                              aze/base/Helpers/String/src/StringHelper.o (atoi)
c:/program files (x86)/atmel/studio/7.0/toolchain/avr8/avr8-gnu-toolchain/bin/../lib/gcc/avr/5.4.0/../../../../avr/lib/avr5\libc.a(memcmp.o)
                              aze/base/Helpers/String/src/StringHelper.o (memcmp)
c:/program files (x86)/atmel/studio/7.0/toolchain/avr8/avr8-gnu-toolchain/bin/../lib/gcc/avr/5.4.0/../../../../avr/lib/avr5\libc.a(strcmp.o)
                              aze/base/SIMCOM/src/SIMCOM_State.o (strcmp)
c:/program files (x86)/atmel/studio/7.0/toolchain/avr8/avr8-gnu-toolchain/bin/../lib/gcc/avr/5.4.0/../../../../avr/lib/avr5\libc.a(strcpy.o)
                              aze/base/SIMCOM/src/SIMCOM.o (strcpy)
c:/program files (x86)/atmel/studio/7.0/toolchain/avr8/avr8-gnu-toolchain/bin/../lib/gcc/avr/5.4.0/../../../../avr/lib/avr5\libc.a(strstr.o)
                              aze/base/Helpers/String/src/StringHelper.o (strstr)
c:/program files (x86)/atmel/studio/7.0/toolchain/avr8/avr8-gnu-toolchain/bin/../lib/gcc/avr/5.4.0/../../../../avr/lib/avr5\libc.a(mul10.o)
                              c:/program files (x86)/atmel/studio/7.0/toolchain/avr8/avr8-gnu-toolchain/bin/../lib/gcc/avr/5.4.0/../../../../avr/lib/avr5\libc.a(atoi.o) (__mulhi_const_10)
c:/program files (x86)/atmel/studio/7.0/toolchain/avr8/avr8-gnu-toolchain/bin/../lib/gcc/avr/5.4.0/../../../../avr/lib/avr5\libc.a(sprintf.o)
                              aze/Cosmic_App/MQTT/src/MQTT_Publish.o (sprintf)
c:/program files (x86)/atmel/studio/7.0/toolchain/avr8/avr8-gnu-toolchain/bin/../lib/gcc/avr/5.4.0/../../../../avr/lib/avr5\libc.a(vfprintf_std.o)
                              c:/program files (x86)/atmel/studio/7.0/toolchain/avr8/avr8-gnu-toolchain/bin/../lib/gcc/avr/5.4.0/../../../../avr/lib/avr5\libc.a(sprintf.o) (vfprintf)
c:/program files (x86)/atmel/studio/7.0/toolchain/avr8/avr8-gnu-toolchain/bin/../lib/gcc/avr/5.4.0/../../../../avr/lib/avr5\libc.a(strnlen_P.o)
                              c:/program files (x86)/atmel/studio/7.0/toolchain/avr8/avr8-gnu-toolchain/bin/../lib/gcc/avr/5.4.0/../../../../avr/lib/avr5\libc.a(vfprintf_std.o) (strnlen_P)
c:/program files (x86)/atmel/studio/7.0/toolchain/avr8/avr8-gnu-toolchain/bin/../lib/gcc/avr/5.4.0/../../../../avr/lib/avr5\libc.a(strnlen.o)
                              c:/program files (x86)/atmel/studio/7.0/toolchain/avr8/avr8-gnu-toolchain/bin/../lib/gcc/avr/5.4.0/../../../../avr/lib/avr5\libc.a(vfprintf_std.o) (strnlen)
c:/program files (x86)/atmel/studio/7.0/toolchain/avr8/avr8-gnu-toolchain/bin/../lib/gcc/avr/5.4.0/../../../../avr/lib/avr5\libc.a(fputc.o)
                              c:/program files (x86)/atmel/studio/7.0/toolchain/avr8/avr8-gnu-toolchain/bin/../lib/gcc/avr/5.4.0/../../../../avr/lib/avr5\libc.a(vfprintf_std.o) (fputc)
c:/program files (x86)/atmel/studio/7.0/toolchain/avr8/avr8-gnu-toolchain/bin/../lib/gcc/avr/5.4.0/../../../../avr/lib/avr5\libc.a(ultoa_invert.o)
                              c:/program files (x86)/atmel/studio/7.0/toolchain/avr8/avr8-gnu-toolchain/bin/../lib/gcc/avr/5.4.0/../../../../avr/lib/avr5\libc.a(vfprintf_std.o) (__ultoa_invert)
c:/program files (x86)/atmel/studio/7.0/toolchain/avr8/avr8-gnu-toolchain/bin/../lib/gcc/avr/5.4.0/avr5\libgcc.a(_prologue.o)
                              c:/program files (x86)/atmel/studio/7.0/toolchain/avr8/avr8-gnu-toolchain/bin/../lib/gcc/avr/5.4.0/../../../../avr/lib/avr5\libc.a(sprintf.o) (__prologue_saves__)
c:/program files (x86)/atmel/studio/7.0/toolchain/avr8/avr8-gnu-toolchain/bin/../lib/gcc/avr/5.4.0/avr5\libgcc.a(_epilogue.o)
                              c:/program files (x86)/atmel/studio/7.0/toolchain/avr8/avr8-gnu-toolchain/bin/../lib/gcc/avr/5.4.0/../../../../avr/lib/avr5\libc.a(sprintf.o) (__epilogue_restores__)

Allocating common symbols
Common symbol       size              file

g_SysOS_Counter     0x2               aze/Gen/SysOs_Processes.o
PublishPayload      0x19              aze/Cosmic_App/MQTT/src/MQTT_Publish.o
StringHelper_Buffer
                    0xff              aze/base/Helpers/String/src/StringHelper.o
LCDJobs             0x64              aze/base/LCD_16X2/LCD_Jobs.o
BufferArray_SIMCOM  0x64              aze/Gen/Buffer_Config.o
SIMCOM_DateTime     0x7               aze/base/SIMCOM/src/SIMCOM_Clock.o
SIMCOM_ResponseBuffer
                    0x64              aze/base/SIMCOM/src/SIMCOM.o
StringHelper_NumberString_Buffer
                    0xc               aze/base/Helpers/String/src/StringHelper.o
SubscribeDataBuff   0x1e              aze/Cosmic_App/MQTT_Apllication.o
Buffers             0x6               aze/base/Helpers/Buffer/src/Buffer.o
SysOS_Ctrl          0x1               aze/Gen/SysOs_Processes.o
SIMCOM_CurrentJob   0x9               aze/base/SIMCOM/src/SIMCOM.o

Discarded input sections

 .data          0x00000000        0x0 C:/Program Files (x86)/Atmel/Studio/7.0/Packs/atmel/ATmega_DFP/1.7.374/gcc/dev/atmega32a/avr5/crtatmega32a.o
 .bss           0x00000000        0x0 C:/Program Files (x86)/Atmel/Studio/7.0/Packs/atmel/ATmega_DFP/1.7.374/gcc/dev/atmega32a/avr5/crtatmega32a.o
 .text          0x00000000        0x0 aze/base/Atmega_Drivers/TIM1_Interupt.o
 .data          0x00000000        0x0 aze/base/Atmega_Drivers/TIM1_Interupt.o
 .bss           0x00000000        0x0 aze/base/Atmega_Drivers/TIM1_Interupt.o
 .text          0x00000000        0x0 aze/base/Atmega_Drivers/uart.o
 .data          0x00000000        0x0 aze/base/Atmega_Drivers/uart.o
 .bss           0x00000000        0x0 aze/base/Atmega_Drivers/uart.o
 .text.uart_rx  0x00000000        0x8 aze/base/Atmega_Drivers/uart.o
 .text          0x00000000        0x0 aze/base/Helpers/Buffer/src/Buffer.o
 .data          0x00000000        0x0 aze/base/Helpers/Buffer/src/Buffer.o
 .bss           0x00000000        0x0 aze/base/Helpers/Buffer/src/Buffer.o
 .text.Buffer_Clear
                0x00000000       0x54 aze/base/Helpers/Buffer/src/Buffer.o
 .text          0x00000000        0x0 aze/base/Helpers/String/src/StringHelper.o
 .data          0x00000000        0x0 aze/base/Helpers/String/src/StringHelper.o
 .bss           0x00000000        0x0 aze/base/Helpers/String/src/StringHelper.o
 .text.StringHelper_removeChar
                0x00000000       0x56 aze/base/Helpers/String/src/StringHelper.o
 .text.StringHelper_NumberToString
                0x00000000       0x7a aze/base/Helpers/String/src/StringHelper.o
 .text.StringHelper_SplitAndGet_Number
                0x00000000       0x30 aze/base/Helpers/String/src/StringHelper.o
 .text          0x00000000        0x0 aze/base/LCD_16X2/LCD.o
 .data          0x00000000        0x0 aze/base/LCD_16X2/LCD.o
 .bss           0x00000000        0x0 aze/base/LCD_16X2/LCD.o
 COMMON         0x00000000        0x0 aze/base/LCD_16X2/LCD.o
 .text          0x00000000        0x0 aze/base/LCD_16X2/LCD_Jobs.o
 .data          0x00000000        0x0 aze/base/LCD_16X2/LCD_Jobs.o
 .bss           0x00000000        0x0 aze/base/LCD_16X2/LCD_Jobs.o
 .text          0x00000000        0x0 aze/base/SIMCOM/src/SIMCOM.o
 .data          0x00000000        0x0 aze/base/SIMCOM/src/SIMCOM.o
 .bss           0x00000000        0x0 aze/base/SIMCOM/src/SIMCOM.o
 .text.SIMCOM_IgnoreCRLFs
                0x00000000       0x2e aze/base/SIMCOM/src/SIMCOM.o
 .text.SIMCOM_Number_fromBuffer
                0x00000000       0x22 aze/base/SIMCOM/src/SIMCOM.o
 .bss.Count     0x00000000        0x1 aze/base/SIMCOM/src/SIMCOM.o
 .text          0x00000000        0x0 aze/base/SIMCOM/src/SIMCOM_Clock.o
 .data          0x00000000        0x0 aze/base/SIMCOM/src/SIMCOM_Clock.o
 .bss           0x00000000        0x0 aze/base/SIMCOM/src/SIMCOM_Clock.o
 .text.SIMCOM_Clock_Job_Callback
                0x00000000        0x6 aze/base/SIMCOM/src/SIMCOM_Clock.o
 .rodata.str1.1
                0x00000000       0x11 aze/base/SIMCOM/src/SIMCOM_Clock.o
 .text.SIMCOM_Clock_ParseDateTime_InResponse
                0x00000000      0x14c aze/base/SIMCOM/src/SIMCOM_Clock.o
 .text.SIMCOM_Clock_MainFunction
                0x00000000      0x170 aze/base/SIMCOM/src/SIMCOM_Clock.o
 .bss.RunClock  0x00000000        0x1 aze/base/SIMCOM/src/SIMCOM_Clock.o
 .bss.SIMCOM_ClockSecondCounter
                0x00000000        0x2 aze/base/SIMCOM/src/SIMCOM_Clock.o
 .data.SIMCOM_ClockSyncCount
                0x00000000        0x1 aze/base/SIMCOM/src/SIMCOM_Clock.o
 .bss.SIMCOM_Job_Result
                0x00000000        0x1 aze/base/SIMCOM/src/SIMCOM_Clock.o
 .bss.SIMCOM_Clock_State
                0x00000000        0x1 aze/base/SIMCOM/src/SIMCOM_Clock.o
 .debug_info    0x00000000      0x796 aze/base/SIMCOM/src/SIMCOM_Clock.o
 .debug_abbrev  0x00000000      0x1e7 aze/base/SIMCOM/src/SIMCOM_Clock.o
 .debug_loc     0x00000000      0x121 aze/base/SIMCOM/src/SIMCOM_Clock.o
 .debug_aranges
                0x00000000       0x30 aze/base/SIMCOM/src/SIMCOM_Clock.o
 .debug_ranges  0x00000000       0x20 aze/base/SIMCOM/src/SIMCOM_Clock.o
 .debug_line    0x00000000      0x336 aze/base/SIMCOM/src/SIMCOM_Clock.o
 .debug_str     0x00000000      0x73f aze/base/SIMCOM/src/SIMCOM_Clock.o
 .comment       0x00000000       0x31 aze/base/SIMCOM/src/SIMCOM_Clock.o
 .debug_frame   0x00000000       0x78 aze/base/SIMCOM/src/SIMCOM_Clock.o
 COMMON         0x00000000        0x7 aze/base/SIMCOM/src/SIMCOM_Clock.o
 .text          0x00000000        0x0 aze/base/SIMCOM/src/SIMCOM_State.o
 .data          0x00000000        0x0 aze/base/SIMCOM/src/SIMCOM_State.o
 .bss           0x00000000        0x0 aze/base/SIMCOM/src/SIMCOM_State.o
 .text          0x00000000        0x0 aze/base/SysOS/src/SysOS.o
 .data          0x00000000        0x0 aze/base/SysOS/src/SysOS.o
 .bss           0x00000000        0x0 aze/base/SysOS/src/SysOS.o
 .text          0x00000000        0x0 aze/Cosmic_App/CS_Iot.o
 .data          0x00000000        0x0 aze/Cosmic_App/CS_Iot.o
 .bss           0x00000000        0x0 aze/Cosmic_App/CS_Iot.o
 .text          0x00000000        0x0 aze/Cosmic_App/MQTT/src/MQTT.o
 .data          0x00000000        0x0 aze/Cosmic_App/MQTT/src/MQTT.o
 .bss           0x00000000        0x0 aze/Cosmic_App/MQTT/src/MQTT.o
 .text          0x00000000        0x0 aze/Cosmic_App/MQTT/src/MQTT_Publish.o
 .data          0x00000000        0x0 aze/Cosmic_App/MQTT/src/MQTT_Publish.o
 .bss           0x00000000        0x0 aze/Cosmic_App/MQTT/src/MQTT_Publish.o
 .text          0x00000000        0x0 aze/Cosmic_App/MQTT/src/MQTT_SSL.o
 .data          0x00000000        0x0 aze/Cosmic_App/MQTT/src/MQTT_SSL.o
 .bss           0x00000000        0x0 aze/Cosmic_App/MQTT/src/MQTT_SSL.o
 .text          0x00000000        0x0 aze/Cosmic_App/MQTT_Apllication.o
 .data          0x00000000        0x0 aze/Cosmic_App/MQTT_Apllication.o
 .bss           0x00000000        0x0 aze/Cosmic_App/MQTT_Apllication.o
 .text          0x00000000        0x0 aze/Gen/Buffer_Config.o
 .data          0x00000000        0x0 aze/Gen/Buffer_Config.o
 .bss           0x00000000        0x0 aze/Gen/Buffer_Config.o
 .text          0x00000000        0x0 aze/Gen/SysOs_Processes.o
 .data          0x00000000        0x0 aze/Gen/SysOs_Processes.o
 .bss           0x00000000        0x0 aze/Gen/SysOs_Processes.o
 .text          0x00000000        0x0 main.o
 .data          0x00000000        0x0 main.o
 .bss           0x00000000        0x0 main.o
 .text          0x00000000        0x0 c:/program files (x86)/atmel/studio/7.0/toolchain/avr8/avr8-gnu-toolchain/bin/../lib/gcc/avr/5.4.0/avr5\libgcc.a(_udivmodsi4.o)
 .data          0x00000000        0x0 c:/program files (x86)/atmel/studio/7.0/toolchain/avr8/avr8-gnu-toolchain/bin/../lib/gcc/avr/5.4.0/avr5\libgcc.a(_udivmodsi4.o)
 .bss           0x00000000        0x0 c:/program files (x86)/atmel/studio/7.0/toolchain/avr8/avr8-gnu-toolchain/bin/../lib/gcc/avr/5.4.0/avr5\libgcc.a(_udivmodsi4.o)
 .text.libgcc.mul
                0x00000000        0x0 c:/program files (x86)/atmel/studio/7.0/toolchain/avr8/avr8-gnu-toolchain/bin/../lib/gcc/avr/5.4.0/avr5\libgcc.a(_udivmodsi4.o)
 .text.libgcc   0x00000000        0x0 c:/program files (x86)/atmel/studio/7.0/toolchain/avr8/avr8-gnu-toolchain/bin/../lib/gcc/avr/5.4.0/avr5\libgcc.a(_udivmodsi4.o)
 .text.libgcc.prologue
                0x00000000        0x0 c:/program files (x86)/atmel/studio/7.0/toolchain/avr8/avr8-gnu-toolchain/bin/../lib/gcc/avr/5.4.0/avr5\libgcc.a(_udivmodsi4.o)
 .text.libgcc.builtins
                0x00000000        0x0 c:/program files (x86)/atmel/studio/7.0/toolchain/avr8/avr8-gnu-toolchain/bin/../lib/gcc/avr/5.4.0/avr5\libgcc.a(_udivmodsi4.o)
 .text.libgcc.fmul
                0x00000000        0x0 c:/program files (x86)/atmel/studio/7.0/toolchain/avr8/avr8-gnu-toolchain/bin/../lib/gcc/avr/5.4.0/avr5\libgcc.a(_udivmodsi4.o)
 .text.libgcc.fixed
                0x00000000        0x0 c:/program files (x86)/atmel/studio/7.0/toolchain/avr8/avr8-gnu-toolchain/bin/../lib/gcc/avr/5.4.0/avr5\libgcc.a(_udivmodsi4.o)
 .text          0x00000000        0x0 c:/program files (x86)/atmel/studio/7.0/toolchain/avr8/avr8-gnu-toolchain/bin/../lib/gcc/avr/5.4.0/avr5\libgcc.a(_exit.o)
 .data          0x00000000        0x0 c:/program files (x86)/atmel/studio/7.0/toolchain/avr8/avr8-gnu-toolchain/bin/../lib/gcc/avr/5.4.0/avr5\libgcc.a(_exit.o)
 .bss           0x00000000        0x0 c:/program files (x86)/atmel/studio/7.0/toolchain/avr8/avr8-gnu-toolchain/bin/../lib/gcc/avr/5.4.0/avr5\libgcc.a(_exit.o)
 .text.libgcc.mul
                0x00000000        0x0 c:/program files (x86)/atmel/studio/7.0/toolchain/avr8/avr8-gnu-toolchain/bin/../lib/gcc/avr/5.4.0/avr5\libgcc.a(_exit.o)
 .text.libgcc.div
                0x00000000        0x0 c:/program files (x86)/atmel/studio/7.0/toolchain/avr8/avr8-gnu-toolchain/bin/../lib/gcc/avr/5.4.0/avr5\libgcc.a(_exit.o)
 .text.libgcc   0x00000000        0x0 c:/program files (x86)/atmel/studio/7.0/toolchain/avr8/avr8-gnu-toolchain/bin/../lib/gcc/avr/5.4.0/avr5\libgcc.a(_exit.o)
 .text.libgcc.prologue
                0x00000000        0x0 c:/program files (x86)/atmel/studio/7.0/toolchain/avr8/avr8-gnu-toolchain/bin/../lib/gcc/avr/5.4.0/avr5\libgcc.a(_exit.o)
 .text.libgcc.builtins
                0x00000000        0x0 c:/program files (x86)/atmel/studio/7.0/toolchain/avr8/avr8-gnu-toolchain/bin/../lib/gcc/avr/5.4.0/avr5\libgcc.a(_exit.o)
 .text.libgcc.fmul
                0x00000000        0x0 c:/program files (x86)/atmel/studio/7.0/toolchain/avr8/avr8-gnu-toolchain/bin/../lib/gcc/avr/5.4.0/avr5\libgcc.a(_exit.o)
 .text.libgcc.fixed
                0x00000000        0x0 c:/program files (x86)/atmel/studio/7.0/toolchain/avr8/avr8-gnu-toolchain/bin/../lib/gcc/avr/5.4.0/avr5\libgcc.a(_exit.o)
 .text          0x00000000        0x0 c:/program files (x86)/atmel/studio/7.0/toolchain/avr8/avr8-gnu-toolchain/bin/../lib/gcc/avr/5.4.0/avr5\libgcc.a(_tablejump2.o)
 .data          0x00000000        0x0 c:/program files (x86)/atmel/studio/7.0/toolchain/avr8/avr8-gnu-toolchain/bin/../lib/gcc/avr/5.4.0/avr5\libgcc.a(_tablejump2.o)
 .bss           0x00000000        0x0 c:/program files (x86)/atmel/studio/7.0/toolchain/avr8/avr8-gnu-toolchain/bin/../lib/gcc/avr/5.4.0/avr5\libgcc.a(_tablejump2.o)
 .text.libgcc.mul
                0x00000000        0x0 c:/program files (x86)/atmel/studio/7.0/toolchain/avr8/avr8-gnu-toolchain/bin/../lib/gcc/avr/5.4.0/avr5\libgcc.a(_tablejump2.o)
 .text.libgcc.div
                0x00000000        0x0 c:/program files (x86)/atmel/studio/7.0/toolchain/avr8/avr8-gnu-toolchain/bin/../lib/gcc/avr/5.4.0/avr5\libgcc.a(_tablejump2.o)
 .text.libgcc.prologue
                0x00000000        0x0 c:/program files (x86)/atmel/studio/7.0/toolchain/avr8/avr8-gnu-toolchain/bin/../lib/gcc/avr/5.4.0/avr5\libgcc.a(_tablejump2.o)
 .text.libgcc.builtins
                0x00000000        0x0 c:/program files (x86)/atmel/studio/7.0/toolchain/avr8/avr8-gnu-toolchain/bin/../lib/gcc/avr/5.4.0/avr5\libgcc.a(_tablejump2.o)
 .text.libgcc.fmul
                0x00000000        0x0 c:/program files (x86)/atmel/studio/7.0/toolchain/avr8/avr8-gnu-toolchain/bin/../lib/gcc/avr/5.4.0/avr5\libgcc.a(_tablejump2.o)
 .text.libgcc.fixed
                0x00000000        0x0 c:/program files (x86)/atmel/studio/7.0/toolchain/avr8/avr8-gnu-toolchain/bin/../lib/gcc/avr/5.4.0/avr5\libgcc.a(_tablejump2.o)
 .text          0x00000000        0x0 c:/program files (x86)/atmel/studio/7.0/toolchain/avr8/avr8-gnu-toolchain/bin/../lib/gcc/avr/5.4.0/avr5\libgcc.a(_copy_data.o)
 .data          0x00000000        0x0 c:/program files (x86)/atmel/studio/7.0/toolchain/avr8/avr8-gnu-toolchain/bin/../lib/gcc/avr/5.4.0/avr5\libgcc.a(_copy_data.o)
 .bss           0x00000000        0x0 c:/program files (x86)/atmel/studio/7.0/toolchain/avr8/avr8-gnu-toolchain/bin/../lib/gcc/avr/5.4.0/avr5\libgcc.a(_copy_data.o)
 .text.libgcc.mul
                0x00000000        0x0 c:/program files (x86)/atmel/studio/7.0/toolchain/avr8/avr8-gnu-toolchain/bin/../lib/gcc/avr/5.4.0/avr5\libgcc.a(_copy_data.o)
 .text.libgcc.div
                0x00000000        0x0 c:/program files (x86)/atmel/studio/7.0/toolchain/avr8/avr8-gnu-toolchain/bin/../lib/gcc/avr/5.4.0/avr5\libgcc.a(_copy_data.o)
 .text.libgcc   0x00000000        0x0 c:/program files (x86)/atmel/studio/7.0/toolchain/avr8/avr8-gnu-toolchain/bin/../lib/gcc/avr/5.4.0/avr5\libgcc.a(_copy_data.o)
 .text.libgcc.prologue
                0x00000000        0x0 c:/program files (x86)/atmel/studio/7.0/toolchain/avr8/avr8-gnu-toolchain/bin/../lib/gcc/avr/5.4.0/avr5\libgcc.a(_copy_data.o)
 .text.libgcc.builtins
                0x00000000        0x0 c:/program files (x86)/atmel/studio/7.0/toolchain/avr8/avr8-gnu-toolchain/bin/../lib/gcc/avr/5.4.0/avr5\libgcc.a(_copy_data.o)
 .text.libgcc.fmul
                0x00000000        0x0 c:/program files (x86)/atmel/studio/7.0/toolchain/avr8/avr8-gnu-toolchain/bin/../lib/gcc/avr/5.4.0/avr5\libgcc.a(_copy_data.o)
 .text.libgcc.fixed
                0x00000000        0x0 c:/program files (x86)/atmel/studio/7.0/toolchain/avr8/avr8-gnu-toolchain/bin/../lib/gcc/avr/5.4.0/avr5\libgcc.a(_copy_data.o)
 .text          0x00000000        0x0 c:/program files (x86)/atmel/studio/7.0/toolchain/avr8/avr8-gnu-toolchain/bin/../lib/gcc/avr/5.4.0/avr5\libgcc.a(_clear_bss.o)
 .data          0x00000000        0x0 c:/program files (x86)/atmel/studio/7.0/toolchain/avr8/avr8-gnu-toolchain/bin/../lib/gcc/avr/5.4.0/avr5\libgcc.a(_clear_bss.o)
 .bss           0x00000000        0x0 c:/program files (x86)/atmel/studio/7.0/toolchain/avr8/avr8-gnu-toolchain/bin/../lib/gcc/avr/5.4.0/avr5\libgcc.a(_clear_bss.o)
 .text.libgcc.mul
                0x00000000        0x0 c:/program files (x86)/atmel/studio/7.0/toolchain/avr8/avr8-gnu-toolchain/bin/../lib/gcc/avr/5.4.0/avr5\libgcc.a(_clear_bss.o)
 .text.libgcc.div
                0x00000000        0x0 c:/program files (x86)/atmel/studio/7.0/toolchain/avr8/avr8-gnu-toolchain/bin/../lib/gcc/avr/5.4.0/avr5\libgcc.a(_clear_bss.o)
 .text.libgcc   0x00000000        0x0 c:/program files (x86)/atmel/studio/7.0/toolchain/avr8/avr8-gnu-toolchain/bin/../lib/gcc/avr/5.4.0/avr5\libgcc.a(_clear_bss.o)
 .text.libgcc.prologue
                0x00000000        0x0 c:/program files (x86)/atmel/studio/7.0/toolchain/avr8/avr8-gnu-toolchain/bin/../lib/gcc/avr/5.4.0/avr5\libgcc.a(_clear_bss.o)
 .text.libgcc.builtins
                0x00000000        0x0 c:/program files (x86)/atmel/studio/7.0/toolchain/avr8/avr8-gnu-toolchain/bin/../lib/gcc/avr/5.4.0/avr5\libgcc.a(_clear_bss.o)
 .text.libgcc.fmul
                0x00000000        0x0 c:/program files (x86)/atmel/studio/7.0/toolchain/avr8/avr8-gnu-toolchain/bin/../lib/gcc/avr/5.4.0/avr5\libgcc.a(_clear_bss.o)
 .text.libgcc.fixed
                0x00000000        0x0 c:/program files (x86)/atmel/studio/7.0/toolchain/avr8/avr8-gnu-toolchain/bin/../lib/gcc/avr/5.4.0/avr5\libgcc.a(_clear_bss.o)
 .text          0x00000000        0x0 c:/program files (x86)/atmel/studio/7.0/toolchain/avr8/avr8-gnu-toolchain/bin/../lib/gcc/avr/5.4.0/avr5\libgcc.a(_umulhisi3.o)
 .data          0x00000000        0x0 c:/program files (x86)/atmel/studio/7.0/toolchain/avr8/avr8-gnu-toolchain/bin/../lib/gcc/avr/5.4.0/avr5\libgcc.a(_umulhisi3.o)
 .bss           0x00000000        0x0 c:/program files (x86)/atmel/studio/7.0/toolchain/avr8/avr8-gnu-toolchain/bin/../lib/gcc/avr/5.4.0/avr5\libgcc.a(_umulhisi3.o)
 .text.libgcc.div
                0x00000000        0x0 c:/program files (x86)/atmel/studio/7.0/toolchain/avr8/avr8-gnu-toolchain/bin/../lib/gcc/avr/5.4.0/avr5\libgcc.a(_umulhisi3.o)
 .text.libgcc   0x00000000        0x0 c:/program files (x86)/atmel/studio/7.0/toolchain/avr8/avr8-gnu-toolchain/bin/../lib/gcc/avr/5.4.0/avr5\libgcc.a(_umulhisi3.o)
 .text.libgcc.prologue
                0x00000000        0x0 c:/program files (x86)/atmel/studio/7.0/toolchain/avr8/avr8-gnu-toolchain/bin/../lib/gcc/avr/5.4.0/avr5\libgcc.a(_umulhisi3.o)
 .text.libgcc.builtins
                0x00000000        0x0 c:/program files (x86)/atmel/studio/7.0/toolchain/avr8/avr8-gnu-toolchain/bin/../lib/gcc/avr/5.4.0/avr5\libgcc.a(_umulhisi3.o)
 .text.libgcc.fmul
                0x00000000        0x0 c:/program files (x86)/atmel/studio/7.0/toolchain/avr8/avr8-gnu-toolchain/bin/../lib/gcc/avr/5.4.0/avr5\libgcc.a(_umulhisi3.o)
 .text.libgcc.fixed
                0x00000000        0x0 c:/program files (x86)/atmel/studio/7.0/toolchain/avr8/avr8-gnu-toolchain/bin/../lib/gcc/avr/5.4.0/avr5\libgcc.a(_umulhisi3.o)
 .text          0x00000000        0x0 c:/program files (x86)/atmel/studio/7.0/toolchain/avr8/avr8-gnu-toolchain/bin/../lib/gcc/avr/5.4.0/../../../../avr/lib/avr5\libc.a(atoi.o)
 .data          0x00000000        0x0 c:/program files (x86)/atmel/studio/7.0/toolchain/avr8/avr8-gnu-toolchain/bin/../lib/gcc/avr/5.4.0/../../../../avr/lib/avr5\libc.a(atoi.o)
 .bss           0x00000000        0x0 c:/program files (x86)/atmel/studio/7.0/toolchain/avr8/avr8-gnu-toolchain/bin/../lib/gcc/avr/5.4.0/../../../../avr/lib/avr5\libc.a(atoi.o)
 .text          0x00000000        0x0 c:/program files (x86)/atmel/studio/7.0/toolchain/avr8/avr8-gnu-toolchain/bin/../lib/gcc/avr/5.4.0/../../../../avr/lib/avr5\libc.a(memcmp.o)
 .data          0x00000000        0x0 c:/program files (x86)/atmel/studio/7.0/toolchain/avr8/avr8-gnu-toolchain/bin/../lib/gcc/avr/5.4.0/../../../../avr/lib/avr5\libc.a(memcmp.o)
 .bss           0x00000000        0x0 c:/program files (x86)/atmel/studio/7.0/toolchain/avr8/avr8-gnu-toolchain/bin/../lib/gcc/avr/5.4.0/../../../../avr/lib/avr5\libc.a(memcmp.o)
 .text          0x00000000        0x0 c:/program files (x86)/atmel/studio/7.0/toolchain/avr8/avr8-gnu-toolchain/bin/../lib/gcc/avr/5.4.0/../../../../avr/lib/avr5\libc.a(strcmp.o)
 .data          0x00000000        0x0 c:/program files (x86)/atmel/studio/7.0/toolchain/avr8/avr8-gnu-toolchain/bin/../lib/gcc/avr/5.4.0/../../../../avr/lib/avr5\libc.a(strcmp.o)
 .bss           0x00000000        0x0 c:/program files (x86)/atmel/studio/7.0/toolchain/avr8/avr8-gnu-toolchain/bin/../lib/gcc/avr/5.4.0/../../../../avr/lib/avr5\libc.a(strcmp.o)
 .text          0x00000000        0x0 c:/program files (x86)/atmel/studio/7.0/toolchain/avr8/avr8-gnu-toolchain/bin/../lib/gcc/avr/5.4.0/../../../../avr/lib/avr5\libc.a(strcpy.o)
 .data          0x00000000        0x0 c:/program files (x86)/atmel/studio/7.0/toolchain/avr8/avr8-gnu-toolchain/bin/../lib/gcc/avr/5.4.0/../../../../avr/lib/avr5\libc.a(strcpy.o)
 .bss           0x00000000        0x0 c:/program files (x86)/atmel/studio/7.0/toolchain/avr8/avr8-gnu-toolchain/bin/../lib/gcc/avr/5.4.0/../../../../avr/lib/avr5\libc.a(strcpy.o)
 .text          0x00000000        0x0 c:/program files (x86)/atmel/studio/7.0/toolchain/avr8/avr8-gnu-toolchain/bin/../lib/gcc/avr/5.4.0/../../../../avr/lib/avr5\libc.a(strstr.o)
 .data          0x00000000        0x0 c:/program files (x86)/atmel/studio/7.0/toolchain/avr8/avr8-gnu-toolchain/bin/../lib/gcc/avr/5.4.0/../../../../avr/lib/avr5\libc.a(strstr.o)
 .bss           0x00000000        0x0 c:/program files (x86)/atmel/studio/7.0/toolchain/avr8/avr8-gnu-toolchain/bin/../lib/gcc/avr/5.4.0/../../../../avr/lib/avr5\libc.a(strstr.o)
 .text          0x00000000        0x0 c:/program files (x86)/atmel/studio/7.0/toolchain/avr8/avr8-gnu-toolchain/bin/../lib/gcc/avr/5.4.0/../../../../avr/lib/avr5\libc.a(mul10.o)
 .data          0x00000000        0x0 c:/program files (x86)/atmel/studio/7.0/toolchain/avr8/avr8-gnu-toolchain/bin/../lib/gcc/avr/5.4.0/../../../../avr/lib/avr5\libc.a(mul10.o)
 .bss           0x00000000        0x0 c:/program files (x86)/atmel/studio/7.0/toolchain/avr8/avr8-gnu-toolchain/bin/../lib/gcc/avr/5.4.0/../../../../avr/lib/avr5\libc.a(mul10.o)
 .text          0x00000000        0x0 c:/program files (x86)/atmel/studio/7.0/toolchain/avr8/avr8-gnu-toolchain/bin/../lib/gcc/avr/5.4.0/../../../../avr/lib/avr5\libc.a(sprintf.o)
 .data          0x00000000        0x0 c:/program files (x86)/atmel/studio/7.0/toolchain/avr8/avr8-gnu-toolchain/bin/../lib/gcc/avr/5.4.0/../../../../avr/lib/avr5\libc.a(sprintf.o)
 .bss           0x00000000        0x0 c:/program files (x86)/atmel/studio/7.0/toolchain/avr8/avr8-gnu-toolchain/bin/../lib/gcc/avr/5.4.0/../../../../avr/lib/avr5\libc.a(sprintf.o)
 .text          0x00000000        0x0 c:/program files (x86)/atmel/studio/7.0/toolchain/avr8/avr8-gnu-toolchain/bin/../lib/gcc/avr/5.4.0/../../../../avr/lib/avr5\libc.a(vfprintf_std.o)
 .data          0x00000000        0x0 c:/program files (x86)/atmel/studio/7.0/toolchain/avr8/avr8-gnu-toolchain/bin/../lib/gcc/avr/5.4.0/../../../../avr/lib/avr5\libc.a(vfprintf_std.o)
 .bss           0x00000000        0x0 c:/program files (x86)/atmel/studio/7.0/toolchain/avr8/avr8-gnu-toolchain/bin/../lib/gcc/avr/5.4.0/../../../../avr/lib/avr5\libc.a(vfprintf_std.o)
 .text          0x00000000        0x0 c:/program files (x86)/atmel/studio/7.0/toolchain/avr8/avr8-gnu-toolchain/bin/../lib/gcc/avr/5.4.0/../../../../avr/lib/avr5\libc.a(strnlen_P.o)
 .data          0x00000000        0x0 c:/program files (x86)/atmel/studio/7.0/toolchain/avr8/avr8-gnu-toolchain/bin/../lib/gcc/avr/5.4.0/../../../../avr/lib/avr5\libc.a(strnlen_P.o)
 .bss           0x00000000        0x0 c:/program files (x86)/atmel/studio/7.0/toolchain/avr8/avr8-gnu-toolchain/bin/../lib/gcc/avr/5.4.0/../../../../avr/lib/avr5\libc.a(strnlen_P.o)
 .text          0x00000000        0x0 c:/program files (x86)/atmel/studio/7.0/toolchain/avr8/avr8-gnu-toolchain/bin/../lib/gcc/avr/5.4.0/../../../../avr/lib/avr5\libc.a(strnlen.o)
 .data          0x00000000        0x0 c:/program files (x86)/atmel/studio/7.0/toolchain/avr8/avr8-gnu-toolchain/bin/../lib/gcc/avr/5.4.0/../../../../avr/lib/avr5\libc.a(strnlen.o)
 .bss           0x00000000        0x0 c:/program files (x86)/atmel/studio/7.0/toolchain/avr8/avr8-gnu-toolchain/bin/../lib/gcc/avr/5.4.0/../../../../avr/lib/avr5\libc.a(strnlen.o)
 .text          0x00000000        0x0 c:/program files (x86)/atmel/studio/7.0/toolchain/avr8/avr8-gnu-toolchain/bin/../lib/gcc/avr/5.4.0/../../../../avr/lib/avr5\libc.a(fputc.o)
 .data          0x00000000        0x0 c:/program files (x86)/atmel/studio/7.0/toolchain/avr8/avr8-gnu-toolchain/bin/../lib/gcc/avr/5.4.0/../../../../avr/lib/avr5\libc.a(fputc.o)
 .bss           0x00000000        0x0 c:/program files (x86)/atmel/studio/7.0/toolchain/avr8/avr8-gnu-toolchain/bin/../lib/gcc/avr/5.4.0/../../../../avr/lib/avr5\libc.a(fputc.o)
 .text          0x00000000        0x0 c:/program files (x86)/atmel/studio/7.0/toolchain/avr8/avr8-gnu-toolchain/bin/../lib/gcc/avr/5.4.0/../../../../avr/lib/avr5\libc.a(ultoa_invert.o)
 .data          0x00000000        0x0 c:/program files (x86)/atmel/studio/7.0/toolchain/avr8/avr8-gnu-toolchain/bin/../lib/gcc/avr/5.4.0/../../../../avr/lib/avr5\libc.a(ultoa_invert.o)
 .bss           0x00000000        0x0 c:/program files (x86)/atmel/studio/7.0/toolchain/avr8/avr8-gnu-toolchain/bin/../lib/gcc/avr/5.4.0/../../../../avr/lib/avr5\libc.a(ultoa_invert.o)
 .text          0x00000000        0x0 c:/program files (x86)/atmel/studio/7.0/toolchain/avr8/avr8-gnu-toolchain/bin/../lib/gcc/avr/5.4.0/avr5\libgcc.a(_prologue.o)
 .data          0x00000000        0x0 c:/program files (x86)/atmel/studio/7.0/toolchain/avr8/avr8-gnu-toolchain/bin/../lib/gcc/avr/5.4.0/avr5\libgcc.a(_prologue.o)
 .bss           0x00000000        0x0 c:/program files (x86)/atmel/studio/7.0/toolchain/avr8/avr8-gnu-toolchain/bin/../lib/gcc/avr/5.4.0/avr5\libgcc.a(_prologue.o)
 .text.libgcc.mul
                0x00000000        0x0 c:/program files (x86)/atmel/studio/7.0/toolchain/avr8/avr8-gnu-toolchain/bin/../lib/gcc/avr/5.4.0/avr5\libgcc.a(_prologue.o)
 .text.libgcc.div
                0x00000000        0x0 c:/program files (x86)/atmel/studio/7.0/toolchain/avr8/avr8-gnu-toolchain/bin/../lib/gcc/avr/5.4.0/avr5\libgcc.a(_prologue.o)
 .text.libgcc   0x00000000        0x0 c:/program files (x86)/atmel/studio/7.0/toolchain/avr8/avr8-gnu-toolchain/bin/../lib/gcc/avr/5.4.0/avr5\libgcc.a(_prologue.o)
 .text.libgcc.builtins
                0x00000000        0x0 c:/program files (x86)/atmel/studio/7.0/toolchain/avr8/avr8-gnu-toolchain/bin/../lib/gcc/avr/5.4.0/avr5\libgcc.a(_prologue.o)
 .text.libgcc.fmul
                0x00000000        0x0 c:/program files (x86)/atmel/studio/7.0/toolchain/avr8/avr8-gnu-toolchain/bin/../lib/gcc/avr/5.4.0/avr5\libgcc.a(_prologue.o)
 .text.libgcc.fixed
                0x00000000        0x0 c:/program files (x86)/atmel/studio/7.0/toolchain/avr8/avr8-gnu-toolchain/bin/../lib/gcc/avr/5.4.0/avr5\libgcc.a(_prologue.o)
 .text          0x00000000        0x0 c:/program files (x86)/atmel/studio/7.0/toolchain/avr8/avr8-gnu-toolchain/bin/../lib/gcc/avr/5.4.0/avr5\libgcc.a(_epilogue.o)
 .data          0x00000000        0x0 c:/program files (x86)/atmel/studio/7.0/toolchain/avr8/avr8-gnu-toolchain/bin/../lib/gcc/avr/5.4.0/avr5\libgcc.a(_epilogue.o)
 .bss           0x00000000        0x0 c:/program files (x86)/atmel/studio/7.0/toolchain/avr8/avr8-gnu-toolchain/bin/../lib/gcc/avr/5.4.0/avr5\libgcc.a(_epilogue.o)
 .text.libgcc.mul
                0x00000000        0x0 c:/program files (x86)/atmel/studio/7.0/toolchain/avr8/avr8-gnu-toolchain/bin/../lib/gcc/avr/5.4.0/avr5\libgcc.a(_epilogue.o)
 .text.libgcc.div
                0x00000000        0x0 c:/program files (x86)/atmel/studio/7.0/toolchain/avr8/avr8-gnu-toolchain/bin/../lib/gcc/avr/5.4.0/avr5\libgcc.a(_epilogue.o)
 .text.libgcc   0x00000000        0x0 c:/program files (x86)/atmel/studio/7.0/toolchain/avr8/avr8-gnu-toolchain/bin/../lib/gcc/avr/5.4.0/avr5\libgcc.a(_epilogue.o)
 .text.libgcc.builtins
                0x00000000        0x0 c:/program files (x86)/atmel/studio/7.0/toolchain/avr8/avr8-gnu-toolchain/bin/../lib/gcc/avr/5.4.0/avr5\libgcc.a(_epilogue.o)
 .text.libgcc.fmul
                0x00000000        0x0 c:/program files (x86)/atmel/studio/7.0/toolchain/avr8/avr8-gnu-toolchain/bin/../lib/gcc/avr/5.4.0/avr5\libgcc.a(_epilogue.o)
 .text.libgcc.fixed
                0x00000000        0x0 c:/program files (x86)/atmel/studio/7.0/toolchain/avr8/avr8-gnu-toolchain/bin/../lib/gcc/avr/5.4.0/avr5\libgcc.a(_epilogue.o)

Memory Configuration

Name             Origin             Length             Attributes
text             0x00000000         0x00008000         xr
data             0x00800060         0x00000800         rw !x
eeprom           0x00810000         0x00000400         rw !x
fuse             0x00820000         0x00000002         rw !x
lock             0x00830000         0x00000400         rw !x
signature        0x00840000         0x00000400         rw !x
user_signatures  0x00850000         0x00000400         rw !x
*default*        0x00000000         0xffffffff

Linker script and memory map

LOAD C:/Program Files (x86)/Atmel/Studio/7.0/Packs/atmel/ATmega_DFP/1.7.374/gcc/dev/atmega32a/avr5/crtatmega32a.o
LOAD aze/base/Atmega_Drivers/TIM1_Interupt.o
LOAD aze/base/Atmega_Drivers/uart.o
LOAD aze/base/Helpers/Buffer/src/Buffer.o
LOAD aze/base/Helpers/String/src/StringHelper.o
LOAD aze/base/LCD_16X2/LCD.o
LOAD aze/base/LCD_16X2/LCD_Jobs.o
LOAD aze/base/SIMCOM/src/SIMCOM.o
LOAD aze/base/SIMCOM/src/SIMCOM_Clock.o
LOAD aze/base/SIMCOM/src/SIMCOM_State.o
LOAD aze/base/SysOS/src/SysOS.o
LOAD aze/Cosmic_App/CS_Iot.o
LOAD aze/Cosmic_App/MQTT/src/MQTT.o
LOAD aze/Cosmic_App/MQTT/src/MQTT_Publish.o
LOAD aze/Cosmic_App/MQTT/src/MQTT_SSL.o
LOAD aze/Cosmic_App/MQTT_Apllication.o
LOAD aze/Gen/Buffer_Config.o
LOAD aze/Gen/SysOs_Processes.o
LOAD main.o
START GROUP
LOAD c:/program files (x86)/atmel/studio/7.0/toolchain/avr8/avr8-gnu-toolchain/bin/../lib/gcc/avr/5.4.0/../../../../avr/lib/avr5\libm.a
END GROUP
START GROUP
LOAD c:/program files (x86)/atmel/studio/7.0/toolchain/avr8/avr8-gnu-toolchain/bin/../lib/gcc/avr/5.4.0/avr5\libgcc.a
LOAD c:/program files (x86)/atmel/studio/7.0/toolchain/avr8/avr8-gnu-toolchain/bin/../lib/gcc/avr/5.4.0/../../../../avr/lib/avr5\libm.a
LOAD c:/program files (x86)/atmel/studio/7.0/toolchain/avr8/avr8-gnu-toolchain/bin/../lib/gcc/avr/5.4.0/../../../../avr/lib/avr5\libc.a
LOAD C:/Program Files (x86)/Atmel/Studio/7.0/Packs/atmel/ATmega_DFP/1.7.374/gcc/dev/atmega32a/avr5\libatmega32a.a
END GROUP
                [0x00000000]                __TEXT_REGION_ORIGIN__ = DEFINED (__TEXT_REGION_ORIGIN__)?__TEXT_REGION_ORIGIN__:0x0
                [0x00800060]                __DATA_REGION_ORIGIN__ = DEFINED (__DATA_REGION_ORIGIN__)?__DATA_REGION_ORIGIN__:0x800060
                [0x00008000]                __TEXT_REGION_LENGTH__ = DEFINED (__TEXT_REGION_LENGTH__)?__TEXT_REGION_LENGTH__:0x20000
                [0x00000800]                __DATA_REGION_LENGTH__ = DEFINED (__DATA_REGION_LENGTH__)?__DATA_REGION_LENGTH__:0xffa0
                [0x00000400]                __EEPROM_REGION_LENGTH__ = DEFINED (__EEPROM_REGION_LENGTH__)?__EEPROM_REGION_LENGTH__:0x10000
                [0x00000002]                __FUSE_REGION_LENGTH__ = DEFINED (__FUSE_REGION_LENGTH__)?__FUSE_REGION_LENGTH__:0x400
                0x00000400                __LOCK_REGION_LENGTH__ = DEFINED (__LOCK_REGION_LENGTH__)?__LOCK_REGION_LENGTH__:0x400
                0x00000400                __SIGNATURE_REGION_LENGTH__ = DEFINED (__SIGNATURE_REGION_LENGTH__)?__SIGNATURE_REGION_LENGTH__:0x400
                0x00000400                __USER_SIGNATURE_REGION_LENGTH__ = DEFINED (__USER_SIGNATURE_REGION_LENGTH__)?__USER_SIGNATURE_REGION_LENGTH__:0x400

.hash
 *(.hash)

.dynsym
 *(.dynsym)

.dynstr
 *(.dynstr)

.gnu.version
 *(.gnu.version)

.gnu.version_d
 *(.gnu.version_d)

.gnu.version_r
 *(.gnu.version_r)

.rel.init
 *(.rel.init)

.rela.init
 *(.rela.init)

.rel.text
 *(.rel.text)
 *(.rel.text.*)
 *(.rel.gnu.linkonce.t*)

.rela.text
 *(.rela.text)
 *(.rela.text.*)
 *(.rela.gnu.linkonce.t*)

.rel.fini
 *(.rel.fini)

.rela.fini
 *(.rela.fini)

.rel.rodata
 *(.rel.rodata)
 *(.rel.rodata.*)
 *(.rel.gnu.linkonce.r*)

.rela.rodata
 *(.rela.rodata)
 *(.rela.rodata.*)
 *(.rela.gnu.linkonce.r*)

.rel.data
 *(.rel.data)
 *(.rel.data.*)
 *(.rel.gnu.linkonce.d*)

.rela.data
 *(.rela.data)
 *(.rela.data.*)
 *(.rela.gnu.linkonce.d*)

.rel.ctors
 *(.rel.ctors)

.rela.ctors
 *(.rela.ctors)

.rel.dtors
 *(.rel.dtors)

.rela.dtors
 *(.rela.dtors)

.rel.got
 *(.rel.got)

.rela.got
 *(.rela.got)

.rel.bss
 *(.rel.bss)

.rela.bss
 *(.rela.bss)

.rel.plt
 *(.rel.plt)

.rela.plt
 *(.rela.plt)

.text           0x00000000     0x2650
 *(.vectors)
 .vectors       0x00000000       0x54 C:/Program Files (x86)/Atmel/Studio/7.0/Packs/atmel/ATmega_DFP/1.7.374/gcc/dev/atmega32a/avr5/crtatmega32a.o
                0x00000000                __vector_default
                0x00000000                __vectors
 *(.vectors)
 *(.progmem.gcc*)
 .progmem.gcc_sw_table.SIMCOM_StateMachine
                0x00000054        0xe aze/base/SIMCOM/src/SIMCOM_State.o
 .progmem.gcc_sw_table.MQTT_StateMachine
                0x00000062       0x10 aze/Cosmic_App/MQTT/src/MQTT.o
                0x00000072                . = ALIGN (0x2)
                0x00000072                __trampolines_start = .
 *(.trampolines)
 .trampolines   0x00000072        0x0 linker stubs
 *(.trampolines*)
                0x00000072                __trampolines_end = .
 *libprintf_flt.a:*(.progmem.data)
 *libc.a:*(.progmem.data)
 *(.progmem*)
                0x00000072                . = ALIGN (0x2)
 *(.jumptables)
 *(.jumptables*)
 *(.lowtext)
 *(.lowtext*)
                0x00000072                __ctors_start = .
 *(.ctors)
                0x00000072                __ctors_end = .
                0x00000072                __dtors_start = .
 *(.dtors)
                0x00000072                __dtors_end = .
 SORT(*)(.ctors)
 SORT(*)(.dtors)
 *(.init0)
 .init0         0x00000072        0x0 C:/Program Files (x86)/Atmel/Studio/7.0/Packs/atmel/ATmega_DFP/1.7.374/gcc/dev/atmega32a/avr5/crtatmega32a.o
                0x00000072                __init
 *(.init0)
 *(.init1)
 *(.init1)
 *(.init2)
 .init2         0x00000072        0xc C:/Program Files (x86)/Atmel/Studio/7.0/Packs/atmel/ATmega_DFP/1.7.374/gcc/dev/atmega32a/avr5/crtatmega32a.o
 *(.init2)
 *(.init3)
 *(.init3)
 *(.init4)
 .init4         0x0000007e       0x16 c:/program files (x86)/atmel/studio/7.0/toolchain/avr8/avr8-gnu-toolchain/bin/../lib/gcc/avr/5.4.0/avr5\libgcc.a(_copy_data.o)
                0x0000007e                __do_copy_data
 .init4         0x00000094       0x10 c:/program files (x86)/atmel/studio/7.0/toolchain/avr8/avr8-gnu-toolchain/bin/../lib/gcc/avr/5.4.0/avr5\libgcc.a(_clear_bss.o)
                0x00000094                __do_clear_bss
 *(.init4)
 *(.init5)
 *(.init5)
 *(.init6)
 *(.init6)
 *(.init7)
 *(.init7)
 *(.init8)
 *(.init8)
 *(.init9)
 .init9         0x000000a4        0x8 C:/Program Files (x86)/Atmel/Studio/7.0/Packs/atmel/ATmega_DFP/1.7.374/gcc/dev/atmega32a/avr5/crtatmega32a.o
 *(.init9)
 *(.text)
 .text          0x000000ac        0x4 C:/Program Files (x86)/Atmel/Studio/7.0/Packs/atmel/ATmega_DFP/1.7.374/gcc/dev/atmega32a/avr5/crtatmega32a.o
                0x000000ac                __vector_1
                0x000000ac                __vector_12
                0x000000ac                __bad_interrupt
                0x000000ac                __vector_6
                0x000000ac                __vector_3
                0x000000ac                __vector_11
                0x000000ac                __vector_17
                0x000000ac                __vector_19
                0x000000ac                __vector_7
                0x000000ac                __vector_5
                0x000000ac                __vector_4
                0x000000ac                __vector_2
                0x000000ac                __vector_15
                0x000000ac                __vector_8
                0x000000ac                __vector_14
                0x000000ac                __vector_10
                0x000000ac                __vector_16
                0x000000ac                __vector_18
                0x000000ac                __vector_20
                0x000000b0                . = ALIGN (0x2)
 *(.text.*)
 .text.TIM1_Init
                0x000000b0       0x16 aze/base/Atmega_Drivers/TIM1_Interupt.o
                0x000000b0                TIM1_Init
 .text.__vector_9
                0x000000c6       0x50 aze/base/Atmega_Drivers/TIM1_Interupt.o
                0x000000c6                __vector_9
 .text.UART_init
                0x00000116       0x18 aze/base/Atmega_Drivers/uart.o
                0x00000116                UART_init
 .text.SIM_Send_Data
                0x0000012e        0x8 aze/base/Atmega_Drivers/uart.o
                0x0000012e                SIM_Send_Data
 .text.__vector_13
                0x00000136       0x4a aze/base/Atmega_Drivers/uart.o
                0x00000136                __vector_13
 .text.Buffer_GetBuffer
                0x00000180       0x20 aze/base/Helpers/Buffer/src/Buffer.o
                0x00000180                Buffer_GetBuffer
 .text.Buffer_Create
                0x000001a0       0x3a aze/base/Helpers/Buffer/src/Buffer.o
                0x000001a0                Buffer_Create
 .text.Buffer_EnQueue
                0x000001da       0x5a aze/base/Helpers/Buffer/src/Buffer.o
                0x000001da                Buffer_EnQueue
 .text.Buffer_DeQueue
                0x00000234       0x6c aze/base/Helpers/Buffer/src/Buffer.o
                0x00000234                Buffer_DeQueue
 .text.Buffer_Length
                0x000002a0       0x1e aze/base/Helpers/Buffer/src/Buffer.o
                0x000002a0                Buffer_Length
 .text.StringHelper_GetPointerAfter
                0x000002be       0x56 aze/base/Helpers/String/src/StringHelper.o
                0x000002be                StringHelper_GetPointerAfter
 .text.StringHelper_SplitAndGet
                0x00000314       0xb4 aze/base/Helpers/String/src/StringHelper.o
                0x00000314                StringHelper_SplitAndGet
 .text.StringHelper_startsWith
                0x000003c8       0x60 aze/base/Helpers/String/src/StringHelper.o
                0x000003c8                StringHelper_startsWith
 .text.LCD_Job_Callback
                0x00000428       0x28 aze/base/LCD_16X2/LCD.o
                0x00000428                LCD_Job_Callback
 .text.lcd_data
                0x00000450       0x4a aze/base/LCD_16X2/LCD.o
                0x00000450                lcd_data
 .text.lcd_cmd  0x0000049a       0x54 aze/base/LCD_16X2/LCD.o
                0x0000049a                lcd_cmd
 .text.lcd_init
                0x000004ee       0x2c aze/base/LCD_16X2/LCD.o
 .text.Display_String
                0x0000051a        0xa aze/base/LCD_16X2/LCD.o
                0x0000051a                Display_String
 .text.LCD_command
                0x00000524        0xe aze/base/LCD_16X2/LCD.o
                0x00000524                LCD_command
 .text.DebugStringRow1
                0x00000532       0x18 aze/base/LCD_16X2/LCD.o
                0x00000532                DebugStringRow1
 .text.DebugStringRow2
                0x0000054a       0x18 aze/base/LCD_16X2/LCD.o
                0x0000054a                DebugStringRow2
 .text.LCD_Init
                0x00000562       0x18 aze/base/LCD_16X2/LCD.o
                0x00000562                LCD_Init
 .text.LCD_Mainfunction
                0x0000057a      0x24c aze/base/LCD_16X2/LCD.o
                0x0000057a                LCD_Mainfunction
 .text.LCD_CheckIfJobIsAlreadyScheduled
                0x000007c6       0x86 aze/base/LCD_16X2/LCD_Jobs.o
 .text.LCD_ScheduleJob
                0x0000084c       0x9a aze/base/LCD_16X2/LCD_Jobs.o
                0x0000084c                LCD_ScheduleJob
 .text.LCD_CompleteJob
                0x000008e6       0x60 aze/base/LCD_16X2/LCD_Jobs.o
                0x000008e6                LCD_CompleteJob
 .text.LCD_ClearJobs
                0x00000946       0x36 aze/base/LCD_16X2/LCD_Jobs.o
                0x00000946                LCD_ClearJobs
 .text.SIMCOM_ResetJob
                0x0000097c       0x24 aze/base/SIMCOM/src/SIMCOM.o
 .text.SIMCOM_UpdateCurrentJobResponse
                0x000009a0       0x6e aze/base/SIMCOM/src/SIMCOM.o
 .text.SIMCOM_Send_Command
                0x00000a0e       0x2a aze/base/SIMCOM/src/SIMCOM.o
 .text.SIMCOM_GetResponseWithoutHead_fromBuffer
                0x00000a38        0xc aze/base/SIMCOM/src/SIMCOM.o
 .text.SIMCOM_GetSeparated_String_fromBuffer
                0x00000a44       0x1c aze/base/SIMCOM/src/SIMCOM.o
 .text.SIMCOM_Init
                0x00000a60       0x24 aze/base/SIMCOM/src/SIMCOM.o
                0x00000a60                SIMCOM_Init
 .text.SIMCOM_Schedule_Job
                0x00000a84       0xa0 aze/base/SIMCOM/src/SIMCOM.o
                0x00000a84                SIMCOM_Schedule_Job
 .text.SIMCOM_Data_Read
                0x00000b24       0xa0 aze/base/SIMCOM/src/SIMCOM.o
                0x00000b24                SIMCOM_Data_Read
 .text.SIMCOM_GetCSV_Number_fromBuffer
                0x00000bc4       0x64 aze/base/SIMCOM/src/SIMCOM.o
                0x00000bc4                SIMCOM_GetCSV_Number_fromBuffer
 .text.SIMCOM_Callback
                0x00000c28      0x160 aze/base/SIMCOM/src/SIMCOM.o
 .text.SIMCOM_MainFunction
                0x00000d88      0x146 aze/base/SIMCOM/src/SIMCOM.o
                0x00000d88                SIMCOM_MainFunction
 .text.SIMCOM_StateMachine_Callback
                0x00000ece        0x6 aze/base/SIMCOM/src/SIMCOM_State.o
 .text.SIMCOM_StateMachine
                0x00000ed4      0x386 aze/base/SIMCOM/src/SIMCOM_State.o
                0x00000ed4                SIMCOM_StateMachine
 .text.PRC_SYS_INIT
                0x0000125a        0x6 aze/base/SysOS/src/SysOS.o
                0x0000125a                PRC_SYS_INIT
 .text.FUN_SYS_Evaluate_Tasks_x1
                0x00001260        0x6 aze/base/SysOS/src/SysOS.o
                0x00001260                FUN_SYS_Evaluate_Tasks_x1
 .text.FUN_SYS_Execute_Tasks
                0x00001266        0x6 aze/base/SysOS/src/SysOS.o
                0x00001266                FUN_SYS_Execute_Tasks
 .text.FUN_SYS_Timer_x1
                0x0000126c        0xa aze/base/SysOS/src/SysOS.o
                0x0000126c                FUN_SYS_Timer_x1
 .text.SysOs_Main
                0x00001276        0xe aze/base/SysOS/src/SysOS.o
                0x00001276                SysOs_Main
 .text.COSMIC_Generic_SIMCOM_Callback
                0x00001284       0x14 aze/Cosmic_App/CS_Iot.o
                0x00001284                COSMIC_Generic_SIMCOM_Callback
 .text.COSMIC_SIMCOM_Error_Callback
                0x00001298        0xe aze/Cosmic_App/CS_Iot.o
                0x00001298                COSMIC_SIMCOM_Error_Callback
 .text.Avr_Init
                0x000012a6        0xc aze/Cosmic_App/CS_Iot.o
                0x000012a6                Avr_Init
 .text.Avr_Main_x10
                0x000012b2        0x2 aze/Cosmic_App/CS_Iot.o
                0x000012b2                Avr_Main_x10
 .text.MQTT_CALLBACK
                0x000012b4        0x6 aze/Cosmic_App/MQTT/src/MQTT.o
 .text.MQTT_StateMachine
                0x000012ba      0x39e aze/Cosmic_App/MQTT/src/MQTT.o
                0x000012ba                MQTT_StateMachine
 .text.MQTT_Publish_CallBack
                0x00001658        0x6 aze/Cosmic_App/MQTT/src/MQTT_Publish.o
 .text.MQTT_Publish_StateMachine
                0x0000165e      0x2c6 aze/Cosmic_App/MQTT/src/MQTT_Publish.o
                0x0000165e                MQTT_Publish_StateMachine
 .text.SIMCOM_SSL_Configration_Callback
                0x00001924        0x6 aze/Cosmic_App/MQTT/src/MQTT_SSL.o
 .text.SIMCOM_SSL_CONFIG_MainFunction
                0x0000192a      0x2cc aze/Cosmic_App/MQTT/src/MQTT_SSL.o
                0x0000192a                SIMCOM_SSL_CONFIG_MainFunction
 .text.UpdatePublishdata
                0x00001bf6       0x30 aze/Cosmic_App/MQTT_Apllication.o
                0x00001bf6                UpdatePublishdata
 .text.MQTT_StringSeperate
                0x00001c26       0xd0 aze/Cosmic_App/MQTT_Apllication.o
                0x00001c26                MQTT_StringSeperate
 .text.MQTT_AppMain
                0x00001cf6      0x15c aze/Cosmic_App/MQTT_Apllication.o
                0x00001cf6                MQTT_AppMain
 .text.PRC_SYSOS_TASK_INIT
                0x00001e52       0x16 aze/Gen/SysOs_Processes.o
                0x00001e52                PRC_SYSOS_TASK_INIT
 .text.PRC_SYSOS_TASK_X10
                0x00001e68        0x6 aze/Gen/SysOs_Processes.o
                0x00001e68                PRC_SYSOS_TASK_X10
 .text.PRC_SYSOS_TASK_X100
                0x00001e6e        0x6 aze/Gen/SysOs_Processes.o
                0x00001e6e                PRC_SYSOS_TASK_X100
 .text.PRC_SYSOS_TASK_X1
                0x00001e74        0x6 aze/Gen/SysOs_Processes.o
                0x00001e74                PRC_SYSOS_TASK_X1
 .text.FUN_SYS_Internal_Init
                0x00001e7a       0x10 aze/Gen/SysOs_Processes.o
                0x00001e7a                FUN_SYS_Internal_Init
 .text.FUN_SYS_Internal_Evaluate_Tasks_x1
                0x00001e8a       0xa2 aze/Gen/SysOs_Processes.o
                0x00001e8a                FUN_SYS_Internal_Evaluate_Tasks_x1
 .text.FUN_SYS_Internal_Execute_Tasks
                0x00001f2c       0x1a aze/Gen/SysOs_Processes.o
                0x00001f2c                FUN_SYS_Internal_Execute_Tasks
 .text.main     0x00001f46        0xa main.o
                0x00001f46                main
 .text.libgcc.div
                0x00001f50       0x44 c:/program files (x86)/atmel/studio/7.0/toolchain/avr8/avr8-gnu-toolchain/bin/../lib/gcc/avr/5.4.0/avr5\libgcc.a(_udivmodsi4.o)
                0x00001f50                __udivmodsi4
 .text.libgcc   0x00001f94        0xc c:/program files (x86)/atmel/studio/7.0/toolchain/avr8/avr8-gnu-toolchain/bin/../lib/gcc/avr/5.4.0/avr5\libgcc.a(_tablejump2.o)
                0x00001f94                __tablejump2__
 .text.libgcc.mul
                0x00001fa0       0x1e c:/program files (x86)/atmel/studio/7.0/toolchain/avr8/avr8-gnu-toolchain/bin/../lib/gcc/avr/5.4.0/avr5\libgcc.a(_umulhisi3.o)
                0x00001fa0                __umulhisi3
 .text.avr-libc
                0x00001fbe       0x3c c:/program files (x86)/atmel/studio/7.0/toolchain/avr8/avr8-gnu-toolchain/bin/../lib/gcc/avr/5.4.0/../../../../avr/lib/avr5\libc.a(atoi.o)
                0x00001fbe                atoi
 .text.avr-libc
                0x00001ffa       0x1a c:/program files (x86)/atmel/studio/7.0/toolchain/avr8/avr8-gnu-toolchain/bin/../lib/gcc/avr/5.4.0/../../../../avr/lib/avr5\libc.a(memcmp.o)
                0x00001ffa                memcmp
 .text.avr-libc
                0x00002014       0x12 c:/program files (x86)/atmel/studio/7.0/toolchain/avr8/avr8-gnu-toolchain/bin/../lib/gcc/avr/5.4.0/../../../../avr/lib/avr5\libc.a(strcmp.o)
                0x00002014                strcmp
 .text.avr-libc
                0x00002026        0xe c:/program files (x86)/atmel/studio/7.0/toolchain/avr8/avr8-gnu-toolchain/bin/../lib/gcc/avr/5.4.0/../../../../avr/lib/avr5\libc.a(strcpy.o)
                0x00002026                strcpy
 .text.avr-libc
                0x00002034       0x34 c:/program files (x86)/atmel/studio/7.0/toolchain/avr8/avr8-gnu-toolchain/bin/../lib/gcc/avr/5.4.0/../../../../avr/lib/avr5\libc.a(strstr.o)
                0x00002034                strstr
 .text.avr-libc
                0x00002068       0x10 c:/program files (x86)/atmel/studio/7.0/toolchain/avr8/avr8-gnu-toolchain/bin/../lib/gcc/avr/5.4.0/../../../../avr/lib/avr5\libc.a(mul10.o)
                0x00002068                __mulhi_const_10
 .text.avr-libc
                0x00002078       0x44 c:/program files (x86)/atmel/studio/7.0/toolchain/avr8/avr8-gnu-toolchain/bin/../lib/gcc/avr/5.4.0/../../../../avr/lib/avr5\libc.a(sprintf.o)
                0x00002078                sprintf
 .text.avr-libc
                0x000020bc      0x3c2 c:/program files (x86)/atmel/studio/7.0/toolchain/avr8/avr8-gnu-toolchain/bin/../lib/gcc/avr/5.4.0/../../../../avr/lib/avr5\libc.a(vfprintf_std.o)
                0x000020bc                vfprintf
 .text.avr-libc
                0x0000247e       0x16 c:/program files (x86)/atmel/studio/7.0/toolchain/avr8/avr8-gnu-toolchain/bin/../lib/gcc/avr/5.4.0/../../../../avr/lib/avr5\libc.a(strnlen_P.o)
                0x0000247e                strnlen_P
 .text.avr-libc
                0x00002494       0x16 c:/program files (x86)/atmel/studio/7.0/toolchain/avr8/avr8-gnu-toolchain/bin/../lib/gcc/avr/5.4.0/../../../../avr/lib/avr5\libc.a(strnlen.o)
                0x00002494                strnlen
 .text.avr-libc
                0x000024aa       0x78 c:/program files (x86)/atmel/studio/7.0/toolchain/avr8/avr8-gnu-toolchain/bin/../lib/gcc/avr/5.4.0/../../../../avr/lib/avr5\libc.a(fputc.o)
                0x000024aa                fputc
 .text.avr-libc
                0x00002522       0xbc c:/program files (x86)/atmel/studio/7.0/toolchain/avr8/avr8-gnu-toolchain/bin/../lib/gcc/avr/5.4.0/../../../../avr/lib/avr5\libc.a(ultoa_invert.o)
                0x00002522                __ultoa_invert
 .text.libgcc.prologue
                0x000025de       0x38 c:/program files (x86)/atmel/studio/7.0/toolchain/avr8/avr8-gnu-toolchain/bin/../lib/gcc/avr/5.4.0/avr5\libgcc.a(_prologue.o)
                0x000025de                __prologue_saves__
 .text.libgcc.prologue
                0x00002616       0x36 c:/program files (x86)/atmel/studio/7.0/toolchain/avr8/avr8-gnu-toolchain/bin/../lib/gcc/avr/5.4.0/avr5\libgcc.a(_epilogue.o)
                0x00002616                __epilogue_restores__
                0x0000264c                . = ALIGN (0x2)
 *(.fini9)
 .fini9         0x0000264c        0x0 c:/program files (x86)/atmel/studio/7.0/toolchain/avr8/avr8-gnu-toolchain/bin/../lib/gcc/avr/5.4.0/avr5\libgcc.a(_exit.o)
                0x0000264c                _exit
                0x0000264c                exit
 *(.fini9)
 *(.fini8)
 *(.fini8)
 *(.fini7)
 *(.fini7)
 *(.fini6)
 *(.fini6)
 *(.fini5)
 *(.fini5)
 *(.fini4)
 *(.fini4)
 *(.fini3)
 *(.fini3)
 *(.fini2)
 *(.fini2)
 *(.fini1)
 *(.fini1)
 *(.fini0)
 .fini0         0x0000264c        0x4 c:/program files (x86)/atmel/studio/7.0/toolchain/avr8/avr8-gnu-toolchain/bin/../lib/gcc/avr/5.4.0/avr5\libgcc.a(_exit.o)
 *(.fini0)
                0x00002650                _etext = .

.data           0x00800060      0x2da load address 0x00002650
                0x00800060                PROVIDE (__data_start, .)
 *(.data)
 *(.data*)
 .data.SIMCOM_Aliveness_Counter
                0x00800060        0x4 aze/base/SIMCOM/src/SIMCOM.o
 .data.SIMCOM_IncompleteCounter
                0x00800064        0x4 aze/base/SIMCOM/src/SIMCOM.o
 .data.SIMCOM_SM_Retry_Count
                0x00800068        0x1 aze/base/SIMCOM/src/SIMCOM_State.o
 .data.MQTTConnectWaittime
                0x00800069        0x1 aze/Cosmic_App/MQTT/src/MQTT.o
                0x00800069                MQTTConnectWaittime
 .data.MQTT_Retry_Count
                0x0080006a        0x1 aze/Cosmic_App/MQTT/src/MQTT.o
 .data.MQTT_Publish_Retry_Count
                0x0080006b        0x1 aze/Cosmic_App/MQTT/src/MQTT_Publish.o
 .data.SIMCOM_SSL_Config_Retry_Count
                0x0080006c        0x1 aze/Cosmic_App/MQTT/src/MQTT_SSL.o
 .data.C_MQTT_SSL_Config_State
                0x0080006d        0x1 aze/Cosmic_App/MQTT/src/MQTT_SSL.o
                0x0080006d                C_MQTT_SSL_Config_State
 *(.gnu.linkonce.d*)
 *(.rodata)
 *(.rodata*)
 .rodata.str1.1
                0x0080006e        0x5 aze/base/LCD_16X2/LCD.o
 .rodata.str1.1
                0x00800073       0x34 aze/base/SIMCOM/src/SIMCOM.o
                                 0x35 (size before relaxing)
 .rodata.str1.1
                0x008000a7       0x7b aze/base/SIMCOM/src/SIMCOM_State.o
                                 0x81 (size before relaxing)
 .rodata.str1.1
                0x00800122       0x12 aze/Cosmic_App/CS_Iot.o
 .rodata.str1.1
                0x00800134       0xe5 aze/Cosmic_App/MQTT/src/MQTT.o
                                 0xe8 (size before relaxing)
 .rodata.str1.1
                0x00800219       0x4c aze/Cosmic_App/MQTT/src/MQTT_Publish.o
                                 0x51 (size before relaxing)
 .rodata.str1.1
                0x00800265       0xad aze/Cosmic_App/MQTT/src/MQTT_SSL.o
                                 0xb0 (size before relaxing)
 .rodata.str1.1
                0x00800312       0x27 aze/Cosmic_App/MQTT_Apllication.o
                                 0x31 (size before relaxing)
 *(.gnu.linkonce.r*)
                0x0080033a                . = ALIGN (0x2)
 *fill*         0x00800339        0x1 
                0x0080033a                _edata = .
                0x0080033a                PROVIDE (__data_end, .)

.bss            0x0080033a      0x298
                0x0080033a                PROVIDE (__bss_start, .)
 *(.bss)
 *(.bss*)
 .bss.LCD_State
                0x0080033a        0x1 aze/base/LCD_16X2/LCD.o
                0x0080033a                LCD_State
 .bss.g_LCDJobs_TailIndex
                0x0080033b        0x1 aze/base/LCD_16X2/LCD_Jobs.o
                0x0080033b                g_LCDJobs_TailIndex
 .bss.g_LCDJobs_HeadIndex
                0x0080033c        0x1 aze/base/LCD_16X2/LCD_Jobs.o
                0x0080033c                g_LCDJobs_HeadIndex
 .bss.g_LCDJobs_Length
                0x0080033d        0x1 aze/base/LCD_16X2/LCD_Jobs.o
                0x0080033d                g_LCDJobs_Length
 .bss.prevData.2563
                0x0080033e        0x1 aze/base/SIMCOM/src/SIMCOM.o
 .bss.PublishStatus
                0x0080033f        0x1 aze/base/SIMCOM/src/SIMCOM.o
                0x0080033f                PublishStatus
 .bss.SIMCOM_ReceptionIgnoreCommandCount
                0x00800340        0x1 aze/base/SIMCOM/src/SIMCOM.o
                0x00800340                SIMCOM_ReceptionIgnoreCommandCount
 .bss.SIMCOM_ResponseLength
                0x00800341        0x1 aze/base/SIMCOM/src/SIMCOM.o
                0x00800341                SIMCOM_ResponseLength
 .bss.SIMCOM_ComState
                0x00800342        0x1 aze/base/SIMCOM/src/SIMCOM.o
                0x00800342                SIMCOM_ComState
 .bss.SIMCOM_Job_Result
                0x00800343        0x1 aze/base/SIMCOM/src/SIMCOM_State.o
 .bss.SIMCOM_State
                0x00800344        0x1 aze/base/SIMCOM/src/SIMCOM_State.o
                0x00800344                SIMCOM_State
 .bss.g_Fatal_Error_B
                0x00800345        0x1 aze/base/SysOS/src/SysOS.o
                0x00800345                g_Fatal_Error_B
 .bss.SIMCOM_Job_Result
                0x00800346        0x1 aze/Cosmic_App/MQTT/src/MQTT.o
 .bss.MQTT_State
                0x00800347        0x1 aze/Cosmic_App/MQTT/src/MQTT.o
                0x00800347                MQTT_State
 .bss.SIMCOM_Job_Result
                0x00800348        0x1 aze/Cosmic_App/MQTT/src/MQTT_Publish.o
 .bss.Publish_State
                0x00800349        0x1 aze/Cosmic_App/MQTT/src/MQTT_Publish.o
                0x00800349                Publish_State
 .bss.SIMCOM_Job_Result
                0x0080034a        0x1 aze/Cosmic_App/MQTT/src/MQTT_SSL.o
 .bss.arr.2508  0x0080034b        0x5 aze/Cosmic_App/MQTT_Apllication.o
 .bss.IsSubscribeMsgRecieved
                0x00800350        0x1 aze/Cosmic_App/MQTT_Apllication.o
                0x00800350                IsSubscribeMsgRecieved
 .bss.MQTTApp_State
                0x00800351        0x1 aze/Cosmic_App/MQTT_Apllication.o
                0x00800351                MQTTApp_State
 *(COMMON)
 COMMON         0x00800352        0x6 aze/base/Helpers/Buffer/src/Buffer.o
                0x00800352                Buffers
 COMMON         0x00800358      0x10b aze/base/Helpers/String/src/StringHelper.o
                0x00800358                StringHelper_Buffer
                0x00800457                StringHelper_NumberString_Buffer
 COMMON         0x00800463       0x64 aze/base/LCD_16X2/LCD_Jobs.o
                0x00800463                LCDJobs
 COMMON         0x008004c7       0x6d aze/base/SIMCOM/src/SIMCOM.o
                0x008004c7                SIMCOM_ResponseBuffer
                0x0080052b                SIMCOM_CurrentJob
 COMMON         0x00800534       0x19 aze/Cosmic_App/MQTT/src/MQTT_Publish.o
                0x00800534                PublishPayload
 COMMON         0x0080054d       0x1e aze/Cosmic_App/MQTT_Apllication.o
                0x0080054d                SubscribeDataBuff
 COMMON         0x0080056b       0x64 aze/Gen/Buffer_Config.o
                0x0080056b                BufferArray_SIMCOM
 COMMON         0x008005cf        0x3 aze/Gen/SysOs_Processes.o
                0x008005cf                g_SysOS_Counter
                0x008005d1                SysOS_Ctrl
                0x008005d2                PROVIDE (__bss_end, .)
                0x00002650                __data_load_start = LOADADDR (.data)
                0x0000292a                __data_load_end = (__data_load_start + SIZEOF (.data))

.noinit         0x008005d2        0x0
                [!provide]                PROVIDE (__noinit_start, .)
 *(.noinit*)
                [!provide]                PROVIDE (__noinit_end, .)
                0x008005d2                _end = .
                [!provide]                PROVIDE (__heap_start, .)

.eeprom         0x00810000        0x0
 *(.eeprom*)
                0x00810000                __eeprom_end = .

.fuse
 *(.fuse)
 *(.lfuse)
 *(.hfuse)
 *(.efuse)

.lock
 *(.lock*)

.signature
 *(.signature*)

.user_signatures
 *(.user_signatures*)

.stab
 *(.stab)

.stabstr
 *(.stabstr)

.stab.excl
 *(.stab.excl)

.stab.exclstr
 *(.stab.exclstr)

.stab.index
 *(.stab.index)

.stab.indexstr
 *(.stab.indexstr)

.comment        0x00000000       0x5c
 *(.comment)
 .comment       0x00000000       0x30 aze/base/Atmega_Drivers/TIM1_Interupt.o
                                 0x31 (size before relaxing)
 .comment       0x00000030       0x31 aze/base/Atmega_Drivers/uart.o
 .comment       0x00000030       0x31 aze/base/Helpers/Buffer/src/Buffer.o
 .comment       0x00000030       0x31 aze/base/Helpers/String/src/StringHelper.o
 .comment       0x00000030       0x31 aze/base/LCD_16X2/LCD.o
 .comment       0x00000030       0x31 aze/base/LCD_16X2/LCD_Jobs.o
 .comment       0x00000030       0x31 aze/base/SIMCOM/src/SIMCOM.o
 .comment       0x00000030       0x31 aze/base/SIMCOM/src/SIMCOM_State.o
 .comment       0x00000030       0x31 aze/base/SysOS/src/SysOS.o
 .comment       0x00000030       0x31 aze/Cosmic_App/CS_Iot.o
 .comment       0x00000030       0x31 aze/Cosmic_App/MQTT/src/MQTT.o
 .comment       0x00000030       0x31 aze/Cosmic_App/MQTT/src/MQTT_Publish.o
 .comment       0x00000030       0x31 aze/Cosmic_App/MQTT/src/MQTT_SSL.o
 .comment       0x00000030       0x31 aze/Cosmic_App/MQTT_Apllication.o
 .comment       0x00000030       0x31 aze/Gen/Buffer_Config.o
 .comment       0x00000030       0x31 aze/Gen/SysOs_Processes.o
 .comment       0x00000030       0x31 main.o
 .comment       0x00000030       0x31 c:/program files (x86)/atmel/studio/7.0/toolchain/avr8/avr8-gnu-toolchain/bin/../lib/gcc/avr/5.4.0/../../../../avr/lib/avr5\libc.a(sprintf.o)
 .comment       0x00000030       0x2c c:/program files (x86)/atmel/studio/7.0/toolchain/avr8/avr8-gnu-toolchain/bin/../lib/gcc/avr/5.4.0/../../../../avr/lib/avr5\libc.a(vfprintf_std.o)
                                 0x2d (size before relaxing)
 .comment       0x0000005c       0x31 c:/program files (x86)/atmel/studio/7.0/toolchain/avr8/avr8-gnu-toolchain/bin/../lib/gcc/avr/5.4.0/../../../../avr/lib/avr5\libc.a(fputc.o)

.note.gnu.avr.deviceinfo
                0x00000000       0x3c
 .note.gnu.avr.deviceinfo
                0x00000000       0x3c C:/Program Files (x86)/Atmel/Studio/7.0/Packs/atmel/ATmega_DFP/1.7.374/gcc/dev/atmega32a/avr5/crtatmega32a.o

.note.gnu.build-id
 *(.note.gnu.build-id)

.debug
 *(.debug)

.line
 *(.line)

.debug_srcinfo
 *(.debug_srcinfo)

.debug_sfnames
 *(.debug_sfnames)

.debug_aranges  0x00000000      0x3e0
 *(.debug_aranges)
 .debug_aranges
                0x00000000       0x28 aze/base/Atmega_Drivers/TIM1_Interupt.o
 .debug_aranges
                0x00000028       0x38 aze/base/Atmega_Drivers/uart.o
 .debug_aranges
                0x00000060       0x48 aze/base/Helpers/Buffer/src/Buffer.o
 .debug_aranges
                0x000000a8       0x48 aze/base/Helpers/String/src/StringHelper.o
 .debug_aranges
                0x000000f0       0x68 aze/base/LCD_16X2/LCD.o
 .debug_aranges
                0x00000158       0x38 aze/base/LCD_16X2/LCD_Jobs.o
 .debug_aranges
                0x00000190       0x80 aze/base/SIMCOM/src/SIMCOM.o
 .debug_aranges
                0x00000210       0x28 aze/base/SIMCOM/src/SIMCOM_State.o
 .debug_aranges
                0x00000238       0x40 aze/base/SysOS/src/SysOS.o
 .debug_aranges
                0x00000278       0x38 aze/Cosmic_App/CS_Iot.o
 .debug_aranges
                0x000002b0       0x28 aze/Cosmic_App/MQTT/src/MQTT.o
 .debug_aranges
                0x000002d8       0x28 aze/Cosmic_App/MQTT/src/MQTT_Publish.o
 .debug_aranges
                0x00000300       0x28 aze/Cosmic_App/MQTT/src/MQTT_SSL.o
 .debug_aranges
                0x00000328       0x30 aze/Cosmic_App/MQTT_Apllication.o
 .debug_aranges
                0x00000358       0x18 aze/Gen/Buffer_Config.o
 .debug_aranges
                0x00000370       0x50 aze/Gen/SysOs_Processes.o
 .debug_aranges
                0x000003c0       0x20 main.o

.debug_pubnames
 *(.debug_pubnames)

.debug_info     0x00000000     0x49b9
 *(.debug_info .gnu.linkonce.wi.*)
 .debug_info    0x00000000      0x4e6 C:/Program Files (x86)/Atmel/Studio/7.0/Packs/atmel/ATmega_DFP/1.7.374/gcc/dev/atmega32a/avr5/crtatmega32a.o
 .debug_info    0x000004e6       0xcd aze/base/Atmega_Drivers/TIM1_Interupt.o
 .debug_info    0x000005b3      0x16e aze/base/Atmega_Drivers/uart.o
 .debug_info    0x00000721      0x376 aze/base/Helpers/Buffer/src/Buffer.o
 .debug_info    0x00000a97      0x441 aze/base/Helpers/String/src/StringHelper.o
 .debug_info    0x00000ed8      0x5dc aze/base/LCD_16X2/LCD.o
 .debug_info    0x000014b4      0x2e0 aze/base/LCD_16X2/LCD_Jobs.o
 .debug_info    0x00001794      0xdca aze/base/SIMCOM/src/SIMCOM.o
 .debug_info    0x0000255e      0x6c9 aze/base/SIMCOM/src/SIMCOM_State.o
 .debug_info    0x00002c27      0x171 aze/base/SysOS/src/SysOS.o
 .debug_info    0x00002d98      0x232 aze/Cosmic_App/CS_Iot.o
 .debug_info    0x00002fca      0x64c aze/Cosmic_App/MQTT/src/MQTT.o
 .debug_info    0x00003616      0x537 aze/Cosmic_App/MQTT/src/MQTT_Publish.o
 .debug_info    0x00003b4d      0x5a0 aze/Cosmic_App/MQTT/src/MQTT_SSL.o
 .debug_info    0x000040ed      0x4fd aze/Cosmic_App/MQTT_Apllication.o
 .debug_info    0x000045ea       0x98 aze/Gen/Buffer_Config.o
 .debug_info    0x00004682      0x292 aze/Gen/SysOs_Processes.o
 .debug_info    0x00004914       0xa5 main.o

.debug_abbrev   0x00000000     0x1a85
 *(.debug_abbrev)
 .debug_abbrev  0x00000000      0x4a3 C:/Program Files (x86)/Atmel/Studio/7.0/Packs/atmel/ATmega_DFP/1.7.374/gcc/dev/atmega32a/avr5/crtatmega32a.o
 .debug_abbrev  0x000004a3       0x88 aze/base/Atmega_Drivers/TIM1_Interupt.o
 .debug_abbrev  0x0000052b      0x106 aze/base/Atmega_Drivers/uart.o
 .debug_abbrev  0x00000631      0x108 aze/base/Helpers/Buffer/src/Buffer.o
 .debug_abbrev  0x00000739      0x18e aze/base/Helpers/String/src/StringHelper.o
 .debug_abbrev  0x000008c7      0x1f2 aze/base/LCD_16X2/LCD.o
 .debug_abbrev  0x00000ab9      0x1ad aze/base/LCD_16X2/LCD_Jobs.o
 .debug_abbrev  0x00000c66      0x345 aze/base/SIMCOM/src/SIMCOM.o
 .debug_abbrev  0x00000fab      0x195 aze/base/SIMCOM/src/SIMCOM_State.o
 .debug_abbrev  0x00001140       0x81 aze/base/SysOS/src/SysOS.o
 .debug_abbrev  0x000011c1      0x105 aze/Cosmic_App/CS_Iot.o
 .debug_abbrev  0x000012c6      0x183 aze/Cosmic_App/MQTT/src/MQTT.o
 .debug_abbrev  0x00001449      0x188 aze/Cosmic_App/MQTT/src/MQTT_Publish.o
 .debug_abbrev  0x000015d1      0x194 aze/Cosmic_App/MQTT/src/MQTT_SSL.o
 .debug_abbrev  0x00001765      0x1a8 aze/Cosmic_App/MQTT_Apllication.o
 .debug_abbrev  0x0000190d       0x56 aze/Gen/Buffer_Config.o
 .debug_abbrev  0x00001963       0xbd aze/Gen/SysOs_Processes.o
 .debug_abbrev  0x00001a20       0x65 main.o

.debug_line     0x00000000     0x3276
 *(.debug_line .debug_line.* .debug_line_end)
 .debug_line    0x00000000      0x116 C:/Program Files (x86)/Atmel/Studio/7.0/Packs/atmel/ATmega_DFP/1.7.374/gcc/dev/atmega32a/avr5/crtatmega32a.o
 .debug_line    0x00000116      0x113 aze/base/Atmega_Drivers/TIM1_Interupt.o
 .debug_line    0x00000229      0x1da aze/base/Atmega_Drivers/uart.o
 .debug_line    0x00000403      0x2c2 aze/base/Helpers/Buffer/src/Buffer.o
 .debug_line    0x000006c5      0x356 aze/base/Helpers/String/src/StringHelper.o
 .debug_line    0x00000a1b      0x434 aze/base/LCD_16X2/LCD.o
 .debug_line    0x00000e4f      0x21a aze/base/LCD_16X2/LCD_Jobs.o
 .debug_line    0x00001069      0x728 aze/base/SIMCOM/src/SIMCOM.o
 .debug_line    0x00001791      0x496 aze/base/SIMCOM/src/SIMCOM_State.o
 .debug_line    0x00001c27      0x10b aze/base/SysOS/src/SysOS.o
 .debug_line    0x00001d32      0x1da aze/Cosmic_App/CS_Iot.o
 .debug_line    0x00001f0c      0x53f aze/Cosmic_App/MQTT/src/MQTT.o
 .debug_line    0x0000244b      0x419 aze/Cosmic_App/MQTT/src/MQTT_Publish.o
 .debug_line    0x00002864      0x44a aze/Cosmic_App/MQTT/src/MQTT_SSL.o
 .debug_line    0x00002cae      0x393 aze/Cosmic_App/MQTT_Apllication.o
 .debug_line    0x00003041       0x62 aze/Gen/Buffer_Config.o
 .debug_line    0x000030a3      0x16d aze/Gen/SysOs_Processes.o
 .debug_line    0x00003210       0x66 main.o

.debug_frame    0x00000000      0x838
 *(.debug_frame)
 .debug_frame   0x00000000       0x7c aze/base/Atmega_Drivers/TIM1_Interupt.o
 .debug_frame   0x0000007c       0x9c aze/base/Atmega_Drivers/uart.o
 .debug_frame   0x00000118       0x98 aze/base/Helpers/Buffer/src/Buffer.o
 .debug_frame   0x000001b0       0xdc aze/base/Helpers/String/src/StringHelper.o
 .debug_frame   0x0000028c       0xd4 aze/base/LCD_16X2/LCD.o
 .debug_frame   0x00000360       0x70 aze/base/LCD_16X2/LCD_Jobs.o
 .debug_frame   0x000003d0      0x158 aze/base/SIMCOM/src/SIMCOM.o
 .debug_frame   0x00000528       0x40 aze/base/SIMCOM/src/SIMCOM_State.o
 .debug_frame   0x00000568       0x64 aze/base/SysOS/src/SysOS.o
 .debug_frame   0x000005cc       0x54 aze/Cosmic_App/CS_Iot.o
 .debug_frame   0x00000620       0x3c aze/Cosmic_App/MQTT/src/MQTT.o
 .debug_frame   0x0000065c       0x54 aze/Cosmic_App/MQTT/src/MQTT_Publish.o
 .debug_frame   0x000006b0       0x3c aze/Cosmic_App/MQTT/src/MQTT_SSL.o
 .debug_frame   0x000006ec       0xa4 aze/Cosmic_App/MQTT_Apllication.o
 .debug_frame   0x00000790       0x84 aze/Gen/SysOs_Processes.o
 .debug_frame   0x00000814       0x24 main.o

.debug_str      0x00000000     0x18f1
 *(.debug_str)
 .debug_str     0x00000000      0x196 C:/Program Files (x86)/Atmel/Studio/7.0/Packs/atmel/ATmega_DFP/1.7.374/gcc/dev/atmega32a/avr5/crtatmega32a.o
 .debug_str     0x00000196      0x178 aze/base/Atmega_Drivers/TIM1_Interupt.o
                                0x1ac (size before relaxing)
 .debug_str     0x0000030e       0xb6 aze/base/Atmega_Drivers/uart.o
                                0x212 (size before relaxing)
 .debug_str     0x000003c4       0xc4 aze/base/Helpers/Buffer/src/Buffer.o
                                0x25a (size before relaxing)
 .debug_str     0x00000488      0x188 aze/base/Helpers/String/src/StringHelper.o
                                0x307 (size before relaxing)
 .debug_str     0x00000610      0x258 aze/base/LCD_16X2/LCD.o
                                0x3ee (size before relaxing)
 .debug_str     0x00000868       0x83 aze/base/LCD_16X2/LCD_Jobs.o
                                0x311 (size before relaxing)
 .debug_str     0x000008eb      0x996 aze/base/SIMCOM/src/SIMCOM.o
                                0xc67 (size before relaxing)
 .debug_str     0x00001281      0x115 aze/base/SIMCOM/src/SIMCOM_State.o
                                0x650 (size before relaxing)
 .debug_str     0x00001396       0xce aze/base/SysOS/src/SysOS.o
                                0x22e (size before relaxing)
 .debug_str     0x00001464       0x31 aze/Cosmic_App/CS_Iot.o
                                0x438 (size before relaxing)
 .debug_str     0x00001495      0x1c8 aze/Cosmic_App/MQTT/src/MQTT.o
                                0x5b7 (size before relaxing)
 .debug_str     0x0000165d       0xa3 aze/Cosmic_App/MQTT/src/MQTT_Publish.o
                                0x566 (size before relaxing)
 .debug_str     0x00001700       0x95 aze/Cosmic_App/MQTT/src/MQTT_SSL.o
                                0x706 (size before relaxing)
 .debug_str     0x00001795       0x7c aze/Cosmic_App/MQTT_Apllication.o
                                0x534 (size before relaxing)
 .debug_str     0x00001811       0x1b aze/Gen/Buffer_Config.o
                                0x187 (size before relaxing)
 .debug_str     0x0000182c       0xb4 aze/Gen/SysOs_Processes.o
                                0x2ce (size before relaxing)
 .debug_str     0x000018e0       0x11 main.o
                                0x166 (size before relaxing)

.debug_loc      0x00000000     0x2207
 *(.debug_loc)
 .debug_loc     0x00000000       0xcb aze/base/Atmega_Drivers/TIM1_Interupt.o
 .debug_loc     0x000000cb       0xde aze/base/Atmega_Drivers/uart.o
 .debug_loc     0x000001a9      0x4b2 aze/base/Helpers/Buffer/src/Buffer.o
 .debug_loc     0x0000065b      0x68b aze/base/Helpers/String/src/StringHelper.o
 .debug_loc     0x00000ce6      0x230 aze/base/LCD_16X2/LCD.o
 .debug_loc     0x00000f16      0x217 aze/base/LCD_16X2/LCD_Jobs.o
 .debug_loc     0x0000112d      0x738 aze/base/SIMCOM/src/SIMCOM.o
 .debug_loc     0x00001865      0x25d aze/base/SIMCOM/src/SIMCOM_State.o
 .debug_loc     0x00001ac2       0x42 aze/Cosmic_App/CS_Iot.o
 .debug_loc     0x00001b04      0x1b0 aze/Cosmic_App/MQTT/src/MQTT.o
 .debug_loc     0x00001cb4       0xf0 aze/Cosmic_App/MQTT/src/MQTT_Publish.o
 .debug_loc     0x00001da4       0xcc aze/Cosmic_App/MQTT/src/MQTT_SSL.o
 .debug_loc     0x00001e70      0x397 aze/Cosmic_App/MQTT_Apllication.o

.debug_macinfo
 *(.debug_macinfo)

.debug_weaknames
 *(.debug_weaknames)

.debug_funcnames
 *(.debug_funcnames)

.debug_typenames
 *(.debug_typenames)

.debug_varnames
 *(.debug_varnames)

.debug_pubtypes
 *(.debug_pubtypes)

.debug_ranges   0x00000000      0x408
 *(.debug_ranges)
 .debug_ranges  0x00000000       0x18 aze/base/Atmega_Drivers/TIM1_Interupt.o
 .debug_ranges  0x00000018       0x28 aze/base/Atmega_Drivers/uart.o
 .debug_ranges  0x00000040       0x50 aze/base/Helpers/Buffer/src/Buffer.o
 .debug_ranges  0x00000090       0x68 aze/base/Helpers/String/src/StringHelper.o
 .debug_ranges  0x000000f8       0x58 aze/base/LCD_16X2/LCD.o
 .debug_ranges  0x00000150       0x58 aze/base/LCD_16X2/LCD_Jobs.o
 .debug_ranges  0x000001a8       0x70 aze/base/SIMCOM/src/SIMCOM.o
 .debug_ranges  0x00000218       0xc8 aze/base/SIMCOM/src/SIMCOM_State.o
 .debug_ranges  0x000002e0       0x30 aze/base/SysOS/src/SysOS.o
 .debug_ranges  0x00000310       0x28 aze/Cosmic_App/CS_Iot.o
 .debug_ranges  0x00000338       0x30 aze/Cosmic_App/MQTT/src/MQTT.o
 .debug_ranges  0x00000368       0x18 aze/Cosmic_App/MQTT/src/MQTT_Publish.o
 .debug_ranges  0x00000380       0x18 aze/Cosmic_App/MQTT/src/MQTT_SSL.o
 .debug_ranges  0x00000398       0x20 aze/Cosmic_App/MQTT_Apllication.o
 .debug_ranges  0x000003b8       0x40 aze/Gen/SysOs_Processes.o
 .debug_ranges  0x000003f8       0x10 main.o

.debug_macro
 *(.debug_macro)
OUTPUT(COSMIC-IoT.elf elf32-avr)
LOAD linker stubs
